E0614 08:49:33.697124    2990 cuda_executor.cc:1526] Could not get kernel mode driver version: (INVALID_ARGUMENT: Version does not match the format X.Y.Z)
E0614 08:49:33.707787    2948 cuda_executor.cc:1526] Could not get kernel mode driver version: (INVALID_ARGUMENT: Version does not match the format X.Y.Z)
algo=ia2c (centralised_critic=False, use_ppo=False, use_rnn=True)
env=rware-tiny-4ag  parallel_envs=10 time_limit=500  updates=4000  (steps/update=5000)  seed=1
run-dir=runs/ia2c_tiny-4ag_seed1  chunk=100 updates/save  max_to_keep=5
live per-update log (return / deliveries / blocked% / idle% / entropy) follows; watch entropy — a fast drop toward 0 means exploration collapse:

  upd    0 | return    0.000 | deliv   0.00 | blocked  0.5% | idle 13.1% | ent 1.200
  upd    1 | return    0.000 | deliv   0.00 | blocked  0.6% | idle 13.4% | ent 1.207
  upd    2 | return    0.000 | deliv   0.00 | blocked  0.6% | idle 13.9% | ent 1.228
  upd    3 | return    0.000 | deliv   0.00 | blocked  0.8% | idle 16.2% | ent 1.281
  upd    4 | return    0.000 | deliv   0.00 | blocked  0.7% | idle 16.9% | ent 1.299
  upd    5 | return    0.000 | deliv   0.00 | blocked  0.7% | idle 17.5% | ent 1.336
  upd    6 | return    0.000 | deliv   0.00 | blocked  0.8% | idle 19.8% | ent 1.336
  upd    7 | return    0.000 | deliv   0.00 | blocked  0.7% | idle 18.3% | ent 1.321
  upd    8 | return    0.000 | deliv   0.00 | blocked  0.6% | idle 18.9% | ent 1.319
  upd    9 | return    0.000 | deliv   0.00 | blocked  0.7% | idle 18.7% | ent 1.333
  upd   10 | return    0.100 | deliv   0.10 | blocked  0.6% | idle 19.8% | ent 1.308
  upd   11 | return    0.000 | deliv   0.00 | blocked  0.6% | idle 20.8% | ent 1.354
  upd   12 | return    0.000 | deliv   0.00 | blocked  0.6% | idle 21.5% | ent 1.326
  upd   13 | return    0.000 | deliv   0.00 | blocked  0.8% | idle 23.5% | ent 1.361
  upd   14 | return    0.000 | deliv   0.00 | blocked  0.9% | idle 25.5% | ent 1.382
  upd   15 | return    0.000 | deliv   0.00 | blocked  1.0% | idle 25.5% | ent 1.408
  upd   16 | return    0.000 | deliv   0.00 | blocked  1.4% | idle 27.0% | ent 1.426
  upd   17 | return    0.000 | deliv   0.00 | blocked  1.0% | idle 27.8% | ent 1.433
  upd   18 | return    0.000 | deliv   0.00 | blocked  1.5% | idle 27.8% | ent 1.446
  upd   19 | return    0.000 | deliv   0.00 | blocked  1.3% | idle 28.2% | ent 1.466
  upd   20 | return    0.000 | deliv   0.00 | blocked  1.6% | idle 28.3% | ent 1.478
  upd   21 | return    0.000 | deliv   0.00 | blocked  2.0% | idle 29.5% | ent 1.487
  upd   22 | return    0.000 | deliv   0.00 | blocked  2.5% | idle 29.3% | ent 1.503
  upd   23 | return    0.000 | deliv   0.00 | blocked  2.3% | idle 28.4% | ent 1.519
  upd   24 | return    0.000 | deliv   0.00 | blocked  3.5% | idle 27.0% | ent 1.527
  upd   25 | return    0.000 | deliv   0.00 | blocked  3.4% | idle 26.0% | ent 1.531
  upd   26 | return    0.100 | deliv   0.10 | blocked  4.2% | idle 24.4% | ent 1.533
  upd   27 | return    0.100 | deliv   0.10 | blocked  4.9% | idle 24.9% | ent 1.538
  upd   28 | return    0.000 | deliv   0.00 | blocked  7.0% | idle 21.8% | ent 1.543
  upd   29 | return    0.000 | deliv   0.00 | blocked  7.7% | idle 21.5% | ent 1.532
  upd   30 | return    0.200 | deliv   0.20 | blocked  9.8% | idle 19.8% | ent 1.525
  upd   31 | return    0.200 | deliv   0.20 | blocked 11.7% | idle 18.4% | ent 1.495
  upd   32 | return    0.200 | deliv   0.20 | blocked 16.7% | idle 15.8% | ent 1.440
  upd   33 | return    0.200 | deliv   0.20 | blocked 21.8% | idle 13.7% | ent 1.367
  upd   34 | return    0.300 | deliv   0.30 | blocked 26.0% | idle 10.9% | ent 1.275
  upd   35 | return    0.200 | deliv   0.20 | blocked 30.5% | idle  9.3% | ent 1.186
  upd   36 | return    0.000 | deliv   0.00 | blocked 33.7% | idle  8.1% | ent 1.108
  upd   37 | return    0.200 | deliv   0.20 | blocked 38.0% | idle  6.8% | ent 1.036
  upd   38 | return    0.000 | deliv   0.00 | blocked 41.7% | idle  6.5% | ent 0.974
  upd   39 | return    0.100 | deliv   0.10 | blocked 41.1% | idle  6.2% | ent 0.983
  upd   40 | return    0.200 | deliv   0.20 | blocked 42.7% | idle  5.4% | ent 0.952
  upd   41 | return    0.300 | deliv   0.30 | blocked 44.6% | idle  4.9% | ent 0.902
  upd   42 | return    0.000 | deliv   0.00 | blocked 43.9% | idle  5.0% | ent 0.939
  upd   43 | return    0.000 | deliv   0.00 | blocked 44.6% | idle  4.2% | ent 0.905
  upd   44 | return    0.400 | deliv   0.40 | blocked 40.3% | idle  4.7% | ent 0.956
  upd   45 | return    0.200 | deliv   0.20 | blocked 43.4% | idle  3.6% | ent 0.891
  upd   46 | return    0.000 | deliv   0.00 | blocked 44.5% | idle  3.9% | ent 0.899
  upd   47 | return    0.200 | deliv   0.20 | blocked 42.9% | idle  3.6% | ent 0.927
  upd   48 | return    0.100 | deliv   0.10 | blocked 42.9% | idle  3.7% | ent 0.922
  upd   49 | return    0.400 | deliv   0.40 | blocked 40.5% | idle  3.1% | ent 0.935
  upd   50 | return    0.100 | deliv   0.10 | blocked 36.6% | idle  3.5% | ent 1.025
  upd   51 | return    0.100 | deliv   0.10 | blocked 35.5% | idle  3.2% | ent 1.045
  upd   52 | return    0.300 | deliv   0.30 | blocked 34.0% | idle  3.4% | ent 1.102
  upd   53 | return    0.400 | deliv   0.40 | blocked 30.9% | idle  3.6% | ent 1.148
  upd   54 | return    0.000 | deliv   0.00 | blocked 28.8% | idle  3.4% | ent 1.183
  upd   55 | return    0.100 | deliv   0.10 | blocked 27.0% | idle  3.4% | ent 1.182
  upd   56 | return    0.000 | deliv   0.00 | blocked 24.5% | idle  3.6% | ent 1.229
  upd   57 | return    0.100 | deliv   0.10 | blocked 23.6% | idle  3.7% | ent 1.260
  upd   58 | return    0.000 | deliv   0.00 | blocked 21.6% | idle  3.7% | ent 1.262
  upd   59 | return    0.200 | deliv   0.20 | blocked 20.5% | idle  3.3% | ent 1.266
  upd   60 | return    0.000 | deliv   0.00 | blocked 19.8% | idle  3.3% | ent 1.282
  upd   61 | return    0.000 | deliv   0.00 | blocked 20.1% | idle  4.0% | ent 1.318
  upd   62 | return    0.200 | deliv   0.20 | blocked 18.2% | idle  3.8% | ent 1.302
  upd   63 | return    0.000 | deliv   0.00 | blocked 19.7% | idle  3.6% | ent 1.300
  upd   64 | return    0.000 | deliv   0.00 | blocked 21.6% | idle  3.9% | ent 1.299
  upd   65 | return    0.000 | deliv   0.00 | blocked 22.2% | idle  4.2% | ent 1.304
  upd   66 | return    0.100 | deliv   0.10 | blocked 24.3% | idle  3.8% | ent 1.268
  upd   67 | return    0.100 | deliv   0.10 | blocked 24.4% | idle  4.1% | ent 1.280
  upd   68 | return    0.000 | deliv   0.00 | blocked 25.3% | idle  4.2% | ent 1.277
  upd   69 | return    0.000 | deliv   0.00 | blocked 23.9% | idle  4.1% | ent 1.290
  upd   70 | return    0.200 | deliv   0.20 | blocked 25.6% | idle  4.2% | ent 1.276
  upd   71 | return    0.000 | deliv   0.00 | blocked 26.6% | idle  4.2% | ent 1.268
  upd   72 | return    0.000 | deliv   0.00 | blocked 27.8% | idle  3.9% | ent 1.255
  upd   73 | return    0.000 | deliv   0.00 | blocked 28.3% | idle  4.2% | ent 1.242
  upd   74 | return    0.100 | deliv   0.10 | blocked 29.9% | idle  4.7% | ent 1.221
  upd   75 | return    0.000 | deliv   0.00 | blocked 31.5% | idle  4.1% | ent 1.218
  upd   76 | return    0.100 | deliv   0.10 | blocked 33.0% | idle  3.9% | ent 1.198
  upd   77 | return    0.000 | deliv   0.00 | blocked 35.3% | idle  3.7% | ent 1.174
  upd   78 | return    0.000 | deliv   0.00 | blocked 36.2% | idle  3.9% | ent 1.142
  upd   79 | return    0.000 | deliv   0.00 | blocked 38.8% | idle  3.7% | ent 1.129
  upd   80 | return    0.000 | deliv   0.00 | blocked 42.3% | idle  3.6% | ent 1.083
  upd   81 | return    0.100 | deliv   0.10 | blocked 41.3% | idle  3.7% | ent 1.066
  upd   82 | return    0.100 | deliv   0.10 | blocked 44.6% | idle  3.4% | ent 1.033
  upd   83 | return    0.100 | deliv   0.10 | blocked 43.7% | idle  3.2% | ent 1.006
  upd   84 | return    0.000 | deliv   0.00 | blocked 44.7% | idle  3.0% | ent 0.969
  upd   85 | return    0.100 | deliv   0.10 | blocked 45.4% | idle  3.0% | ent 0.967
  upd   86 | return    0.000 | deliv   0.00 | blocked 46.0% | idle  2.7% | ent 0.943
  upd   87 | return    0.000 | deliv   0.00 | blocked 46.4% | idle  2.8% | ent 0.922
  upd   88 | return    0.100 | deliv   0.10 | blocked 47.4% | idle  2.5% | ent 0.890
  upd   89 | return    0.000 | deliv   0.00 | blocked 45.8% | idle  2.3% | ent 0.891
  upd   90 | return    0.100 | deliv   0.10 | blocked 45.2% | idle  2.2% | ent 0.867
  upd   91 | return    0.100 | deliv   0.10 | blocked 47.1% | idle  2.2% | ent 0.862
  upd   92 | return    0.000 | deliv   0.00 | blocked 50.4% | idle  2.1% | ent 0.831
  upd   93 | return    0.000 | deliv   0.00 | blocked 47.3% | idle  2.2% | ent 0.832
  upd   94 | return    0.100 | deliv   0.10 | blocked 50.3% | idle  2.1% | ent 0.823
  upd   95 | return    0.000 | deliv   0.00 | blocked 48.7% | idle  1.9% | ent 0.802
  upd   96 | return    0.100 | deliv   0.10 | blocked 50.1% | idle  2.0% | ent 0.795
  upd   97 | return    0.100 | deliv   0.10 | blocked 51.7% | idle  1.9% | ent 0.773
  upd   98 | return    0.000 | deliv   0.00 | blocked 49.7% | idle  2.1% | ent 0.802
  upd   99 | return    0.100 | deliv   0.10 | blocked 50.4% | idle  2.0% | ent 0.796
  upd  100 | return    0.000 | deliv   0.00 | blocked 50.9% | idle  2.5% | ent 0.809
  upd  101 | return    0.100 | deliv   0.10 | blocked 49.8% | idle  2.5% | ent 0.798
  upd  102 | return    0.100 | deliv   0.10 | blocked 48.3% | idle  2.4% | ent 0.799
  upd  103 | return    0.000 | deliv   0.00 | blocked 48.3% | idle  2.2% | ent 0.803
  upd  104 | return    0.000 | deliv   0.00 | blocked 49.5% | idle  2.6% | ent 0.796
  upd  105 | return    0.000 | deliv   0.00 | blocked 48.1% | idle  2.9% | ent 0.810
  upd  106 | return    0.100 | deliv   0.10 | blocked 46.9% | idle  2.9% | ent 0.810
  upd  107 | return    0.000 | deliv   0.00 | blocked 45.0% | idle  2.7% | ent 0.822
  upd  108 | return    0.100 | deliv   0.10 | blocked 45.5% | idle  2.8% | ent 0.809
  upd  109 | return    0.000 | deliv   0.00 | blocked 48.7% | idle  2.9% | ent 0.812
  upd  110 | return    0.000 | deliv   0.00 | blocked 49.2% | idle  3.0% | ent 0.803
  upd  111 | return    0.000 | deliv   0.00 | blocked 49.2% | idle  3.0% | ent 0.805
  upd  112 | return    0.000 | deliv   0.00 | blocked 53.4% | idle  2.8% | ent 0.787
  upd  113 | return    0.000 | deliv   0.00 | blocked 54.3% | idle  2.9% | ent 0.784
  upd  114 | return    0.100 | deliv   0.10 | blocked 55.4% | idle  2.8% | ent 0.781
  upd  115 | return    0.000 | deliv   0.00 | blocked 53.5% | idle  2.8% | ent 0.795
  upd  116 | return    0.100 | deliv   0.10 | blocked 53.1% | idle  2.8% | ent 0.810
  upd  117 | return    0.000 | deliv   0.00 | blocked 55.2% | idle  2.6% | ent 0.772
  upd  118 | return    0.000 | deliv   0.00 | blocked 55.0% | idle  2.7% | ent 0.793
  upd  119 | return    0.000 | deliv   0.00 | blocked 57.7% | idle  2.8% | ent 0.768
  upd  120 | return    0.000 | deliv   0.00 | blocked 55.3% | idle  2.6% | ent 0.788
  upd  121 | return    0.000 | deliv   0.00 | blocked 54.6% | idle  2.8% | ent 0.781
  upd  122 | return    0.000 | deliv   0.00 | blocked 54.3% | idle  2.7% | ent 0.807
  upd  123 | return    0.100 | deliv   0.10 | blocked 55.7% | idle  3.0% | ent 0.789
  upd  124 | return    0.000 | deliv   0.00 | blocked 53.2% | idle  2.9% | ent 0.802
  upd  125 | return    0.100 | deliv   0.10 | blocked 55.6% | idle  2.8% | ent 0.790
  upd  126 | return    0.000 | deliv   0.00 | blocked 53.0% | idle  2.6% | ent 0.806
  upd  127 | return    0.000 | deliv   0.00 | blocked 53.8% | idle  2.9% | ent 0.794
  upd  128 | return    0.000 | deliv   0.00 | blocked 52.6% | idle  2.5% | ent 0.800
  upd  129 | return    0.000 | deliv   0.00 | blocked 51.5% | idle  2.7% | ent 0.813
  upd  130 | return    0.000 | deliv   0.00 | blocked 49.1% | idle  2.5% | ent 0.814
  upd  131 | return    0.000 | deliv   0.00 | blocked 49.8% | idle  2.4% | ent 0.806
  upd  132 | return    0.000 | deliv   0.00 | blocked 51.8% | idle  2.4% | ent 0.800
  upd  133 | return    0.000 | deliv   0.00 | blocked 49.7% | idle  2.4% | ent 0.807
  upd  134 | return    0.000 | deliv   0.00 | blocked 49.5% | idle  2.6% | ent 0.807
  upd  135 | return    0.000 | deliv   0.00 | blocked 51.2% | idle  2.4% | ent 0.801
  upd  136 | return    0.000 | deliv   0.00 | blocked 51.7% | idle  2.4% | ent 0.794
  upd  137 | return    0.000 | deliv   0.00 | blocked 48.6% | idle  2.3% | ent 0.801
  upd  138 | return    0.000 | deliv   0.00 | blocked 49.7% | idle  2.3% | ent 0.802
  upd  139 | return    0.000 | deliv   0.00 | blocked 49.9% | idle  2.6% | ent 0.811
  upd  140 | return    0.000 | deliv   0.00 | blocked 52.7% | idle  2.4% | ent 0.791
  upd  141 | return    0.000 | deliv   0.00 | blocked 50.2% | idle  2.1% | ent 0.799
  upd  142 | return    0.000 | deliv   0.00 | blocked 50.7% | idle  2.3% | ent 0.803
  upd  143 | return    0.000 | deliv   0.00 | blocked 51.9% | idle  2.0% | ent 0.787
  upd  144 | return    0.000 | deliv   0.00 | blocked 52.1% | idle  2.5% | ent 0.794
  upd  145 | return    0.000 | deliv   0.00 | blocked 49.1% | idle  2.2% | ent 0.799
  upd  146 | return    0.000 | deliv   0.00 | blocked 48.5% | idle  2.1% | ent 0.799
  upd  147 | return    0.100 | deliv   0.10 | blocked 48.4% | idle  2.1% | ent 0.795
  upd  148 | return    0.000 | deliv   0.00 | blocked 50.4% | idle  2.3% | ent 0.789
  upd  149 | return    0.000 | deliv   0.00 | blocked 50.1% | idle  2.2% | ent 0.793
  upd  150 | return    0.000 | deliv   0.00 | blocked 51.4% | idle  2.0% | ent 0.789
  upd  151 | return    0.000 | deliv   0.00 | blocked 49.4% | idle  2.1% | ent 0.788
  upd  152 | return    0.000 | deliv   0.00 | blocked 51.8% | idle  2.0% | ent 0.787
  upd  153 | return    0.000 | deliv   0.00 | blocked 51.8% | idle  1.9% | ent 0.786
  upd  154 | return    0.000 | deliv   0.00 | blocked 50.7% | idle  2.2% | ent 0.791
  upd  155 | return    0.000 | deliv   0.00 | blocked 52.4% | idle  1.8% | ent 0.778
  upd  156 | return    0.100 | deliv   0.10 | blocked 50.2% | idle  2.0% | ent 0.792
  upd  157 | return    0.000 | deliv   0.00 | blocked 56.2% | idle  2.1% | ent 0.766
  upd  158 | return    0.000 | deliv   0.00 | blocked 53.3% | idle  1.9% | ent 0.775
  upd  159 | return    0.100 | deliv   0.10 | blocked 52.2% | idle  1.8% | ent 0.781
  upd  160 | return    0.000 | deliv   0.00 | blocked 55.3% | idle  2.0% | ent 0.774
  upd  161 | return    0.000 | deliv   0.00 | blocked 52.7% | idle  1.9% | ent 0.779
  upd  162 | return    0.000 | deliv   0.00 | blocked 56.3% | idle  1.9% | ent 0.763
  upd  163 | return    0.000 | deliv   0.00 | blocked 55.1% | idle  1.7% | ent 0.772
  upd  164 | return    0.000 | deliv   0.00 | blocked 58.2% | idle  1.8% | ent 0.754
  upd  165 | return    0.000 | deliv   0.00 | blocked 57.4% | idle  1.8% | ent 0.757
  upd  166 | return    0.000 | deliv   0.00 | blocked 57.0% | idle  1.9% | ent 0.745
  upd  167 | return    0.000 | deliv   0.00 | blocked 57.2% | idle  1.8% | ent 0.755
  upd  168 | return    0.000 | deliv   0.00 | blocked 57.9% | idle  1.9% | ent 0.750
  upd  169 | return    0.000 | deliv   0.00 | blocked 56.4% | idle  1.7% | ent 0.749
  upd  170 | return    0.000 | deliv   0.00 | blocked 60.3% | idle  1.7% | ent 0.741
  upd  171 | return    0.100 | deliv   0.10 | blocked 57.7% | idle  1.9% | ent 0.748
  upd  172 | return    0.000 | deliv   0.00 | blocked 58.2% | idle  1.9% | ent 0.754
  upd  173 | return    0.000 | deliv   0.00 | blocked 58.6% | idle  1.7% | ent 0.742
  upd  174 | return    0.000 | deliv   0.00 | blocked 58.4% | idle  1.9% | ent 0.745
  upd  175 | return    0.000 | deliv   0.00 | blocked 59.9% | idle  1.8% | ent 0.736
  upd  176 | return    0.000 | deliv   0.00 | blocked 59.6% | idle  1.7% | ent 0.738
  upd  177 | return    0.000 | deliv   0.00 | blocked 60.0% | idle  1.8% | ent 0.738
  upd  178 | return    0.000 | deliv   0.00 | blocked 60.0% | idle  1.7% | ent 0.739
  upd  179 | return    0.000 | deliv   0.00 | blocked 60.3% | idle  1.8% | ent 0.729
  upd  180 | return    0.000 | deliv   0.00 | blocked 60.5% | idle  2.0% | ent 0.736
  upd  181 | return    0.000 | deliv   0.00 | blocked 58.7% | idle  1.8% | ent 0.740
  upd  182 | return    0.200 | deliv   0.20 | blocked 58.0% | idle  1.7% | ent 0.742
  upd  183 | return    0.000 | deliv   0.00 | blocked 56.0% | idle  2.2% | ent 0.772
  upd  184 | return    0.100 | deliv   0.10 | blocked 55.8% | idle  2.2% | ent 0.775
  upd  185 | return    0.000 | deliv   0.00 | blocked 56.9% | idle  2.0% | ent 0.761
  upd  186 | return    0.100 | deliv   0.10 | blocked 54.3% | idle  2.3% | ent 0.779
  upd  187 | return    0.100 | deliv   0.10 | blocked 53.0% | idle  2.0% | ent 0.776
  upd  188 | return    0.000 | deliv   0.00 | blocked 53.2% | idle  2.3% | ent 0.781
  upd  189 | return    0.000 | deliv   0.00 | blocked 52.5% | idle  2.0% | ent 0.783
  upd  190 | return    0.000 | deliv   0.00 | blocked 49.7% | idle  2.5% | ent 0.795
  upd  191 | return    0.000 | deliv   0.00 | blocked 50.3% | idle  1.9% | ent 0.782
  upd  192 | return    0.000 | deliv   0.00 | blocked 48.4% | idle  2.1% | ent 0.793
  upd  193 | return    0.000 | deliv   0.00 | blocked 47.5% | idle  2.0% | ent 0.786
  upd  194 | return    0.000 | deliv   0.00 | blocked 49.0% | idle  2.0% | ent 0.783
  upd  195 | return    0.000 | deliv   0.00 | blocked 46.0% | idle  2.2% | ent 0.787
  upd  196 | return    0.000 | deliv   0.00 | blocked 44.1% | idle  2.2% | ent 0.788
  upd  197 | return    0.100 | deliv   0.10 | blocked 42.5% | idle  2.0% | ent 0.784
  upd  198 | return    0.100 | deliv   0.10 | blocked 44.2% | idle  2.2% | ent 0.787
  upd  199 | return    0.000 | deliv   0.00 | blocked 46.9% | idle  2.0% | ent 0.780
  upd  200 | return    0.100 | deliv   0.10 | blocked 46.5% | idle  2.2% | ent 0.780
  upd  201 | return    0.000 | deliv   0.00 | blocked 46.6% | idle  2.3% | ent 0.788
  upd  202 | return    0.000 | deliv   0.00 | blocked 49.9% | idle  2.0% | ent 0.771
  upd  203 | return    0.100 | deliv   0.10 | blocked 49.9% | idle  2.0% | ent 0.772
  upd  204 | return    0.000 | deliv   0.00 | blocked 49.3% | idle  2.3% | ent 0.780
  upd  205 | return    0.000 | deliv   0.00 | blocked 52.4% | idle  1.9% | ent 0.764
  upd  206 | return    0.000 | deliv   0.00 | blocked 52.5% | idle  2.0% | ent 0.766
  upd  207 | return    0.000 | deliv   0.00 | blocked 52.5% | idle  2.0% | ent 0.762
  upd  208 | return    0.100 | deliv   0.10 | blocked 53.6% | idle  2.4% | ent 0.765
  upd  209 | return    0.000 | deliv   0.00 | blocked 53.8% | idle  2.5% | ent 0.772
  upd  210 | return    0.000 | deliv   0.00 | blocked 51.9% | idle  2.4% | ent 0.777
  upd  211 | return    0.000 | deliv   0.00 | blocked 54.5% | idle  2.3% | ent 0.761
  upd  212 | return    0.000 | deliv   0.00 | blocked 55.1% | idle  2.1% | ent 0.744
  upd  213 | return    0.000 | deliv   0.00 | blocked 53.4% | idle  2.4% | ent 0.763
  upd  214 | return    0.000 | deliv   0.00 | blocked 57.4% | idle  2.1% | ent 0.739
  upd  215 | return    0.000 | deliv   0.00 | blocked 53.5% | idle  2.5% | ent 0.772
  upd  216 | return    0.000 | deliv   0.00 | blocked 56.3% | idle  2.8% | ent 0.778
  upd  217 | return    0.000 | deliv   0.00 | blocked 57.7% | idle  2.5% | ent 0.747
  upd  218 | return    0.000 | deliv   0.00 | blocked 53.4% | idle  2.6% | ent 0.780
  upd  219 | return    0.000 | deliv   0.00 | blocked 55.1% | idle  2.6% | ent 0.772
  upd  220 | return    0.000 | deliv   0.00 | blocked 52.3% | idle  3.3% | ent 0.795
  upd  221 | return    0.000 | deliv   0.00 | blocked 55.8% | idle  2.8% | ent 0.788
  upd  222 | return    0.000 | deliv   0.00 | blocked 53.4% | idle  2.8% | ent 0.787
  upd  223 | return    0.000 | deliv   0.00 | blocked 53.9% | idle  3.2% | ent 0.791
  upd  224 | return    0.000 | deliv   0.00 | blocked 55.5% | idle  3.1% | ent 0.788
  upd  225 | return    0.100 | deliv   0.10 | blocked 52.1% | idle  3.4% | ent 0.798
  upd  226 | return    0.000 | deliv   0.00 | blocked 52.4% | idle  3.1% | ent 0.801
  upd  227 | return    0.000 | deliv   0.00 | blocked 55.4% | idle  3.2% | ent 0.785
  upd  228 | return    0.000 | deliv   0.00 | blocked 54.2% | idle  3.5% | ent 0.806
  upd  229 | return    0.000 | deliv   0.00 | blocked 52.0% | idle  3.4% | ent 0.803
  upd  230 | return    0.000 | deliv   0.00 | blocked 49.1% | idle  3.4% | ent 0.807
  upd  231 | return    0.000 | deliv   0.00 | blocked 49.5% | idle  3.4% | ent 0.817
  upd  232 | return    0.000 | deliv   0.00 | blocked 48.6% | idle  3.5% | ent 0.819
  upd  233 | return    0.000 | deliv   0.00 | blocked 47.5% | idle  3.4% | ent 0.824
  upd  234 | return    0.000 | deliv   0.00 | blocked 48.1% | idle  3.5% | ent 0.822
  upd  235 | return    0.000 | deliv   0.00 | blocked 45.4% | idle  3.9% | ent 0.827
  upd  236 | return    0.000 | deliv   0.00 | blocked 48.5% | idle  3.6% | ent 0.818
  upd  237 | return    0.000 | deliv   0.00 | blocked 47.7% | idle  3.9% | ent 0.830
  upd  238 | return    0.100 | deliv   0.10 | blocked 45.4% | idle  4.2% | ent 0.836
  upd  239 | return    0.000 | deliv   0.00 | blocked 44.0% | idle  4.2% | ent 0.835
  upd  240 | return    0.000 | deliv   0.00 | blocked 41.4% | idle  4.2% | ent 0.839
  upd  241 | return    0.000 | deliv   0.00 | blocked 39.7% | idle  4.4% | ent 0.838
  upd  242 | return    0.000 | deliv   0.00 | blocked 40.8% | idle  4.8% | ent 0.853
  upd  243 | return    0.100 | deliv   0.10 | blocked 37.9% | idle  5.1% | ent 0.850
  upd  244 | return    0.000 | deliv   0.00 | blocked 38.7% | idle  4.8% | ent 0.853
  upd  245 | return    0.000 | deliv   0.00 | blocked 39.2% | idle  5.5% | ent 0.864
  upd  246 | return    0.000 | deliv   0.00 | blocked 37.4% | idle  5.5% | ent 0.864
  upd  247 | return    0.000 | deliv   0.00 | blocked 37.6% | idle  5.3% | ent 0.860
  upd  248 | return    0.100 | deliv   0.10 | blocked 39.1% | idle  5.6% | ent 0.862
  upd  249 | return    0.000 | deliv   0.00 | blocked 41.4% | idle  5.4% | ent 0.863
  upd  250 | return    0.000 | deliv   0.00 | blocked 40.6% | idle  5.5% | ent 0.869
  upd  251 | return    0.000 | deliv   0.00 | blocked 41.3% | idle  6.1% | ent 0.883
  upd  252 | return    0.000 | deliv   0.00 | blocked 41.6% | idle  5.9% | ent 0.877
  upd  253 | return    0.000 | deliv   0.00 | blocked 42.8% | idle  6.4% | ent 0.890
  upd  254 | return    0.100 | deliv   0.10 | blocked 44.5% | idle  6.0% | ent 0.882
  upd  255 | return    0.000 | deliv   0.00 | blocked 46.0% | idle  6.3% | ent 0.882
  upd  256 | return    0.000 | deliv   0.00 | blocked 46.1% | idle  6.6% | ent 0.894
  upd  257 | return    0.000 | deliv   0.00 | blocked 45.3% | idle  6.5% | ent 0.887
  upd  258 | return    0.000 | deliv   0.00 | blocked 46.0% | idle  7.4% | ent 0.901
  upd  259 | return    0.000 | deliv   0.00 | blocked 48.4% | idle  6.9% | ent 0.897
  upd  260 | return    0.000 | deliv   0.00 | blocked 47.0% | idle  7.6% | ent 0.910
  upd  261 | return    0.100 | deliv   0.10 | blocked 47.2% | idle  6.3% | ent 0.889
  upd  262 | return    0.000 | deliv   0.00 | blocked 45.8% | idle  7.9% | ent 0.917
  upd  263 | return    0.100 | deliv   0.10 | blocked 45.7% | idle  8.1% | ent 0.913
  upd  264 | return    0.000 | deliv   0.00 | blocked 45.8% | idle  7.9% | ent 0.919
  upd  265 | return    0.100 | deliv   0.10 | blocked 44.7% | idle  8.2% | ent 0.935
  upd  266 | return    0.000 | deliv   0.00 | blocked 44.6% | idle  8.5% | ent 0.938
  upd  267 | return    0.000 | deliv   0.00 | blocked 43.6% | idle  9.1% | ent 0.942
  upd  268 | return    0.000 | deliv   0.00 | blocked 41.7% | idle  8.2% | ent 0.942
  upd  269 | return    0.100 | deliv   0.10 | blocked 44.3% | idle  9.2% | ent 0.951
  upd  270 | return    0.000 | deliv   0.00 | blocked 44.8% | idle  7.5% | ent 0.920
  upd  271 | return    0.000 | deliv   0.00 | blocked 43.3% | idle  8.5% | ent 0.937
  upd  272 | return    0.100 | deliv   0.10 | blocked 42.2% | idle  9.5% | ent 0.952
  upd  273 | return    0.200 | deliv   0.20 | blocked 41.7% | idle  8.4% | ent 0.943
  upd  274 | return    0.000 | deliv   0.00 | blocked 43.0% | idle  9.4% | ent 0.955
  upd  275 | return    0.300 | deliv   0.30 | blocked 41.8% | idle  8.9% | ent 0.948
  upd  276 | return    0.100 | deliv   0.10 | blocked 36.2% | idle  8.8% | ent 0.960
  upd  277 | return    0.000 | deliv   0.00 | blocked 38.6% | idle  8.7% | ent 0.964
  upd  278 | return    0.000 | deliv   0.00 | blocked 35.9% | idle  8.8% | ent 0.966
  upd  279 | return    0.100 | deliv   0.10 | blocked 33.8% | idle  9.1% | ent 0.962
  upd  280 | return    0.000 | deliv   0.00 | blocked 32.8% | idle  8.9% | ent 0.956
  upd  281 | return    0.000 | deliv   0.00 | blocked 32.2% | idle  8.8% | ent 0.954
  upd  282 | return    0.000 | deliv   0.00 | blocked 29.5% | idle  8.6% | ent 0.945
  upd  283 | return    0.100 | deliv   0.10 | blocked 32.2% | idle 10.1% | ent 0.965
  upd  284 | return    0.100 | deliv   0.10 | blocked 28.5% | idle  8.1% | ent 0.941
  upd  285 | return    0.200 | deliv   0.20 | blocked 34.4% | idle  9.5% | ent 0.952
  upd  286 | return    0.000 | deliv   0.00 | blocked 39.4% | idle 10.5% | ent 0.965
  upd  287 | return    0.100 | deliv   0.10 | blocked 37.9% | idle  8.6% | ent 0.921
  upd  288 | return    0.100 | deliv   0.10 | blocked 45.5% | idle 11.1% | ent 0.943
  upd  289 | return    0.000 | deliv   0.00 | blocked 48.7% | idle 10.2% | ent 0.907
  upd  290 | return    0.000 | deliv   0.00 | blocked 49.9% | idle 11.0% | ent 0.903
  upd  291 | return    0.100 | deliv   0.10 | blocked 51.9% | idle 10.6% | ent 0.884
  upd  292 | return    0.000 | deliv   0.00 | blocked 53.3% | idle 11.7% | ent 0.899
  upd  293 | return    0.000 | deliv   0.00 | blocked 53.5% | idle 13.0% | ent 0.921
  upd  294 | return    0.000 | deliv   0.00 | blocked 55.1% | idle 11.6% | ent 0.866
  upd  295 | return    0.000 | deliv   0.00 | blocked 56.4% | idle 11.9% | ent 0.885
  upd  296 | return    0.000 | deliv   0.00 | blocked 58.2% | idle 11.1% | ent 0.837
  upd  297 | return    0.000 | deliv   0.00 | blocked 57.2% | idle 13.0% | ent 0.880
  upd  298 | return    0.000 | deliv   0.00 | blocked 56.9% | idle 12.3% | ent 0.841
  upd  299 | return    0.000 | deliv   0.00 | blocked 58.5% | idle 11.2% | ent 0.834
  upd  300 | return    0.000 | deliv   0.00 | blocked 59.8% | idle 11.1% | ent 0.797
  upd  301 | return    0.000 | deliv   0.00 | blocked 58.1% | idle 12.1% | ent 0.833
  upd  302 | return    0.100 | deliv   0.10 | blocked 58.1% | idle 12.8% | ent 0.847
  upd  303 | return    0.000 | deliv   0.00 | blocked 59.1% | idle 12.9% | ent 0.848
  upd  304 | return    0.000 | deliv   0.00 | blocked 61.4% | idle 11.5% | ent 0.773
  upd  305 | return    0.000 | deliv   0.00 | blocked 58.0% | idle 13.9% | ent 0.833
  upd  306 | return    0.100 | deliv   0.10 | blocked 57.4% | idle 13.4% | ent 0.843
  upd  307 | return    0.200 | deliv   0.20 | blocked 58.3% | idle 13.5% | ent 0.821
  upd  308 | return    0.000 | deliv   0.00 | blocked 55.7% | idle 15.3% | ent 0.858
  upd  309 | return    0.000 | deliv   0.00 | blocked 55.3% | idle 15.3% | ent 0.890
  upd  310 | return    0.000 | deliv   0.00 | blocked 55.9% | idle 13.5% | ent 0.837
  upd  311 | return    0.000 | deliv   0.00 | blocked 55.3% | idle 14.7% | ent 0.872
  upd  312 | return    0.000 | deliv   0.00 | blocked 49.5% | idle 17.7% | ent 0.934
  upd  313 | return    0.000 | deliv   0.00 | blocked 51.0% | idle 17.1% | ent 0.929
  upd  314 | return    0.000 | deliv   0.00 | blocked 49.3% | idle 17.2% | ent 0.935
  upd  315 | return    0.000 | deliv   0.00 | blocked 49.8% | idle 18.0% | ent 0.935
  upd  316 | return    0.000 | deliv   0.00 | blocked 48.2% | idle 18.4% | ent 0.934
  upd  317 | return    0.100 | deliv   0.10 | blocked 49.9% | idle 17.3% | ent 0.917
  upd  318 | return    0.000 | deliv   0.00 | blocked 48.3% | idle 16.7% | ent 0.903
  upd  319 | return    0.100 | deliv   0.10 | blocked 46.0% | idle 17.4% | ent 0.933
  upd  320 | return    0.000 | deliv   0.00 | blocked 47.8% | idle 15.6% | ent 0.918
  upd  321 | return    0.000 | deliv   0.00 | blocked 46.0% | idle 16.3% | ent 0.925
  upd  322 | return    0.000 | deliv   0.00 | blocked 44.8% | idle 17.9% | ent 0.930
  upd  323 | return    0.000 | deliv   0.00 | blocked 46.9% | idle 15.2% | ent 0.900
  upd  324 | return    0.000 | deliv   0.00 | blocked 47.9% | idle 14.1% | ent 0.851
  upd  325 | return    0.100 | deliv   0.10 | blocked 44.3% | idle 14.9% | ent 0.889
  upd  326 | return    0.100 | deliv   0.10 | blocked 49.2% | idle 13.1% | ent 0.816
  upd  327 | return    0.100 | deliv   0.10 | blocked 46.1% | idle 12.5% | ent 0.852
  upd  328 | return    0.100 | deliv   0.10 | blocked 47.3% | idle 12.4% | ent 0.834
  upd  329 | return    0.000 | deliv   0.00 | blocked 45.4% | idle 11.3% | ent 0.832
  upd  330 | return    0.000 | deliv   0.00 | blocked 43.5% | idle 11.3% | ent 0.844
  upd  331 | return    0.000 | deliv   0.00 | blocked 41.7% | idle 11.6% | ent 0.852
  upd  332 | return    0.000 | deliv   0.00 | blocked 43.1% | idle 10.5% | ent 0.840
  upd  333 | return    0.000 | deliv   0.00 | blocked 41.2% | idle  9.7% | ent 0.812
  upd  334 | return    0.200 | deliv   0.20 | blocked 42.9% | idle  9.2% | ent 0.810
  upd  335 | return    0.100 | deliv   0.10 | blocked 40.9% | idle  9.4% | ent 0.821
  upd  336 | return    0.000 | deliv   0.00 | blocked 42.4% | idle  8.2% | ent 0.807
  upd  337 | return    0.200 | deliv   0.20 | blocked 40.3% | idle  7.5% | ent 0.793
  upd  338 | return    0.200 | deliv   0.20 | blocked 41.9% | idle  6.4% | ent 0.773
  upd  339 | return    0.000 | deliv   0.00 | blocked 44.8% | idle  5.6% | ent 0.761
  upd  340 | return    0.200 | deliv   0.20 | blocked 40.7% | idle  5.7% | ent 0.778
  upd  341 | return    0.000 | deliv   0.00 | blocked 41.5% | idle  5.1% | ent 0.755
  upd  342 | return    0.100 | deliv   0.10 | blocked 41.6% | idle  3.8% | ent 0.726
  upd  343 | return    0.100 | deliv   0.10 | blocked 44.8% | idle  2.9% | ent 0.667
  upd  344 | return    0.300 | deliv   0.30 | blocked 48.6% | idle  3.2% | ent 0.631
  upd  345 | return    0.000 | deliv   0.00 | blocked 56.2% | idle  1.8% | ent 0.558
  upd  346 | return    0.100 | deliv   0.10 | blocked 57.8% | idle  2.4% | ent 0.544
  upd  347 | return    0.000 | deliv   0.00 | blocked 60.3% | idle  2.0% | ent 0.518
  upd  348 | return    0.100 | deliv   0.10 | blocked 63.7% | idle  2.6% | ent 0.508
  upd  349 | return    0.100 | deliv   0.10 | blocked 62.4% | idle  2.5% | ent 0.506
  upd  350 | return    0.000 | deliv   0.00 | blocked 65.5% | idle  1.6% | ent 0.474
  upd  351 | return    0.000 | deliv   0.00 | blocked 66.9% | idle  1.8% | ent 0.475
  upd  352 | return    0.000 | deliv   0.00 | blocked 70.2% | idle  1.6% | ent 0.453
  upd  353 | return    0.100 | deliv   0.10 | blocked 72.9% | idle  1.4% | ent 0.439
  upd  354 | return    0.000 | deliv   0.00 | blocked 73.9% | idle  1.3% | ent 0.433
  upd  355 | return    0.100 | deliv   0.10 | blocked 71.6% | idle  1.8% | ent 0.466
  upd  356 | return    0.200 | deliv   0.20 | blocked 71.6% | idle  1.8% | ent 0.485
  upd  357 | return    0.300 | deliv   0.30 | blocked 72.5% | idle  1.1% | ent 0.471
  upd  358 | return    0.000 | deliv   0.00 | blocked 68.7% | idle  1.3% | ent 0.509
  upd  359 | return    0.000 | deliv   0.00 | blocked 70.7% | idle  1.4% | ent 0.520
  upd  360 | return    0.300 | deliv   0.30 | blocked 70.6% | idle  0.8% | ent 0.516
  upd  361 | return    0.100 | deliv   0.10 | blocked 72.0% | idle  0.7% | ent 0.512
  upd  362 | return    0.100 | deliv   0.10 | blocked 69.0% | idle  0.7% | ent 0.550
  upd  363 | return    0.100 | deliv   0.10 | blocked 64.4% | idle  0.9% | ent 0.618
  upd  364 | return    0.000 | deliv   0.00 | blocked 57.1% | idle  0.5% | ent 0.684
  upd  365 | return    0.300 | deliv   0.30 | blocked 54.5% | idle  0.6% | ent 0.709
  upd  366 | return    0.000 | deliv   0.00 | blocked 58.9% | idle  0.9% | ent 0.667
  upd  367 | return    0.000 | deliv   0.00 | blocked 68.7% | idle  0.5% | ent 0.561
  upd  368 | return    0.500 | deliv   0.50 | blocked 66.8% | idle  0.6% | ent 0.582
  upd  369 | return    0.000 | deliv   0.00 | blocked 73.4% | idle  0.7% | ent 0.505
  upd  370 | return    0.000 | deliv   0.00 | blocked 78.7% | idle  0.5% | ent 0.433
  upd  371 | return    0.100 | deliv   0.10 | blocked 82.6% | idle  0.6% | ent 0.387
  upd  372 | return    0.000 | deliv   0.00 | blocked 87.9% | idle  0.7% | ent 0.302
  upd  373 | return    0.100 | deliv   0.10 | blocked 87.2% | idle  0.7% | ent 0.288
  upd  374 | return    0.100 | deliv   0.10 | blocked 88.2% | idle  0.7% | ent 0.281
  upd  375 | return    0.000 | deliv   0.00 | blocked 89.0% | idle  0.6% | ent 0.249
  upd  376 | return    0.000 | deliv   0.00 | blocked 90.2% | idle  0.7% | ent 0.239
  upd  377 | return    0.100 | deliv   0.10 | blocked 90.2% | idle  0.7% | ent 0.247
  upd  378 | return    0.000 | deliv   0.00 | blocked 89.8% | idle  0.8% | ent 0.252
  upd  379 | return    0.100 | deliv   0.10 | blocked 87.9% | idle  0.7% | ent 0.294
  upd  380 | return    0.100 | deliv   0.10 | blocked 91.1% | idle  0.6% | ent 0.239
  upd  381 | return    0.000 | deliv   0.00 | blocked 90.0% | idle  0.7% | ent 0.255
  upd  382 | return    0.000 | deliv   0.00 | blocked 89.7% | idle  0.7% | ent 0.251
  upd  383 | return    0.100 | deliv   0.10 | blocked 89.2% | idle  0.8% | ent 0.271
  upd  384 | return    0.100 | deliv   0.10 | blocked 88.0% | idle  0.6% | ent 0.298
  upd  385 | return    0.000 | deliv   0.00 | blocked 89.0% | idle  0.6% | ent 0.275
  upd  386 | return    0.100 | deliv   0.10 | blocked 85.5% | idle  1.0% | ent 0.332
  upd  387 | return    0.000 | deliv   0.00 | blocked 86.3% | idle  0.9% | ent 0.338
  upd  388 | return    0.000 | deliv   0.00 | blocked 85.7% | idle  0.7% | ent 0.325
  upd  389 | return    0.000 | deliv   0.00 | blocked 88.9% | idle  0.5% | ent 0.278
  upd  390 | return    0.000 | deliv   0.00 | blocked 90.5% | idle  0.5% | ent 0.257
  upd  391 | return    0.000 | deliv   0.00 | blocked 89.2% | idle  0.5% | ent 0.272
  upd  392 | return    0.200 | deliv   0.20 | blocked 86.6% | idle  0.6% | ent 0.323
  upd  393 | return    0.000 | deliv   0.00 | blocked 91.5% | idle  0.5% | ent 0.220
  upd  394 | return    0.200 | deliv   0.20 | blocked 88.5% | idle  0.5% | ent 0.281
  upd  395 | return    0.000 | deliv   0.00 | blocked 91.4% | idle  0.5% | ent 0.233
  upd  396 | return    0.000 | deliv   0.00 | blocked 92.0% | idle  0.5% | ent 0.197
  upd  397 | return    0.100 | deliv   0.10 | blocked 91.1% | idle  0.4% | ent 0.200
  upd  398 | return    0.000 | deliv   0.00 | blocked 92.4% | idle  0.6% | ent 0.190
  upd  399 | return    0.000 | deliv   0.00 | blocked 94.4% | idle  0.4% | ent 0.147
  upd  400 | return    0.000 | deliv   0.00 | blocked 92.5% | idle  0.3% | ent 0.161
  upd  401 | return    0.000 | deliv   0.00 | blocked 93.8% | idle  0.3% | ent 0.148
  upd  402 | return    0.000 | deliv   0.00 | blocked 93.7% | idle  0.2% | ent 0.161
  upd  403 | return    0.000 | deliv   0.00 | blocked 94.9% | idle  0.3% | ent 0.126
  upd  404 | return    0.100 | deliv   0.10 | blocked 93.8% | idle  0.3% | ent 0.147
  upd  405 | return    0.000 | deliv   0.00 | blocked 94.2% | idle  0.3% | ent 0.144
  upd  406 | return    0.000 | deliv   0.00 | blocked 94.6% | idle  0.3% | ent 0.121
  upd  407 | return    0.000 | deliv   0.00 | blocked 93.4% | idle  0.3% | ent 0.121
  upd  408 | return    0.000 | deliv   0.00 | blocked 94.2% | idle  0.3% | ent 0.127
  upd  409 | return    0.000 | deliv   0.00 | blocked 95.0% | idle  0.3% | ent 0.114
  upd  410 | return    0.100 | deliv   0.10 | blocked 93.6% | idle  0.3% | ent 0.140
  upd  411 | return    0.100 | deliv   0.10 | blocked 94.2% | idle  0.3% | ent 0.148
  upd  412 | return    0.000 | deliv   0.00 | blocked 94.4% | idle  0.2% | ent 0.125
  upd  413 | return    0.000 | deliv   0.00 | blocked 94.8% | idle  0.2% | ent 0.112
  upd  414 | return    0.000 | deliv   0.00 | blocked 94.2% | idle  0.3% | ent 0.142
  upd  415 | return    0.000 | deliv   0.00 | blocked 93.3% | idle  0.3% | ent 0.134
  upd  416 | return    0.000 | deliv   0.00 | blocked 94.4% | idle  0.2% | ent 0.122
  upd  417 | return    0.000 | deliv   0.00 | blocked 93.4% | idle  0.2% | ent 0.145
  upd  418 | return    0.000 | deliv   0.00 | blocked 92.9% | idle  0.3% | ent 0.156
  upd  419 | return    0.000 | deliv   0.00 | blocked 94.5% | idle  0.3% | ent 0.131
  upd  420 | return    0.000 | deliv   0.00 | blocked 94.4% | idle  0.3% | ent 0.138
  upd  421 | return    0.000 | deliv   0.00 | blocked 92.8% | idle  0.3% | ent 0.157
  upd  422 | return    0.000 | deliv   0.00 | blocked 94.4% | idle  0.3% | ent 0.131
  upd  423 | return    0.100 | deliv   0.10 | blocked 94.8% | idle  0.2% | ent 0.124
  upd  424 | return    0.000 | deliv   0.00 | blocked 94.6% | idle  0.2% | ent 0.122
  upd  425 | return    0.000 | deliv   0.00 | blocked 94.4% | idle  0.3% | ent 0.131
  upd  426 | return    0.000 | deliv   0.00 | blocked 93.1% | idle  0.2% | ent 0.144
  upd  427 | return    0.000 | deliv   0.00 | blocked 92.5% | idle  0.3% | ent 0.148
  upd  428 | return    0.000 | deliv   0.00 | blocked 92.6% | idle  0.3% | ent 0.150
  upd  429 | return    0.000 | deliv   0.00 | blocked 92.9% | idle  0.3% | ent 0.146
  upd  430 | return    0.000 | deliv   0.00 | blocked 93.1% | idle  0.3% | ent 0.138
  upd  431 | return    0.100 | deliv   0.10 | blocked 94.1% | idle  0.2% | ent 0.122
  upd  432 | return    0.000 | deliv   0.00 | blocked 95.5% | idle  0.2% | ent 0.109
  upd  433 | return    0.000 | deliv   0.00 | blocked 94.9% | idle  0.2% | ent 0.111
  upd  434 | return    0.000 | deliv   0.00 | blocked 94.3% | idle  0.2% | ent 0.118
  upd  435 | return    0.000 | deliv   0.00 | blocked 94.2% | idle  0.2% | ent 0.125
  upd  436 | return    0.000 | deliv   0.00 | blocked 95.0% | idle  0.2% | ent 0.106
  upd  437 | return    0.000 | deliv   0.00 | blocked 95.3% | idle  0.2% | ent 0.101
  upd  438 | return    0.000 | deliv   0.00 | blocked 94.7% | idle  0.1% | ent 0.104
  upd  439 | return    0.000 | deliv   0.00 | blocked 94.0% | idle  0.2% | ent 0.110
  upd  440 | return    0.000 | deliv   0.00 | blocked 95.3% | idle  0.2% | ent 0.093
  upd  441 | return    0.000 | deliv   0.00 | blocked 95.4% | idle  0.2% | ent 0.099
  upd  442 | return    0.000 | deliv   0.00 | blocked 94.5% | idle  0.2% | ent 0.104
  upd  443 | return    0.000 | deliv   0.00 | blocked 95.8% | idle  0.1% | ent 0.096
  upd  444 | return    0.000 | deliv   0.00 | blocked 94.8% | idle  0.2% | ent 0.091
  upd  445 | return    0.000 | deliv   0.00 | blocked 95.6% | idle  0.2% | ent 0.086
  upd  446 | return    0.000 | deliv   0.00 | blocked 94.8% | idle  0.2% | ent 0.102
  upd  447 | return    0.000 | deliv   0.00 | blocked 94.5% | idle  0.2% | ent 0.113
  upd  448 | return    0.000 | deliv   0.00 | blocked 96.1% | idle  0.2% | ent 0.077
  upd  449 | return    0.300 | deliv   0.30 | blocked 95.5% | idle  0.2% | ent 0.087
  upd  450 | return    0.000 | deliv   0.00 | blocked 95.6% | idle  0.2% | ent 0.089
  upd  451 | return    0.100 | deliv   0.10 | blocked 94.7% | idle  0.2% | ent 0.114
  upd  452 | return    0.100 | deliv   0.10 | blocked 93.4% | idle  0.3% | ent 0.129
  upd  453 | return    0.000 | deliv   0.00 | blocked 94.8% | idle  0.2% | ent 0.107
  upd  454 | return    0.000 | deliv   0.00 | blocked 94.6% | idle  0.2% | ent 0.119
  upd  455 | return    0.000 | deliv   0.00 | blocked 94.0% | idle  0.2% | ent 0.135
  upd  456 | return    0.100 | deliv   0.10 | blocked 94.7% | idle  0.2% | ent 0.120
  upd  457 | return    0.000 | deliv   0.00 | blocked 95.6% | idle  0.1% | ent 0.111
  upd  458 | return    0.000 | deliv   0.00 | blocked 94.1% | idle  0.2% | ent 0.126
  upd  459 | return    0.000 | deliv   0.00 | blocked 94.3% | idle  0.2% | ent 0.130
  upd  460 | return    0.000 | deliv   0.00 | blocked 94.0% | idle  0.2% | ent 0.137
  upd  461 | return    0.000 | deliv   0.00 | blocked 95.7% | idle  0.1% | ent 0.103
  upd  462 | return    0.000 | deliv   0.00 | blocked 94.5% | idle  0.2% | ent 0.123
  upd  463 | return    0.000 | deliv   0.00 | blocked 95.1% | idle  0.2% | ent 0.121
  upd  464 | return    0.000 | deliv   0.00 | blocked 95.2% | idle  0.3% | ent 0.112
  upd  465 | return    0.000 | deliv   0.00 | blocked 95.1% | idle  0.2% | ent 0.103
  upd  466 | return    0.000 | deliv   0.00 | blocked 94.7% | idle  0.2% | ent 0.120
  upd  467 | return    0.000 | deliv   0.00 | blocked 95.0% | idle  0.2% | ent 0.124
  upd  468 | return    0.000 | deliv   0.00 | blocked 95.2% | idle  0.2% | ent 0.113
  upd  469 | return    0.000 | deliv   0.00 | blocked 95.5% | idle  0.2% | ent 0.104
  upd  470 | return    0.000 | deliv   0.00 | blocked 94.4% | idle  0.3% | ent 0.133
  upd  471 | return    0.000 | deliv   0.00 | blocked 95.4% | idle  0.2% | ent 0.105
  upd  472 | return    0.000 | deliv   0.00 | blocked 95.0% | idle  0.2% | ent 0.117
  upd  473 | return    0.000 | deliv   0.00 | blocked 95.1% | idle  0.2% | ent 0.112
  upd  474 | return    0.000 | deliv   0.00 | blocked 95.8% | idle  0.2% | ent 0.104
  upd  475 | return    0.000 | deliv   0.00 | blocked 95.8% | idle  0.2% | ent 0.108
  upd  476 | return    0.000 | deliv   0.00 | blocked 95.5% | idle  0.2% | ent 0.103
  upd  477 | return    0.000 | deliv   0.00 | blocked 95.2% | idle  0.2% | ent 0.115
  upd  478 | return    0.000 | deliv   0.00 | blocked 94.8% | idle  0.2% | ent 0.115
  upd  479 | return    0.100 | deliv   0.10 | blocked 96.1% | idle  0.2% | ent 0.102
  upd  480 | return    0.000 | deliv   0.00 | blocked 95.0% | idle  0.2% | ent 0.122
  upd  481 | return    0.000 | deliv   0.00 | blocked 95.3% | idle  0.2% | ent 0.112
  upd  482 | return    0.000 | deliv   0.00 | blocked 95.3% | idle  0.3% | ent 0.117
  upd  483 | return    0.000 | deliv   0.00 | blocked 96.0% | idle  0.1% | ent 0.092
  upd  484 | return    0.000 | deliv   0.00 | blocked 96.0% | idle  0.2% | ent 0.091
  upd  485 | return    0.000 | deliv   0.00 | blocked 95.9% | idle  0.1% | ent 0.096
  upd  486 | return    0.000 | deliv   0.00 | blocked 95.8% | idle  0.2% | ent 0.104
  upd  487 | return    0.100 | deliv   0.10 | blocked 95.3% | idle  0.3% | ent 0.117
  upd  488 | return    0.000 | deliv   0.00 | blocked 95.8% | idle  0.2% | ent 0.097
  upd  489 | return    0.000 | deliv   0.00 | blocked 95.6% | idle  0.2% | ent 0.108
  upd  490 | return    0.000 | deliv   0.00 | blocked 95.7% | idle  0.2% | ent 0.111
  upd  491 | return    0.000 | deliv   0.00 | blocked 95.3% | idle  0.2% | ent 0.102
  upd  492 | return    0.000 | deliv   0.00 | blocked 93.7% | idle  0.3% | ent 0.118
  upd  493 | return    0.000 | deliv   0.00 | blocked 96.0% | idle  0.2% | ent 0.100
  upd  494 | return    0.000 | deliv   0.00 | blocked 94.9% | idle  0.2% | ent 0.116
  upd  495 | return    0.100 | deliv   0.10 | blocked 95.4% | idle  0.2% | ent 0.114
  upd  496 | return    0.100 | deliv   0.10 | blocked 95.0% | idle  0.3% | ent 0.118
  upd  497 | return    0.000 | deliv   0.00 | blocked 95.4% | idle  0.2% | ent 0.110
  upd  498 | return    0.000 | deliv   0.00 | blocked 95.6% | idle  0.2% | ent 0.114
  upd  499 | return    0.000 | deliv   0.00 | blocked 93.6% | idle  0.2% | ent 0.137
  upd  500 | return    0.000 | deliv   0.00 | blocked 95.8% | idle  0.2% | ent 0.122
  upd  501 | return    0.100 | deliv   0.10 | blocked 95.1% | idle  0.2% | ent 0.132
  upd  502 | return    0.000 | deliv   0.00 | blocked 95.5% | idle  0.3% | ent 0.130
  upd  503 | return    0.000 | deliv   0.00 | blocked 94.7% | idle  0.2% | ent 0.140
  upd  504 | return    0.000 | deliv   0.00 | blocked 93.1% | idle  0.3% | ent 0.162
  upd  505 | return    0.000 | deliv   0.00 | blocked 93.8% | idle  0.3% | ent 0.164
  upd  506 | return    0.000 | deliv   0.00 | blocked 93.2% | idle  0.2% | ent 0.171
  upd  507 | return    0.000 | deliv   0.00 | blocked 94.2% | idle  0.2% | ent 0.157
  upd  508 | return    0.100 | deliv   0.10 | blocked 93.6% | idle  0.2% | ent 0.173
  upd  509 | return    0.000 | deliv   0.00 | blocked 92.9% | idle  0.3% | ent 0.194
  upd  510 | return    0.000 | deliv   0.00 | blocked 93.1% | idle  0.4% | ent 0.190
  upd  511 | return    0.000 | deliv   0.00 | blocked 92.8% | idle  0.2% | ent 0.199
  upd  512 | return    0.000 | deliv   0.00 | blocked 91.8% | idle  0.2% | ent 0.225
  upd  513 | return    0.100 | deliv   0.10 | blocked 92.4% | idle  0.2% | ent 0.209
  upd  514 | return    0.200 | deliv   0.20 | blocked 89.4% | idle  0.3% | ent 0.252
  upd  515 | return    0.000 | deliv   0.00 | blocked 86.9% | idle  0.4% | ent 0.300
  upd  516 | return    0.000 | deliv   0.00 | blocked 86.8% | idle  0.3% | ent 0.313
  upd  517 | return    0.000 | deliv   0.00 | blocked 85.8% | idle  0.3% | ent 0.345
  upd  518 | return    0.000 | deliv   0.00 | blocked 77.5% | idle  0.5% | ent 0.461
  upd  519 | return    0.100 | deliv   0.10 | blocked 69.1% | idle  0.6% | ent 0.585
  upd  520 | return    0.200 | deliv   0.20 | blocked 64.4% | idle  0.6% | ent 0.644
  upd  521 | return    0.000 | deliv   0.00 | blocked 62.3% | idle  0.8% | ent 0.684
  upd  522 | return    0.100 | deliv   0.10 | blocked 66.3% | idle  0.8% | ent 0.672
  upd  523 | return    0.000 | deliv   0.00 | blocked 64.1% | idle  0.8% | ent 0.701
  upd  524 | return    0.100 | deliv   0.10 | blocked 67.0% | idle  0.8% | ent 0.684
  upd  525 | return    0.100 | deliv   0.10 | blocked 60.9% | idle  1.0% | ent 0.740
  upd  526 | return    0.000 | deliv   0.00 | blocked 59.6% | idle  1.0% | ent 0.749
  upd  527 | return    0.000 | deliv   0.00 | blocked 64.9% | idle  0.9% | ent 0.703
  upd  528 | return    0.000 | deliv   0.00 | blocked 61.3% | idle  0.9% | ent 0.725
  upd  529 | return    0.100 | deliv   0.10 | blocked 63.7% | idle  1.0% | ent 0.740
  upd  530 | return    0.200 | deliv   0.20 | blocked 60.2% | idle  1.0% | ent 0.776
  upd  531 | return    0.200 | deliv   0.20 | blocked 63.7% | idle  1.0% | ent 0.717
  upd  532 | return    0.000 | deliv   0.00 | blocked 73.9% | idle  0.7% | ent 0.595
  upd  533 | return    0.200 | deliv   0.20 | blocked 76.9% | idle  0.6% | ent 0.535
  upd  534 | return    0.000 | deliv   0.00 | blocked 83.2% | idle  0.5% | ent 0.416
  upd  535 | return    0.000 | deliv   0.00 | blocked 85.3% | idle  0.4% | ent 0.395
  upd  536 | return    0.000 | deliv   0.00 | blocked 86.9% | idle  0.4% | ent 0.342
  upd  537 | return    0.200 | deliv   0.20 | blocked 87.8% | idle  0.3% | ent 0.336
  upd  538 | return    0.100 | deliv   0.10 | blocked 89.2% | idle  0.3% | ent 0.302
  upd  539 | return    0.000 | deliv   0.00 | blocked 88.6% | idle  0.4% | ent 0.296
  upd  540 | return    0.100 | deliv   0.10 | blocked 87.8% | idle  0.3% | ent 0.327
  upd  541 | return    0.100 | deliv   0.10 | blocked 87.0% | idle  0.3% | ent 0.342
  upd  542 | return    0.000 | deliv   0.00 | blocked 86.1% | idle  0.4% | ent 0.361
  upd  543 | return    0.100 | deliv   0.10 | blocked 88.2% | idle  0.3% | ent 0.331
  upd  544 | return    0.000 | deliv   0.00 | blocked 89.7% | idle  0.3% | ent 0.307
  upd  545 | return    0.000 | deliv   0.00 | blocked 89.9% | idle  0.3% | ent 0.294
  upd  546 | return    0.100 | deliv   0.10 | blocked 87.4% | idle  0.3% | ent 0.328
  upd  547 | return    0.000 | deliv   0.00 | blocked 90.3% | idle  0.2% | ent 0.278
  upd  548 | return    0.100 | deliv   0.10 | blocked 89.9% | idle  0.2% | ent 0.280
  upd  549 | return    0.000 | deliv   0.00 | blocked 89.1% | idle  0.3% | ent 0.288
  upd  550 | return    0.000 | deliv   0.00 | blocked 91.1% | idle  0.2% | ent 0.249
  upd  551 | return    0.000 | deliv   0.00 | blocked 91.5% | idle  0.2% | ent 0.243
  upd  552 | return    0.000 | deliv   0.00 | blocked 89.4% | idle  0.2% | ent 0.279
  upd  553 | return    0.000 | deliv   0.00 | blocked 91.1% | idle  0.2% | ent 0.241
  upd  554 | return    0.000 | deliv   0.00 | blocked 90.8% | idle  0.2% | ent 0.237
  upd  555 | return    0.100 | deliv   0.10 | blocked 90.6% | idle  0.2% | ent 0.242
  upd  556 | return    0.000 | deliv   0.00 | blocked 92.5% | idle  0.2% | ent 0.218
  upd  557 | return    0.000 | deliv   0.00 | blocked 91.0% | idle  0.2% | ent 0.238
  upd  558 | return    0.000 | deliv   0.00 | blocked 91.6% | idle  0.3% | ent 0.223
  upd  559 | return    0.000 | deliv   0.00 | blocked 89.7% | idle  0.2% | ent 0.250
  upd  560 | return    0.000 | deliv   0.00 | blocked 89.5% | idle  0.2% | ent 0.255
  upd  561 | return    0.100 | deliv   0.10 | blocked 89.6% | idle  0.3% | ent 0.256
  upd  562 | return    0.100 | deliv   0.10 | blocked 91.5% | idle  0.2% | ent 0.232
  upd  563 | return    0.200 | deliv   0.20 | blocked 89.2% | idle  0.2% | ent 0.269
  upd  564 | return    0.000 | deliv   0.00 | blocked 91.0% | idle  0.3% | ent 0.252
  upd  565 | return    0.000 | deliv   0.00 | blocked 89.9% | idle  0.2% | ent 0.266
  upd  566 | return    0.000 | deliv   0.00 | blocked 87.9% | idle  0.3% | ent 0.306
  upd  567 | return    0.000 | deliv   0.00 | blocked 86.9% | idle  0.3% | ent 0.323
  upd  568 | return    0.000 | deliv   0.00 | blocked 87.4% | idle  0.2% | ent 0.311
  upd  569 | return    0.100 | deliv   0.10 | blocked 86.7% | idle  0.4% | ent 0.335
  upd  570 | return    0.000 | deliv   0.00 | blocked 87.9% | idle  0.3% | ent 0.312
  upd  571 | return    0.000 | deliv   0.00 | blocked 88.5% | idle  0.2% | ent 0.318
  upd  572 | return    0.000 | deliv   0.00 | blocked 84.6% | idle  0.3% | ent 0.376
  upd  573 | return    0.000 | deliv   0.00 | blocked 86.5% | idle  0.3% | ent 0.347
  upd  574 | return    0.000 | deliv   0.00 | blocked 86.5% | idle  0.3% | ent 0.357
  upd  575 | return    0.000 | deliv   0.00 | blocked 85.0% | idle  0.3% | ent 0.355
  upd  576 | return    0.000 | deliv   0.00 | blocked 83.7% | idle  0.3% | ent 0.394
  upd  577 | return    0.000 | deliv   0.00 | blocked 85.0% | idle  0.3% | ent 0.382
  upd  578 | return    0.100 | deliv   0.10 | blocked 85.2% | idle  0.3% | ent 0.393
  upd  579 | return    0.000 | deliv   0.00 | blocked 84.7% | idle  0.3% | ent 0.386
  upd  580 | return    0.000 | deliv   0.00 | blocked 86.6% | idle  0.2% | ent 0.357
  upd  581 | return    0.000 | deliv   0.00 | blocked 84.8% | idle  0.2% | ent 0.379
  upd  582 | return    0.000 | deliv   0.00 | blocked 84.9% | idle  0.2% | ent 0.383
  upd  583 | return    0.100 | deliv   0.10 | blocked 83.5% | idle  0.3% | ent 0.398
  upd  584 | return    0.100 | deliv   0.10 | blocked 85.2% | idle  0.2% | ent 0.371
  upd  585 | return    0.100 | deliv   0.10 | blocked 85.3% | idle  0.3% | ent 0.368
  upd  586 | return    0.100 | deliv   0.10 | blocked 84.2% | idle  0.3% | ent 0.394
  upd  587 | return    0.000 | deliv   0.00 | blocked 81.1% | idle  0.3% | ent 0.430
  upd  588 | return    0.000 | deliv   0.00 | blocked 82.1% | idle  0.2% | ent 0.418
  upd  589 | return    0.000 | deliv   0.00 | blocked 78.6% | idle  0.3% | ent 0.456
  upd  590 | return    0.100 | deliv   0.10 | blocked 78.2% | idle  0.4% | ent 0.473
  upd  591 | return    0.200 | deliv   0.20 | blocked 76.8% | idle  0.4% | ent 0.476
  upd  592 | return    0.100 | deliv   0.10 | blocked 76.8% | idle  0.4% | ent 0.486
  upd  593 | return    0.100 | deliv   0.10 | blocked 66.5% | idle  0.4% | ent 0.535
  upd  594 | return    0.100 | deliv   0.10 | blocked 70.6% | idle  0.3% | ent 0.531
  upd  595 | return    0.000 | deliv   0.00 | blocked 74.1% | idle  0.2% | ent 0.495
  upd  596 | return    0.100 | deliv   0.10 | blocked 70.0% | idle  0.4% | ent 0.522
  upd  597 | return    0.100 | deliv   0.10 | blocked 69.1% | idle  0.4% | ent 0.544
  upd  598 | return    0.000 | deliv   0.00 | blocked 73.2% | idle  0.3% | ent 0.511
  upd  599 | return    0.000 | deliv   0.00 | blocked 72.2% | idle  0.4% | ent 0.528
  upd  600 | return    0.100 | deliv   0.10 | blocked 74.5% | idle  0.3% | ent 0.497
  upd  601 | return    0.100 | deliv   0.10 | blocked 78.2% | idle  0.3% | ent 0.466
  upd  602 | return    0.300 | deliv   0.30 | blocked 77.1% | idle  0.4% | ent 0.456
  upd  603 | return    0.000 | deliv   0.00 | blocked 80.9% | idle  0.2% | ent 0.383
  upd  604 | return    0.000 | deliv   0.00 | blocked 81.2% | idle  0.2% | ent 0.372
  upd  605 | return    0.000 | deliv   0.00 | blocked 82.1% | idle  0.3% | ent 0.346
  upd  606 | return    0.000 | deliv   0.00 | blocked 86.3% | idle  0.2% | ent 0.305
  upd  607 | return    0.100 | deliv   0.10 | blocked 85.2% | idle  0.2% | ent 0.299
  upd  608 | return    0.000 | deliv   0.00 | blocked 85.5% | idle  0.1% | ent 0.304
  upd  609 | return    0.000 | deliv   0.00 | blocked 84.1% | idle  0.2% | ent 0.313
  upd  610 | return    0.100 | deliv   0.10 | blocked 84.8% | idle  0.1% | ent 0.317
  upd  611 | return    0.000 | deliv   0.00 | blocked 83.3% | idle  0.3% | ent 0.329
  upd  612 | return    0.000 | deliv   0.00 | blocked 84.7% | idle  0.2% | ent 0.316
  upd  613 | return    0.000 | deliv   0.00 | blocked 82.9% | idle  0.2% | ent 0.331
  upd  614 | return    0.100 | deliv   0.10 | blocked 83.3% | idle  0.2% | ent 0.343
  upd  615 | return    0.000 | deliv   0.00 | blocked 85.4% | idle  0.2% | ent 0.315
  upd  616 | return    0.100 | deliv   0.10 | blocked 84.1% | idle  0.1% | ent 0.329
  upd  617 | return    0.000 | deliv   0.00 | blocked 84.9% | idle  0.1% | ent 0.319
  upd  618 | return    0.000 | deliv   0.00 | blocked 84.9% | idle  0.2% | ent 0.309
  upd  619 | return    0.000 | deliv   0.00 | blocked 85.6% | idle  0.1% | ent 0.303
  upd  620 | return    0.000 | deliv   0.00 | blocked 83.9% | idle  0.2% | ent 0.315
  upd  621 | return    0.000 | deliv   0.00 | blocked 84.7% | idle  0.1% | ent 0.311
  upd  622 | return    0.000 | deliv   0.00 | blocked 85.7% | idle  0.1% | ent 0.309
  upd  623 | return    0.000 | deliv   0.00 | blocked 87.1% | idle  0.1% | ent 0.292
  upd  624 | return    0.100 | deliv   0.10 | blocked 84.1% | idle  0.2% | ent 0.324
  upd  625 | return    0.000 | deliv   0.00 | blocked 86.2% | idle  0.1% | ent 0.300
  upd  626 | return    0.000 | deliv   0.00 | blocked 87.4% | idle  0.1% | ent 0.286
  upd  627 | return    0.100 | deliv   0.10 | blocked 84.9% | idle  0.1% | ent 0.310
  upd  628 | return    0.100 | deliv   0.10 | blocked 84.5% | idle  0.1% | ent 0.321
  upd  629 | return    0.000 | deliv   0.00 | blocked 86.3% | idle  0.2% | ent 0.307
  upd  630 | return    0.000 | deliv   0.00 | blocked 85.7% | idle  0.2% | ent 0.311
  upd  631 | return    0.000 | deliv   0.00 | blocked 85.2% | idle  0.1% | ent 0.319
  upd  632 | return    0.100 | deliv   0.10 | blocked 86.4% | idle  0.2% | ent 0.320
  upd  633 | return    0.000 | deliv   0.00 | blocked 85.8% | idle  0.1% | ent 0.322
  upd  634 | return    0.000 | deliv   0.00 | blocked 85.1% | idle  0.1% | ent 0.331
  upd  635 | return    0.000 | deliv   0.00 | blocked 86.0% | idle  0.2% | ent 0.330
  upd  636 | return    0.000 | deliv   0.00 | blocked 84.3% | idle  0.2% | ent 0.344
  upd  637 | return    0.000 | deliv   0.00 | blocked 86.0% | idle  0.1% | ent 0.333
  upd  638 | return    0.000 | deliv   0.00 | blocked 85.8% | idle  0.1% | ent 0.335
  upd  639 | return    0.000 | deliv   0.00 | blocked 84.8% | idle  0.1% | ent 0.358
  upd  640 | return    0.200 | deliv   0.20 | blocked 83.4% | idle  0.1% | ent 0.364
  upd  641 | return    0.000 | deliv   0.00 | blocked 84.9% | idle  0.1% | ent 0.354
  upd  642 | return    0.000 | deliv   0.00 | blocked 85.7% | idle  0.2% | ent 0.348
  upd  643 | return    0.000 | deliv   0.00 | blocked 84.3% | idle  0.1% | ent 0.373
  upd  644 | return    0.000 | deliv   0.00 | blocked 83.6% | idle  0.2% | ent 0.372
  upd  645 | return    0.000 | deliv   0.00 | blocked 84.7% | idle  0.2% | ent 0.360
  upd  646 | return    0.000 | deliv   0.00 | blocked 83.4% | idle  0.1% | ent 0.377
  upd  647 | return    0.000 | deliv   0.00 | blocked 80.1% | idle  0.2% | ent 0.403
  upd  648 | return    0.000 | deliv   0.00 | blocked 81.7% | idle  0.1% | ent 0.404
  upd  649 | return    0.000 | deliv   0.00 | blocked 81.0% | idle  0.1% | ent 0.413
  upd  650 | return    0.100 | deliv   0.10 | blocked 81.5% | idle  0.2% | ent 0.413
  upd  651 | return    0.000 | deliv   0.00 | blocked 80.2% | idle  0.2% | ent 0.427
  upd  652 | return    0.000 | deliv   0.00 | blocked 77.5% | idle  0.2% | ent 0.456
  upd  653 | return    0.000 | deliv   0.00 | blocked 76.6% | idle  0.2% | ent 0.472
  upd  654 | return    0.100 | deliv   0.10 | blocked 74.5% | idle  0.2% | ent 0.501
  upd  655 | return    0.000 | deliv   0.00 | blocked 72.2% | idle  0.2% | ent 0.519
  upd  656 | return    0.000 | deliv   0.00 | blocked 70.2% | idle  0.3% | ent 0.537
  upd  657 | return    0.000 | deliv   0.00 | blocked 69.2% | idle  0.2% | ent 0.558
  upd  658 | return    0.000 | deliv   0.00 | blocked 68.0% | idle  0.2% | ent 0.569
  upd  659 | return    0.000 | deliv   0.00 | blocked 67.1% | idle  0.2% | ent 0.584
  upd  660 | return    0.000 | deliv   0.00 | blocked 66.4% | idle  0.2% | ent 0.597
  upd  661 | return    0.000 | deliv   0.00 | blocked 64.1% | idle  0.2% | ent 0.614
  upd  662 | return    0.000 | deliv   0.00 | blocked 62.8% | idle  0.2% | ent 0.629
  upd  663 | return    0.000 | deliv   0.00 | blocked 61.4% | idle  0.3% | ent 0.646
  upd  664 | return    0.200 | deliv   0.20 | blocked 60.1% | idle  0.2% | ent 0.663
  upd  665 | return    0.000 | deliv   0.00 | blocked 61.1% | idle  0.3% | ent 0.669
  upd  666 | return    0.000 | deliv   0.00 | blocked 55.0% | idle  0.2% | ent 0.701
  upd  667 | return    0.200 | deliv   0.20 | blocked 57.8% | idle  0.3% | ent 0.706
  upd  668 | return    0.100 | deliv   0.10 | blocked 52.1% | idle  0.3% | ent 0.739
  upd  669 | return    0.100 | deliv   0.10 | blocked 49.9% | idle  0.4% | ent 0.760
  upd  670 | return    0.000 | deliv   0.00 | blocked 48.1% | idle  0.3% | ent 0.801
  upd  671 | return    0.100 | deliv   0.10 | blocked 46.2% | idle  0.4% | ent 0.812
  upd  672 | return    0.100 | deliv   0.10 | blocked 45.7% | idle  0.4% | ent 0.835
  upd  673 | return    0.000 | deliv   0.00 | blocked 48.1% | idle  0.3% | ent 0.841
  upd  674 | return    0.000 | deliv   0.00 | blocked 49.3% | idle  0.4% | ent 0.868
  upd  675 | return    0.000 | deliv   0.00 | blocked 46.9% | idle  0.4% | ent 0.869
  upd  676 | return    0.000 | deliv   0.00 | blocked 46.1% | idle  0.4% | ent 0.880
  upd  677 | return    0.100 | deliv   0.10 | blocked 45.3% | idle  0.5% | ent 0.890
  upd  678 | return    0.400 | deliv   0.40 | blocked 44.3% | idle  0.4% | ent 0.909
  upd  679 | return    0.300 | deliv   0.30 | blocked 41.9% | idle  0.4% | ent 0.918
  upd  680 | return    0.200 | deliv   0.20 | blocked 42.6% | idle  0.5% | ent 0.916
  upd  681 | return    0.400 | deliv   0.40 | blocked 43.7% | idle  0.4% | ent 0.910
  upd  682 | return    0.000 | deliv   0.00 | blocked 47.8% | idle  0.4% | ent 0.879
  upd  683 | return    0.000 | deliv   0.00 | blocked 50.6% | idle  0.4% | ent 0.857
  upd  684 | return    0.100 | deliv   0.10 | blocked 52.8% | idle  0.4% | ent 0.840
  upd  685 | return    0.000 | deliv   0.00 | blocked 51.3% | idle  0.4% | ent 0.825
  upd  686 | return    0.200 | deliv   0.20 | blocked 54.1% | idle  0.4% | ent 0.819
  upd  687 | return    0.200 | deliv   0.20 | blocked 52.3% | idle  0.4% | ent 0.804
  upd  688 | return    0.100 | deliv   0.10 | blocked 52.1% | idle  0.4% | ent 0.820
  upd  689 | return    0.100 | deliv   0.10 | blocked 53.5% | idle  0.3% | ent 0.813
  upd  690 | return    0.400 | deliv   0.40 | blocked 51.6% | idle  0.4% | ent 0.798
  upd  691 | return    0.300 | deliv   0.30 | blocked 53.3% | idle  0.4% | ent 0.809
  upd  692 | return    0.600 | deliv   0.60 | blocked 52.2% | idle  0.4% | ent 0.835
  upd  693 | return    0.500 | deliv   0.50 | blocked 52.5% | idle  0.3% | ent 0.847
  upd  694 | return    0.100 | deliv   0.10 | blocked 53.9% | idle  0.3% | ent 0.844
  upd  695 | return    0.000 | deliv   0.00 | blocked 59.2% | idle  0.4% | ent 0.831
  upd  696 | return    0.000 | deliv   0.00 | blocked 58.8% | idle  0.4% | ent 0.832
  upd  697 | return    0.300 | deliv   0.30 | blocked 56.6% | idle  0.5% | ent 0.842
  upd  698 | return    0.100 | deliv   0.10 | blocked 55.5% | idle  0.3% | ent 0.873
  upd  699 | return    0.300 | deliv   0.30 | blocked 49.8% | idle  0.4% | ent 0.932
  upd  700 | return    0.100 | deliv   0.10 | blocked 47.0% | idle  0.5% | ent 0.989
  upd  701 | return    0.200 | deliv   0.20 | blocked 44.0% | idle  0.5% | ent 1.008
  upd  702 | return    0.300 | deliv   0.30 | blocked 39.5% | idle  0.5% | ent 1.034
  upd  703 | return    0.000 | deliv   0.00 | blocked 39.0% | idle  0.5% | ent 1.026
  upd  704 | return    0.000 | deliv   0.00 | blocked 38.2% | idle  0.5% | ent 1.026
  upd  705 | return    0.400 | deliv   0.40 | blocked 39.7% | idle  0.5% | ent 1.034
  upd  706 | return    0.300 | deliv   0.30 | blocked 38.6% | idle  0.5% | ent 1.044
  upd  707 | return    0.200 | deliv   0.20 | blocked 35.1% | idle  0.6% | ent 1.035
  upd  708 | return    0.100 | deliv   0.10 | blocked 35.9% | idle  0.7% | ent 1.038
  upd  709 | return    0.200 | deliv   0.20 | blocked 38.8% | idle  0.8% | ent 1.029
  upd  710 | return    0.100 | deliv   0.10 | blocked 41.8% | idle  0.7% | ent 1.012
  upd  711 | return    0.200 | deliv   0.20 | blocked 42.6% | idle  0.6% | ent 0.997
  upd  712 | return    0.000 | deliv   0.00 | blocked 43.0% | idle  0.6% | ent 0.976
  upd  713 | return    0.300 | deliv   0.30 | blocked 47.1% | idle  0.6% | ent 0.954
  upd  714 | return    0.300 | deliv   0.30 | blocked 47.6% | idle  0.6% | ent 0.914
  upd  715 | return    0.300 | deliv   0.30 | blocked 51.8% | idle  0.6% | ent 0.873
  upd  716 | return    0.000 | deliv   0.00 | blocked 52.8% | idle  0.5% | ent 0.853
  upd  717 | return    0.100 | deliv   0.10 | blocked 55.4% | idle  0.6% | ent 0.833
  upd  718 | return    0.100 | deliv   0.10 | blocked 55.7% | idle  0.5% | ent 0.829
  upd  719 | return    0.000 | deliv   0.00 | blocked 53.6% | idle  0.6% | ent 0.833
  upd  720 | return    0.200 | deliv   0.20 | blocked 57.8% | idle  0.4% | ent 0.825
  upd  721 | return    0.200 | deliv   0.20 | blocked 56.5% | idle  0.5% | ent 0.825
  upd  722 | return    0.200 | deliv   0.20 | blocked 56.1% | idle  0.6% | ent 0.820
  upd  723 | return    0.300 | deliv   0.30 | blocked 58.8% | idle  0.5% | ent 0.799
  upd  724 | return    0.500 | deliv   0.50 | blocked 60.0% | idle  0.4% | ent 0.768
  upd  725 | return    0.300 | deliv   0.30 | blocked 59.0% | idle  0.6% | ent 0.792
  upd  726 | return    0.200 | deliv   0.20 | blocked 54.9% | idle  0.6% | ent 0.814
  upd  727 | return    0.000 | deliv   0.00 | blocked 54.0% | idle  0.6% | ent 0.826
  upd  728 | return    0.100 | deliv   0.10 | blocked 50.5% | idle  0.4% | ent 0.849
  upd  729 | return    0.200 | deliv   0.20 | blocked 49.1% | idle  0.5% | ent 0.880
  upd  730 | return    0.300 | deliv   0.30 | blocked 43.6% | idle  0.5% | ent 0.887
  upd  731 | return    0.300 | deliv   0.30 | blocked 43.2% | idle  0.6% | ent 0.884
  upd  732 | return    0.000 | deliv   0.00 | blocked 45.1% | idle  0.5% | ent 0.873
  upd  733 | return    0.200 | deliv   0.20 | blocked 45.1% | idle  0.6% | ent 0.865
  upd  734 | return    0.100 | deliv   0.10 | blocked 43.4% | idle  0.5% | ent 0.866
  upd  735 | return    0.300 | deliv   0.30 | blocked 43.0% | idle  0.4% | ent 0.853
  upd  736 | return    0.000 | deliv   0.00 | blocked 42.7% | idle  0.4% | ent 0.849
  upd  737 | return    0.100 | deliv   0.10 | blocked 44.0% | idle  0.4% | ent 0.844
  upd  738 | return    0.200 | deliv   0.20 | blocked 45.2% | idle  0.4% | ent 0.838
  upd  739 | return    0.000 | deliv   0.00 | blocked 43.2% | idle  0.4% | ent 0.836
  upd  740 | return    0.200 | deliv   0.20 | blocked 40.7% | idle  0.5% | ent 0.836
  upd  741 | return    0.000 | deliv   0.00 | blocked 43.1% | idle  0.5% | ent 0.842
  upd  742 | return    0.300 | deliv   0.30 | blocked 41.0% | idle  0.5% | ent 0.832
  upd  743 | return    0.000 | deliv   0.00 | blocked 41.1% | idle  0.6% | ent 0.836
  upd  744 | return    0.100 | deliv   0.10 | blocked 41.9% | idle  0.6% | ent 0.854
  upd  745 | return    0.100 | deliv   0.10 | blocked 39.5% | idle  0.4% | ent 0.853
  upd  746 | return    0.200 | deliv   0.20 | blocked 36.4% | idle  0.4% | ent 0.833
  upd  747 | return    0.000 | deliv   0.00 | blocked 37.9% | idle  0.4% | ent 0.855
  upd  748 | return    0.100 | deliv   0.10 | blocked 34.9% | idle  0.5% | ent 0.824
  upd  749 | return    0.000 | deliv   0.00 | blocked 37.3% | idle  0.4% | ent 0.850
  upd  750 | return    0.100 | deliv   0.10 | blocked 36.3% | idle  0.5% | ent 0.853
  upd  751 | return    0.000 | deliv   0.00 | blocked 36.3% | idle  0.4% | ent 0.858
  upd  752 | return    0.200 | deliv   0.20 | blocked 37.6% | idle  0.4% | ent 0.876
  upd  753 | return    0.000 | deliv   0.00 | blocked 36.9% | idle  0.5% | ent 0.869
  upd  754 | return    0.300 | deliv   0.30 | blocked 38.3% | idle  0.5% | ent 0.890
  upd  755 | return    0.100 | deliv   0.10 | blocked 37.3% | idle  0.5% | ent 0.879
  upd  756 | return    0.300 | deliv   0.30 | blocked 35.0% | idle  0.4% | ent 0.879
  upd  757 | return    0.100 | deliv   0.10 | blocked 32.8% | idle  0.4% | ent 0.919
  upd  758 | return    0.100 | deliv   0.10 | blocked 31.1% | idle  0.4% | ent 0.958
  upd  759 | return    0.100 | deliv   0.10 | blocked 27.1% | idle  0.5% | ent 0.952
  upd  760 | return    0.300 | deliv   0.30 | blocked 26.5% | idle  0.5% | ent 0.976
  upd  761 | return    0.000 | deliv   0.00 | blocked 26.4% | idle  0.5% | ent 0.993
  upd  762 | return    0.000 | deliv   0.00 | blocked 23.6% | idle  0.3% | ent 0.988
  upd  763 | return    0.000 | deliv   0.00 | blocked 24.0% | idle  0.5% | ent 1.016
  upd  764 | return    0.200 | deliv   0.20 | blocked 21.6% | idle  0.5% | ent 1.016
  upd  765 | return    0.000 | deliv   0.00 | blocked 24.1% | idle  0.5% | ent 1.047
  upd  766 | return    0.000 | deliv   0.00 | blocked 22.1% | idle  0.4% | ent 1.030
  upd  767 | return    0.200 | deliv   0.20 | blocked 22.6% | idle  0.4% | ent 1.045
  upd  768 | return    0.200 | deliv   0.20 | blocked 22.7% | idle  0.4% | ent 1.059
  upd  769 | return    0.000 | deliv   0.00 | blocked 23.8% | idle  0.5% | ent 1.053
  upd  770 | return    0.300 | deliv   0.30 | blocked 22.9% | idle  0.3% | ent 1.039
  upd  771 | return    0.200 | deliv   0.20 | blocked 22.9% | idle  0.5% | ent 1.044
  upd  772 | return    0.000 | deliv   0.00 | blocked 23.7% | idle  0.4% | ent 1.047
  upd  773 | return    0.300 | deliv   0.30 | blocked 24.6% | idle  0.5% | ent 1.037
  upd  774 | return    0.300 | deliv   0.30 | blocked 24.8% | idle  0.4% | ent 1.022
  upd  775 | return    0.300 | deliv   0.30 | blocked 27.7% | idle  0.5% | ent 1.016
  upd  776 | return    0.100 | deliv   0.10 | blocked 28.7% | idle  0.5% | ent 0.996
  upd  777 | return    0.100 | deliv   0.10 | blocked 30.6% | idle  0.5% | ent 0.982
  upd  778 | return    0.200 | deliv   0.20 | blocked 31.3% | idle  0.5% | ent 0.960
  upd  779 | return    0.300 | deliv   0.30 | blocked 34.1% | idle  0.5% | ent 0.955
  upd  780 | return    0.200 | deliv   0.20 | blocked 36.4% | idle  0.5% | ent 0.954
  upd  781 | return    0.300 | deliv   0.30 | blocked 36.3% | idle  0.5% | ent 0.942
  upd  782 | return    0.100 | deliv   0.10 | blocked 37.3% | idle  0.5% | ent 0.942
  upd  783 | return    0.200 | deliv   0.20 | blocked 38.6% | idle  0.5% | ent 0.937
  upd  784 | return    0.200 | deliv   0.20 | blocked 40.3% | idle  0.5% | ent 0.931
  upd  785 | return    0.000 | deliv   0.00 | blocked 40.5% | idle  0.4% | ent 0.933
  upd  786 | return    0.200 | deliv   0.20 | blocked 39.4% | idle  0.4% | ent 0.929
  upd  787 | return    0.100 | deliv   0.10 | blocked 38.9% | idle  0.4% | ent 0.928
  upd  788 | return    0.200 | deliv   0.20 | blocked 41.1% | idle  0.3% | ent 0.933
  upd  789 | return    0.400 | deliv   0.40 | blocked 39.2% | idle  0.4% | ent 0.925
  upd  790 | return    0.200 | deliv   0.20 | blocked 41.5% | idle  0.4% | ent 0.919
  upd  791 | return    0.300 | deliv   0.30 | blocked 41.9% | idle  0.4% | ent 0.908
  upd  792 | return    0.200 | deliv   0.20 | blocked 43.7% | idle  0.3% | ent 0.907
  upd  793 | return    0.100 | deliv   0.10 | blocked 44.1% | idle  0.4% | ent 0.900
  upd  794 | return    0.300 | deliv   0.30 | blocked 47.1% | idle  0.3% | ent 0.883
  upd  795 | return    0.200 | deliv   0.20 | blocked 45.6% | idle  0.5% | ent 0.886
  upd  796 | return    0.300 | deliv   0.30 | blocked 46.4% | idle  0.5% | ent 0.881
  upd  797 | return    0.300 | deliv   0.30 | blocked 46.9% | idle  0.5% | ent 0.882
  upd  798 | return    0.100 | deliv   0.10 | blocked 47.0% | idle  0.5% | ent 0.903
  upd  799 | return    0.100 | deliv   0.10 | blocked 47.2% | idle  0.4% | ent 0.910
  upd  800 | return    0.200 | deliv   0.20 | blocked 43.7% | idle  0.6% | ent 0.928
  upd  801 | return    0.300 | deliv   0.30 | blocked 45.2% | idle  0.5% | ent 0.932
  upd  802 | return    0.200 | deliv   0.20 | blocked 42.8% | idle  0.4% | ent 0.942
ERROR:absl:[process=0] Failed to run 4 Handler Commit operations or the Commit callback in background save thread, directory: /mnt/c/Users/user1/projects/jax_marl3/runs/ia2c_tiny-4ag_seed1/checkpoints/800
Traceback (most recent call last):
  File "/home/user1/miniconda3/envs/jax_env_1/lib/python3.11/site-packages/orbax/checkpoint/_src/checkpointers/async_checkpointer.py", line 229, in _thread_func
    _background_wait_for_commit_futures(
  File "/home/user1/miniconda3/envs/jax_env_1/lib/python3.11/site-packages/orbax/checkpoint/_src/checkpointers/async_checkpointer.py", line 132, in _background_wait_for_commit_futures
    on_commit_callback()
  File "/home/user1/miniconda3/envs/jax_env_1/lib/python3.11/site-packages/orbax/checkpoint/_src/checkpointers/async_checkpointer.py", line 431, in _callback
    _on_commit_callback(
  File "/home/user1/miniconda3/envs/jax_env_1/lib/python3.11/site-packages/orbax/checkpoint/_src/checkpointers/async_checkpointer.py", line 54, in _on_commit_callback
    asyncio_utils.run_sync(
  File "/home/user1/miniconda3/envs/jax_env_1/lib/python3.11/site-packages/orbax/checkpoint/_src/asyncio_utils.py", line 50, in run_sync
    return asyncio.run(coro)
           ^^^^^^^^^^^^^^^^^
  File "/home/user1/miniconda3/envs/jax_env_1/lib/python3.11/asyncio/runners.py", line 190, in run
    return runner.run(main)
           ^^^^^^^^^^^^^^^^
  File "/home/user1/miniconda3/envs/jax_env_1/lib/python3.11/asyncio/runners.py", line 118, in run
    return self._loop.run_until_complete(task)
           ^^^^^^^^^^^^^^^^^^^^^^^^^^^^^^^^^^^
  File "/home/user1/miniconda3/envs/jax_env_1/lib/python3.11/asyncio/base_events.py", line 654, in run_until_complete
    return future.result()
           ^^^^^^^^^^^^^^^
  File "/home/user1/miniconda3/envs/jax_env_1/lib/python3.11/site-packages/orbax/checkpoint/_src/path/atomicity.py", line 844, in on_commit_callback
    await tmp_dir.finalize(
  File "/home/user1/miniconda3/envs/jax_env_1/lib/python3.11/site-packages/orbax/checkpoint/_src/path/atomicity.py", line 555, in finalize
    await async_path.rename(self._tmp_path, self._final_path)
  File "/home/user1/miniconda3/envs/jax_env_1/lib/python3.11/site-packages/orbax/checkpoint/_src/path/async_path.py", line 109, in rename
    return await asyncio.to_thread(src.rename, dst)
           ^^^^^^^^^^^^^^^^^^^^^^^^^^^^^^^^^^^^^^^^
  File "/home/user1/miniconda3/envs/jax_env_1/lib/python3.11/asyncio/threads.py", line 25, in to_thread
    return await loop.run_in_executor(None, func_call)
           ^^^^^^^^^^^^^^^^^^^^^^^^^^^^^^^^^^^^^^^^^^^
  File "/home/user1/miniconda3/envs/jax_env_1/lib/python3.11/concurrent/futures/thread.py", line 58, in run
    result = self.fn(*self.args, **self.kwargs)
             ^^^^^^^^^^^^^^^^^^^^^^^^^^^^^^^^^^
  File "/home/user1/miniconda3/envs/jax_env_1/lib/python3.11/site-packages/etils/epath/gpath.py", line 273, in rename
    backend.rename(self._path_str, os.fspath(target))
  File "/home/user1/miniconda3/envs/jax_env_1/lib/python3.11/site-packages/etils/epath/backend.py", line 214, in rename
    os.rename(path, dst)
PermissionError: [Errno 13] Permission denied: '/mnt/c/Users/user1/projects/jax_marl3/runs/ia2c_tiny-4ag_seed1/checkpoints/800.orbax-checkpoint-tmp' -> '/mnt/c/Users/user1/projects/jax_marl3/runs/ia2c_tiny-4ag_seed1/checkpoints/800'
  upd  803 | return    0.100 | deliv   0.10 | blocked 43.2% | idle  0.4% | ent 0.950
  upd  804 | return    0.200 | deliv   0.20 | blocked 42.3% | idle  0.6% | ent 0.942
  upd  805 | return    0.300 | deliv   0.30 | blocked 44.3% | idle  0.6% | ent 0.924
  upd  806 | return    0.100 | deliv   0.10 | blocked 45.7% | idle  0.4% | ent 0.918
  upd  807 | return    0.200 | deliv   0.20 | blocked 47.0% | idle  0.6% | ent 0.916
  upd  808 | return    0.200 | deliv   0.20 | blocked 48.0% | idle  0.4% | ent 0.892
  upd  809 | return    0.000 | deliv   0.00 | blocked 48.7% | idle  0.5% | ent 0.897
  upd  810 | return    0.200 | deliv   0.20 | blocked 50.1% | idle  0.4% | ent 0.873
  upd  811 | return    0.200 | deliv   0.20 | blocked 50.5% | idle  0.6% | ent 0.875
  upd  812 | return    0.000 | deliv   0.00 | blocked 51.4% | idle  0.4% | ent 0.867
  upd  813 | return    0.300 | deliv   0.30 | blocked 53.5% | idle  0.5% | ent 0.852
  upd  814 | return    0.000 | deliv   0.00 | blocked 52.2% | idle  0.4% | ent 0.840
  upd  815 | return    0.300 | deliv   0.30 | blocked 54.5% | idle  0.5% | ent 0.837
  upd  816 | return    0.000 | deliv   0.00 | blocked 53.9% | idle  0.6% | ent 0.810
  upd  817 | return    0.500 | deliv   0.50 | blocked 55.0% | idle  0.5% | ent 0.786
  upd  818 | return    0.100 | deliv   0.10 | blocked 59.3% | idle  0.5% | ent 0.751
  upd  819 | return    0.200 | deliv   0.20 | blocked 61.7% | idle  0.5% | ent 0.729
  upd  820 | return    0.200 | deliv   0.20 | blocked 65.5% | idle  0.4% | ent 0.687
  upd  821 | return    0.000 | deliv   0.00 | blocked 66.7% | idle  0.4% | ent 0.660
  upd  822 | return    0.200 | deliv   0.20 | blocked 68.6% | idle  0.3% | ent 0.629
  upd  823 | return    0.000 | deliv   0.00 | blocked 66.3% | idle  0.3% | ent 0.648
  upd  824 | return    0.000 | deliv   0.00 | blocked 65.3% | idle  0.4% | ent 0.650
  upd  825 | return    0.200 | deliv   0.20 | blocked 67.1% | idle  0.5% | ent 0.655
  upd  826 | return    0.100 | deliv   0.10 | blocked 65.9% | idle  0.4% | ent 0.657
  upd  827 | return    0.200 | deliv   0.20 | blocked 62.5% | idle  0.3% | ent 0.686
  upd  828 | return    0.200 | deliv   0.20 | blocked 61.8% | idle  0.4% | ent 0.708
  upd  829 | return    0.100 | deliv   0.10 | blocked 62.5% | idle  0.3% | ent 0.714
  upd  830 | return    0.200 | deliv   0.20 | blocked 59.5% | idle  0.5% | ent 0.721
  upd  831 | return    0.300 | deliv   0.30 | blocked 60.1% | idle  0.3% | ent 0.742
  upd  832 | return    0.500 | deliv   0.50 | blocked 58.1% | idle  0.3% | ent 0.753
  upd  833 | return    0.100 | deliv   0.10 | blocked 58.0% | idle  0.3% | ent 0.745
  upd  834 | return    0.600 | deliv   0.60 | blocked 59.7% | idle  0.3% | ent 0.728
  upd  835 | return    0.200 | deliv   0.20 | blocked 59.2% | idle  0.4% | ent 0.747
  upd  836 | return    0.200 | deliv   0.20 | blocked 57.8% | idle  0.4% | ent 0.744
  upd  837 | return    0.200 | deliv   0.20 | blocked 58.6% | idle  0.4% | ent 0.731
  upd  838 | return    0.300 | deliv   0.30 | blocked 57.1% | idle  0.3% | ent 0.729
  upd  839 | return    0.200 | deliv   0.20 | blocked 58.0% | idle  0.3% | ent 0.726
  upd  840 | return    0.400 | deliv   0.40 | blocked 57.7% | idle  0.3% | ent 0.722
  upd  841 | return    0.200 | deliv   0.20 | blocked 58.3% | idle  0.3% | ent 0.716
  upd  842 | return    0.200 | deliv   0.20 | blocked 58.7% | idle  0.3% | ent 0.704
  upd  843 | return    0.200 | deliv   0.20 | blocked 56.8% | idle  0.3% | ent 0.704
  upd  844 | return    0.200 | deliv   0.20 | blocked 59.7% | idle  0.2% | ent 0.692
  upd  845 | return    0.300 | deliv   0.30 | blocked 57.1% | idle  0.3% | ent 0.705
  upd  846 | return    0.000 | deliv   0.00 | blocked 56.6% | idle  0.2% | ent 0.709
  upd  847 | return    0.400 | deliv   0.40 | blocked 56.2% | idle  0.2% | ent 0.700
  upd  848 | return    0.200 | deliv   0.20 | blocked 53.7% | idle  0.3% | ent 0.709
  upd  849 | return    0.400 | deliv   0.40 | blocked 53.9% | idle  0.2% | ent 0.719
  upd  850 | return    0.400 | deliv   0.40 | blocked 53.2% | idle  0.3% | ent 0.732
  upd  851 | return    0.400 | deliv   0.40 | blocked 51.7% | idle  0.3% | ent 0.732
  upd  852 | return    0.100 | deliv   0.10 | blocked 50.7% | idle  0.2% | ent 0.740
  upd  853 | return    0.400 | deliv   0.40 | blocked 52.0% | idle  0.2% | ent 0.757
  upd  854 | return    0.100 | deliv   0.10 | blocked 49.5% | idle  0.2% | ent 0.763
  upd  855 | return    0.100 | deliv   0.10 | blocked 47.3% | idle  0.2% | ent 0.772
  upd  856 | return    0.200 | deliv   0.20 | blocked 46.4% | idle  0.3% | ent 0.799
  upd  857 | return    0.200 | deliv   0.20 | blocked 45.1% | idle  0.2% | ent 0.811
  upd  858 | return    0.200 | deliv   0.20 | blocked 45.4% | idle  0.2% | ent 0.829
  upd  859 | return    0.100 | deliv   0.10 | blocked 42.6% | idle  0.2% | ent 0.838
  upd  860 | return    0.100 | deliv   0.10 | blocked 42.9% | idle  0.3% | ent 0.835
  upd  861 | return    0.400 | deliv   0.40 | blocked 44.2% | idle  0.2% | ent 0.841
  upd  862 | return    0.200 | deliv   0.20 | blocked 43.8% | idle  0.3% | ent 0.834
  upd  863 | return    0.200 | deliv   0.20 | blocked 45.0% | idle  0.2% | ent 0.837
  upd  864 | return    0.300 | deliv   0.30 | blocked 43.6% | idle  0.2% | ent 0.839
  upd  865 | return    0.300 | deliv   0.30 | blocked 43.5% | idle  0.2% | ent 0.833
  upd  866 | return    0.000 | deliv   0.00 | blocked 44.0% | idle  0.2% | ent 0.833
  upd  867 | return    0.100 | deliv   0.10 | blocked 41.2% | idle  0.2% | ent 0.851
  upd  868 | return    0.400 | deliv   0.40 | blocked 42.8% | idle  0.2% | ent 0.853
  upd  869 | return    0.500 | deliv   0.50 | blocked 39.4% | idle  0.2% | ent 0.859
  upd  870 | return    0.300 | deliv   0.30 | blocked 38.7% | idle  0.2% | ent 0.908
  upd  871 | return    0.300 | deliv   0.30 | blocked 35.6% | idle  0.2% | ent 0.918
  upd  872 | return    0.600 | deliv   0.60 | blocked 32.5% | idle  0.3% | ent 0.928
  upd  873 | return    0.400 | deliv   0.40 | blocked 32.4% | idle  0.3% | ent 0.949
  upd  874 | return    0.100 | deliv   0.10 | blocked 33.0% | idle  0.3% | ent 0.972
  upd  875 | return    0.300 | deliv   0.30 | blocked 28.8% | idle  0.3% | ent 0.974
  upd  876 | return    0.100 | deliv   0.10 | blocked 29.7% | idle  0.2% | ent 0.984
  upd  877 | return    0.200 | deliv   0.20 | blocked 29.0% | idle  0.2% | ent 0.995
  upd  878 | return    0.800 | deliv   0.80 | blocked 26.8% | idle  0.2% | ent 1.004
  upd  879 | return    0.200 | deliv   0.20 | blocked 27.2% | idle  0.3% | ent 1.000
  upd  880 | return    0.800 | deliv   0.80 | blocked 26.8% | idle  0.4% | ent 0.988
  upd  881 | return    0.200 | deliv   0.20 | blocked 28.8% | idle  0.3% | ent 0.976
  upd  882 | return    0.400 | deliv   0.40 | blocked 32.1% | idle  0.4% | ent 0.971
  upd  883 | return    0.700 | deliv   0.70 | blocked 33.9% | idle  0.3% | ent 0.937
  upd  884 | return    0.500 | deliv   0.50 | blocked 34.6% | idle  0.3% | ent 0.919
  upd  885 | return    0.100 | deliv   0.10 | blocked 36.7% | idle  0.3% | ent 0.911
  upd  886 | return    0.100 | deliv   0.10 | blocked 36.8% | idle  0.3% | ent 0.886
  upd  887 | return    0.400 | deliv   0.40 | blocked 38.2% | idle  0.3% | ent 0.872
  upd  888 | return    0.300 | deliv   0.30 | blocked 40.9% | idle  0.3% | ent 0.845
  upd  889 | return    0.200 | deliv   0.20 | blocked 40.0% | idle  0.4% | ent 0.835
  upd  890 | return    0.500 | deliv   0.50 | blocked 42.4% | idle  0.3% | ent 0.808
  upd  891 | return    0.200 | deliv   0.20 | blocked 43.1% | idle  0.4% | ent 0.795
  upd  892 | return    0.300 | deliv   0.30 | blocked 43.4% | idle  0.4% | ent 0.777
  upd  893 | return    0.200 | deliv   0.20 | blocked 45.2% | idle  0.3% | ent 0.765
  upd  894 | return    0.500 | deliv   0.50 | blocked 47.3% | idle  0.2% | ent 0.746
  upd  895 | return    0.400 | deliv   0.40 | blocked 47.6% | idle  0.3% | ent 0.748
  upd  896 | return    0.500 | deliv   0.50 | blocked 49.5% | idle  0.4% | ent 0.730
  upd  897 | return    0.100 | deliv   0.10 | blocked 49.6% | idle  0.4% | ent 0.752
  upd  898 | return    0.500 | deliv   0.50 | blocked 47.4% | idle  0.4% | ent 0.762
  upd  899 | return    0.300 | deliv   0.30 | blocked 44.5% | idle  0.4% | ent 0.782
ERROR:absl:[process=0][thread=MainThread][step=800][wait_until_finished] Save Finalize thread (save_finalize) failed.
Traceback (most recent call last):
  File "/home/user1/miniconda3/envs/jax_env_1/lib/python3.11/site-packages/orbax/checkpoint/checkpoint_manager.py", line 2031, in wait_until_finished
    self._finalize_thread.get_not_none().join()
  File "/home/user1/miniconda3/envs/jax_env_1/lib/python3.11/site-packages/orbax/checkpoint/checkpoint_manager.py", line 165, in join
    raise self.exception
  File "/home/user1/miniconda3/envs/jax_env_1/lib/python3.11/site-packages/orbax/checkpoint/checkpoint_manager.py", line 152, in run
    super().run()
  File "/home/user1/miniconda3/envs/jax_env_1/lib/python3.11/threading.py", line 982, in run
    self._target(*self._args, **self._kwargs)
  File "/home/user1/miniconda3/envs/jax_env_1/lib/python3.11/site-packages/orbax/checkpoint/checkpoint_manager.py", line 2126, in _finalize
    self._wait_for_checkpointers()
  File "/home/user1/miniconda3/envs/jax_env_1/lib/python3.11/site-packages/orbax/checkpoint/checkpoint_manager.py", line 1987, in _wait_for_checkpointers
    self._checkpointer.wait_until_finished()  # pytype: disable=attribute-error
    ^^^^^^^^^^^^^^^^^^^^^^^^^^^^^^^^^^^^^^^^
  File "/home/user1/miniconda3/envs/jax_env_1/lib/python3.11/site-packages/orbax/checkpoint/_src/checkpointers/async_checkpointer.py", line 589, in wait_until_finished
    self._async_manager.wait_until_finished()
  File "/home/user1/miniconda3/envs/jax_env_1/lib/python3.11/site-packages/orbax/checkpoint/_src/checkpointers/async_checkpointer.py", line 296, in wait_until_finished
    self.check_for_errors()
  File "/home/user1/miniconda3/envs/jax_env_1/lib/python3.11/site-packages/orbax/checkpoint/_src/checkpointers/async_checkpointer.py", line 271, in check_for_errors
    raise exception  # pylint: disable=raising-bad-type
    ^^^^^^^^^^^^^^^
  File "/home/user1/miniconda3/envs/jax_env_1/lib/python3.11/site-packages/orbax/checkpoint/_src/checkpointers/async_checkpointer.py", line 229, in _thread_func
    _background_wait_for_commit_futures(
  File "/home/user1/miniconda3/envs/jax_env_1/lib/python3.11/site-packages/orbax/checkpoint/_src/checkpointers/async_checkpointer.py", line 132, in _background_wait_for_commit_futures
    on_commit_callback()
  File "/home/user1/miniconda3/envs/jax_env_1/lib/python3.11/site-packages/orbax/checkpoint/_src/checkpointers/async_checkpointer.py", line 431, in _callback
    _on_commit_callback(
  File "/home/user1/miniconda3/envs/jax_env_1/lib/python3.11/site-packages/orbax/checkpoint/_src/checkpointers/async_checkpointer.py", line 54, in _on_commit_callback
    asyncio_utils.run_sync(
  File "/home/user1/miniconda3/envs/jax_env_1/lib/python3.11/site-packages/orbax/checkpoint/_src/asyncio_utils.py", line 50, in run_sync
    return asyncio.run(coro)
           ^^^^^^^^^^^^^^^^^
  File "/home/user1/miniconda3/envs/jax_env_1/lib/python3.11/asyncio/runners.py", line 190, in run
    return runner.run(main)
           ^^^^^^^^^^^^^^^^
  File "/home/user1/miniconda3/envs/jax_env_1/lib/python3.11/asyncio/runners.py", line 118, in run
    return self._loop.run_until_complete(task)
           ^^^^^^^^^^^^^^^^^^^^^^^^^^^^^^^^^^^
  File "/home/user1/miniconda3/envs/jax_env_1/lib/python3.11/asyncio/base_events.py", line 654, in run_until_complete
    return future.result()
           ^^^^^^^^^^^^^^^
  File "/home/user1/miniconda3/envs/jax_env_1/lib/python3.11/site-packages/orbax/checkpoint/_src/path/atomicity.py", line 844, in on_commit_callback
    await tmp_dir.finalize(
  File "/home/user1/miniconda3/envs/jax_env_1/lib/python3.11/site-packages/orbax/checkpoint/_src/path/atomicity.py", line 555, in finalize
    await async_path.rename(self._tmp_path, self._final_path)
  File "/home/user1/miniconda3/envs/jax_env_1/lib/python3.11/site-packages/orbax/checkpoint/_src/path/async_path.py", line 109, in rename
    return await asyncio.to_thread(src.rename, dst)
           ^^^^^^^^^^^^^^^^^^^^^^^^^^^^^^^^^^^^^^^^
  File "/home/user1/miniconda3/envs/jax_env_1/lib/python3.11/asyncio/threads.py", line 25, in to_thread
    return await loop.run_in_executor(None, func_call)
           ^^^^^^^^^^^^^^^^^^^^^^^^^^^^^^^^^^^^^^^^^^^
  File "/home/user1/miniconda3/envs/jax_env_1/lib/python3.11/concurrent/futures/thread.py", line 58, in run
    result = self.fn(*self.args, **self.kwargs)
             ^^^^^^^^^^^^^^^^^^^^^^^^^^^^^^^^^^
  File "/home/user1/miniconda3/envs/jax_env_1/lib/python3.11/site-packages/etils/epath/gpath.py", line 273, in rename
    backend.rename(self._path_str, os.fspath(target))
  File "/home/user1/miniconda3/envs/jax_env_1/lib/python3.11/site-packages/etils/epath/backend.py", line 214, in rename
    os.rename(path, dst)
PermissionError: [Errno 13] Permission denied: '/mnt/c/Users/user1/projects/jax_marl3/runs/ia2c_tiny-4ag_seed1/checkpoints/800.orbax-checkpoint-tmp' -> '/mnt/c/Users/user1/projects/jax_marl3/runs/ia2c_tiny-4ag_seed1/checkpoints/800'
Traceback (most recent call last):
  File "<frozen runpy>", line 198, in _run_module_as_main
  File "<frozen runpy>", line 88, in _run_code
  File "/mnt/c/Users/user1/projects/jax_marl3/scripts/train_mappo.py", line 260, in <module>
    main()
  File "/mnt/c/Users/user1/projects/jax_marl3/scripts/train_mappo.py", line 224, in main
    mgr.save(upd, carry, smoothed_return=ema)
  File "/mnt/c/Users/user1/projects/jax_marl3/algorithms/checkpoint.py", line 61, in save
    self._mgr.save(
  File "/home/user1/miniconda3/envs/jax_env_1/lib/python3.11/site-packages/orbax/checkpoint/checkpoint_manager.py", line 1445, in save
    self.wait_until_finished()
  File "/home/user1/miniconda3/envs/jax_env_1/lib/python3.11/site-packages/orbax/checkpoint/checkpoint_manager.py", line 2031, in wait_until_finished
    self._finalize_thread.get_not_none().join()
  File "/home/user1/miniconda3/envs/jax_env_1/lib/python3.11/site-packages/orbax/checkpoint/checkpoint_manager.py", line 165, in join
    raise self.exception
  File "/home/user1/miniconda3/envs/jax_env_1/lib/python3.11/site-packages/orbax/checkpoint/checkpoint_manager.py", line 152, in run
    super().run()
  File "/home/user1/miniconda3/envs/jax_env_1/lib/python3.11/threading.py", line 982, in run
    self._target(*self._args, **self._kwargs)
  File "/home/user1/miniconda3/envs/jax_env_1/lib/python3.11/site-packages/orbax/checkpoint/checkpoint_manager.py", line 2126, in _finalize
    self._wait_for_checkpointers()
  File "/home/user1/miniconda3/envs/jax_env_1/lib/python3.11/site-packages/orbax/checkpoint/checkpoint_manager.py", line 1987, in _wait_for_checkpointers
    self._checkpointer.wait_until_finished()  # pytype: disable=attribute-error
    ^^^^^^^^^^^^^^^^^^^^^^^^^^^^^^^^^^^^^^^^
  File "/home/user1/miniconda3/envs/jax_env_1/lib/python3.11/site-packages/orbax/checkpoint/_src/checkpointers/async_checkpointer.py", line 589, in wait_until_finished
    self._async_manager.wait_until_finished()
  File "/home/user1/miniconda3/envs/jax_env_1/lib/python3.11/site-packages/orbax/checkpoint/_src/checkpointers/async_checkpointer.py", line 296, in wait_until_finished
    self.check_for_errors()
  File "/home/user1/miniconda3/envs/jax_env_1/lib/python3.11/site-packages/orbax/checkpoint/_src/checkpointers/async_checkpointer.py", line 271, in check_for_errors
    raise exception  # pylint: disable=raising-bad-type
    ^^^^^^^^^^^^^^^
  File "/home/user1/miniconda3/envs/jax_env_1/lib/python3.11/site-packages/orbax/checkpoint/_src/checkpointers/async_checkpointer.py", line 229, in _thread_func
    _background_wait_for_commit_futures(
  File "/home/user1/miniconda3/envs/jax_env_1/lib/python3.11/site-packages/orbax/checkpoint/_src/checkpointers/async_checkpointer.py", line 132, in _background_wait_for_commit_futures
    on_commit_callback()
  File "/home/user1/miniconda3/envs/jax_env_1/lib/python3.11/site-packages/orbax/checkpoint/_src/checkpointers/async_checkpointer.py", line 431, in _callback
    _on_commit_callback(
  File "/home/user1/miniconda3/envs/jax_env_1/lib/python3.11/site-packages/orbax/checkpoint/_src/checkpointers/async_checkpointer.py", line 54, in _on_commit_callback
    asyncio_utils.run_sync(
  File "/home/user1/miniconda3/envs/jax_env_1/lib/python3.11/site-packages/orbax/checkpoint/_src/asyncio_utils.py", line 50, in run_sync
    return asyncio.run(coro)
           ^^^^^^^^^^^^^^^^^
  File "/home/user1/miniconda3/envs/jax_env_1/lib/python3.11/asyncio/runners.py", line 190, in run
    return runner.run(main)
           ^^^^^^^^^^^^^^^^
  File "/home/user1/miniconda3/envs/jax_env_1/lib/python3.11/asyncio/runners.py", line 118, in run
    return self._loop.run_until_complete(task)
           ^^^^^^^^^^^^^^^^^^^^^^^^^^^^^^^^^^^
  File "/home/user1/miniconda3/envs/jax_env_1/lib/python3.11/asyncio/base_events.py", line 654, in run_until_complete
    return future.result()
           ^^^^^^^^^^^^^^^
  File "/home/user1/miniconda3/envs/jax_env_1/lib/python3.11/site-packages/orbax/checkpoint/_src/path/atomicity.py", line 844, in on_commit_callback
    await tmp_dir.finalize(
  File "/home/user1/miniconda3/envs/jax_env_1/lib/python3.11/site-packages/orbax/checkpoint/_src/path/atomicity.py", line 555, in finalize
    await async_path.rename(self._tmp_path, self._final_path)
  File "/home/user1/miniconda3/envs/jax_env_1/lib/python3.11/site-packages/orbax/checkpoint/_src/path/async_path.py", line 109, in rename
    return await asyncio.to_thread(src.rename, dst)
           ^^^^^^^^^^^^^^^^^^^^^^^^^^^^^^^^^^^^^^^^
  File "/home/user1/miniconda3/envs/jax_env_1/lib/python3.11/asyncio/threads.py", line 25, in to_thread
    return await loop.run_in_executor(None, func_call)
           ^^^^^^^^^^^^^^^^^^^^^^^^^^^^^^^^^^^^^^^^^^^
  File "/home/user1/miniconda3/envs/jax_env_1/lib/python3.11/concurrent/futures/thread.py", line 58, in run
    result = self.fn(*self.args, **self.kwargs)
             ^^^^^^^^^^^^^^^^^^^^^^^^^^^^^^^^^^
  File "/home/user1/miniconda3/envs/jax_env_1/lib/python3.11/site-packages/etils/epath/gpath.py", line 273, in rename
    backend.rename(self._path_str, os.fspath(target))
  File "/home/user1/miniconda3/envs/jax_env_1/lib/python3.11/site-packages/etils/epath/backend.py", line 214, in rename
    os.rename(path, dst)
PermissionError: [Errno 13] Permission denied: '/mnt/c/Users/user1/projects/jax_marl3/runs/ia2c_tiny-4ag_seed1/checkpoints/800.orbax-checkpoint-tmp' -> '/mnt/c/Users/user1/projects/jax_marl3/runs/ia2c_tiny-4ag_seed1/checkpoints/800'
