E0614 00:22:39.568782   17332 cuda_executor.cc:1526] Could not get kernel mode driver version: (INVALID_ARGUMENT: Version does not match the format X.Y.Z)
E0614 00:22:39.586518   17290 cuda_executor.cc:1526] Could not get kernel mode driver version: (INVALID_ARGUMENT: Version does not match the format X.Y.Z)
algo=maa2c (centralised_critic=True, use_ppo=False, use_rnn=True)
env=rware-tiny-4ag  parallel_envs=10 time_limit=500  updates=4000  (steps/update=5000)  seed=2
run-dir=runs/maa2c_tiny-4ag_seed2  chunk=100 updates/save  max_to_keep=5
resumed from checkpoint step 3000 (latest) (15,000,000 env steps)
live per-update log (return / deliveries / blocked% / idle% / entropy) follows; watch entropy — a fast drop toward 0 means exploration collapse:

  [replay @ update 3000] return 4.00  deliveries 4  -> runs/maa2c_tiny-4ag_seed2/replays/replay_upd003000_s0.npz
  upd 3000 | return    4.800 | deliv   4.80 | blocked 18.6% | idle  0.4% | ent 0.609
  upd 3001 | return    3.900 | deliv   3.90 | blocked 17.9% | idle  0.4% | ent 0.600
  upd 3002 | return    3.600 | deliv   3.60 | blocked 18.3% | idle  0.5% | ent 0.587
  upd 3003 | return    4.000 | deliv   4.00 | blocked 17.8% | idle  0.5% | ent 0.562
  upd 3004 | return    3.600 | deliv   3.60 | blocked 19.0% | idle  0.4% | ent 0.551
  upd 3005 | return    3.400 | deliv   3.40 | blocked 19.1% | idle  0.4% | ent 0.518
  upd 3006 | return    4.200 | deliv   4.20 | blocked 16.8% | idle  0.3% | ent 0.536
  upd 3007 | return    4.400 | deliv   4.40 | blocked 21.6% | idle  0.3% | ent 0.513
  upd 3008 | return    2.200 | deliv   2.20 | blocked 19.6% | idle  0.4% | ent 0.491
  upd 3009 | return    3.500 | deliv   3.50 | blocked 22.0% | idle  0.4% | ent 0.484
  upd 3010 | return    3.500 | deliv   3.50 | blocked 19.1% | idle  0.3% | ent 0.474
  upd 3011 | return    4.600 | deliv   4.60 | blocked 19.9% | idle  0.4% | ent 0.468
  upd 3012 | return    3.000 | deliv   3.00 | blocked 19.9% | idle  0.4% | ent 0.459
  upd 3013 | return    4.300 | deliv   4.30 | blocked 16.8% | idle  0.4% | ent 0.472
  upd 3014 | return    3.700 | deliv   3.70 | blocked 16.4% | idle  0.3% | ent 0.480
  upd 3015 | return    4.200 | deliv   4.20 | blocked 17.2% | idle  0.3% | ent 0.473
  upd 3016 | return    3.800 | deliv   3.80 | blocked 17.2% | idle  0.4% | ent 0.479
  upd 3017 | return    4.700 | deliv   4.70 | blocked 15.0% | idle  0.4% | ent 0.491
  upd 3018 | return    2.400 | deliv   2.40 | blocked 15.1% | idle  0.5% | ent 0.491
  upd 3019 | return    4.400 | deliv   4.40 | blocked 13.9% | idle  0.4% | ent 0.475
  upd 3020 | return    5.500 | deliv   5.50 | blocked 15.1% | idle  0.5% | ent 0.517
  upd 3021 | return    4.400 | deliv   4.40 | blocked 12.8% | idle  0.4% | ent 0.530
  upd 3022 | return    4.600 | deliv   4.60 | blocked 12.4% | idle  0.4% | ent 0.526
  upd 3023 | return    4.000 | deliv   4.00 | blocked 13.4% | idle  0.5% | ent 0.543
  upd 3024 | return    4.800 | deliv   4.80 | blocked 12.2% | idle  0.4% | ent 0.540
  upd 3025 | return    4.700 | deliv   4.70 | blocked 12.4% | idle  0.4% | ent 0.539
  upd 3026 | return    3.200 | deliv   3.20 | blocked 11.4% | idle  0.4% | ent 0.569
  upd 3027 | return    4.800 | deliv   4.80 | blocked 11.0% | idle  0.4% | ent 0.546
  upd 3028 | return    3.300 | deliv   3.30 | blocked 13.0% | idle  0.4% | ent 0.580
  upd 3029 | return    3.500 | deliv   3.50 | blocked 13.5% | idle  0.5% | ent 0.586
  upd 3030 | return    3.900 | deliv   3.90 | blocked 11.1% | idle  0.4% | ent 0.596
  upd 3031 | return    3.100 | deliv   3.10 | blocked 11.3% | idle  0.5% | ent 0.595
  upd 3032 | return    3.700 | deliv   3.70 | blocked 11.8% | idle  0.5% | ent 0.599
  upd 3033 | return    4.100 | deliv   4.10 | blocked 10.0% | idle  0.4% | ent 0.582
  upd 3034 | return    2.400 | deliv   2.40 | blocked 11.9% | idle  0.4% | ent 0.570
  upd 3035 | return    4.200 | deliv   4.20 | blocked 10.7% | idle  0.4% | ent 0.591
  upd 3036 | return    3.700 | deliv   3.70 | blocked 12.2% | idle  0.4% | ent 0.564
  upd 3037 | return    4.100 | deliv   4.10 | blocked 13.1% | idle  0.5% | ent 0.535
  upd 3038 | return    4.500 | deliv   4.50 | blocked 14.2% | idle  0.4% | ent 0.550
  upd 3039 | return    4.100 | deliv   4.10 | blocked 10.5% | idle  0.3% | ent 0.531
  upd 3040 | return    3.900 | deliv   3.90 | blocked 12.5% | idle  0.3% | ent 0.520
  upd 3041 | return    3.900 | deliv   3.90 | blocked 13.0% | idle  0.3% | ent 0.521
  upd 3042 | return    2.700 | deliv   2.70 | blocked  9.3% | idle  0.3% | ent 0.517
  upd 3043 | return    4.300 | deliv   4.30 | blocked 11.8% | idle  0.2% | ent 0.507
  upd 3044 | return    3.200 | deliv   3.20 | blocked 10.0% | idle  0.4% | ent 0.537
  upd 3045 | return    3.900 | deliv   3.90 | blocked 10.3% | idle  0.3% | ent 0.528
  upd 3046 | return    5.100 | deliv   5.10 | blocked 10.8% | idle  0.3% | ent 0.505
  upd 3047 | return    3.500 | deliv   3.50 | blocked 12.9% | idle  0.3% | ent 0.481
  upd 3048 | return    4.200 | deliv   4.20 | blocked 11.1% | idle  0.3% | ent 0.539
  upd 3049 | return    4.000 | deliv   4.00 | blocked 11.5% | idle  0.3% | ent 0.510
  upd 3050 | return    3.400 | deliv   3.40 | blocked 14.8% | idle  0.2% | ent 0.492
  upd 3051 | return    4.700 | deliv   4.70 | blocked 13.2% | idle  0.2% | ent 0.502
  upd 3052 | return    3.500 | deliv   3.50 | blocked 14.0% | idle  0.3% | ent 0.511
  upd 3053 | return    4.000 | deliv   4.00 | blocked 12.8% | idle  0.4% | ent 0.508
  upd 3054 | return    2.900 | deliv   2.90 | blocked 12.0% | idle  0.3% | ent 0.476
  upd 3055 | return    3.900 | deliv   3.90 | blocked 14.3% | idle  0.3% | ent 0.504
  upd 3056 | return    3.700 | deliv   3.70 | blocked 10.5% | idle  0.3% | ent 0.503
  upd 3057 | return    3.200 | deliv   3.20 | blocked 11.4% | idle  0.3% | ent 0.511
  upd 3058 | return    4.400 | deliv   4.40 | blocked 10.3% | idle  0.3% | ent 0.505
  upd 3059 | return    3.700 | deliv   3.70 | blocked  8.8% | idle  0.3% | ent 0.511
  upd 3060 | return    4.000 | deliv   4.00 | blocked  9.0% | idle  0.3% | ent 0.501
  upd 3061 | return    3.100 | deliv   3.10 | blocked  7.7% | idle  0.4% | ent 0.507
  upd 3062 | return    4.400 | deliv   4.40 | blocked  9.2% | idle  0.3% | ent 0.460
  upd 3063 | return    3.200 | deliv   3.20 | blocked 10.1% | idle  0.3% | ent 0.482
  upd 3064 | return    4.100 | deliv   4.10 | blocked  7.7% | idle  0.3% | ent 0.497
  upd 3065 | return    3.300 | deliv   3.30 | blocked  8.0% | idle  0.3% | ent 0.465
  upd 3066 | return    3.100 | deliv   3.10 | blocked  9.2% | idle  0.3% | ent 0.440
  upd 3067 | return    5.300 | deliv   5.30 | blocked  7.5% | idle  0.3% | ent 0.497
  upd 3068 | return    3.400 | deliv   3.40 | blocked  9.2% | idle  0.3% | ent 0.501
  upd 3069 | return    3.800 | deliv   3.80 | blocked  7.8% | idle  0.4% | ent 0.502
  upd 3070 | return    2.600 | deliv   2.60 | blocked  8.8% | idle  0.3% | ent 0.517
  upd 3071 | return    3.200 | deliv   3.20 | blocked  9.8% | idle  0.4% | ent 0.496
  upd 3072 | return    5.800 | deliv   5.80 | blocked  7.4% | idle  0.2% | ent 0.487
  upd 3073 | return    3.500 | deliv   3.50 | blocked  8.7% | idle  0.3% | ent 0.484
  upd 3074 | return    4.700 | deliv   4.70 | blocked  9.4% | idle  0.2% | ent 0.458
  upd 3075 | return    4.200 | deliv   4.20 | blocked  9.1% | idle  0.3% | ent 0.472
  upd 3076 | return    3.200 | deliv   3.20 | blocked  8.4% | idle  0.3% | ent 0.485
  upd 3077 | return    2.900 | deliv   2.90 | blocked  8.6% | idle  0.3% | ent 0.501
  upd 3078 | return    4.300 | deliv   4.30 | blocked  9.7% | idle  0.3% | ent 0.474
  upd 3079 | return    4.300 | deliv   4.30 | blocked  7.0% | idle  0.3% | ent 0.499
  upd 3080 | return    4.600 | deliv   4.60 | blocked  9.4% | idle  0.3% | ent 0.489
  upd 3081 | return    5.300 | deliv   5.30 | blocked  9.2% | idle  0.3% | ent 0.491
  upd 3082 | return    3.500 | deliv   3.50 | blocked  9.1% | idle  0.3% | ent 0.518
  upd 3083 | return    4.000 | deliv   4.00 | blocked  9.2% | idle  0.2% | ent 0.515
  upd 3084 | return    3.600 | deliv   3.60 | blocked  9.5% | idle  0.3% | ent 0.529
  upd 3085 | return    3.600 | deliv   3.60 | blocked 12.4% | idle  0.3% | ent 0.498
  upd 3086 | return    3.400 | deliv   3.40 | blocked  9.0% | idle  0.3% | ent 0.536
  upd 3087 | return    3.900 | deliv   3.90 | blocked 11.5% | idle  0.3% | ent 0.526
  upd 3088 | return    4.100 | deliv   4.10 | blocked 10.0% | idle  0.2% | ent 0.533
  upd 3089 | return    4.700 | deliv   4.70 | blocked  8.7% | idle  0.3% | ent 0.543
  upd 3090 | return    4.700 | deliv   4.70 | blocked 10.9% | idle  0.3% | ent 0.532
  upd 3091 | return    2.800 | deliv   2.80 | blocked 12.3% | idle  0.3% | ent 0.537
  upd 3092 | return    4.000 | deliv   4.00 | blocked 12.1% | idle  0.3% | ent 0.531
  upd 3093 | return    3.600 | deliv   3.60 | blocked 11.9% | idle  0.3% | ent 0.516
  upd 3094 | return    2.600 | deliv   2.60 | blocked 10.8% | idle  0.3% | ent 0.537
  upd 3095 | return    3.500 | deliv   3.50 | blocked  9.4% | idle  0.3% | ent 0.557
  upd 3096 | return    3.800 | deliv   3.80 | blocked 10.6% | idle  0.4% | ent 0.570
  upd 3097 | return    2.900 | deliv   2.90 | blocked 11.0% | idle  0.3% | ent 0.543
  upd 3098 | return    3.300 | deliv   3.30 | blocked 12.0% | idle  0.3% | ent 0.502
  upd 3099 | return    4.300 | deliv   4.30 | blocked 12.7% | idle  0.3% | ent 0.540
  [replay @ update 3100] return 1.00  deliveries 1  -> runs/maa2c_tiny-4ag_seed2/replays/replay_upd003100_s0.npz
  upd 3100 | return    5.100 | deliv   5.10 | blocked 12.0% | idle  0.3% | ent 0.554
  upd 3101 | return    5.600 | deliv   5.60 | blocked 12.7% | idle  0.3% | ent 0.550
  upd 3102 | return    2.900 | deliv   2.90 | blocked 13.2% | idle  0.4% | ent 0.524
  upd 3103 | return    3.200 | deliv   3.20 | blocked 15.6% | idle  0.3% | ent 0.511
  upd 3104 | return    3.300 | deliv   3.30 | blocked 14.8% | idle  0.4% | ent 0.497
  upd 3105 | return    5.300 | deliv   5.30 | blocked 14.0% | idle  0.2% | ent 0.514
  upd 3106 | return    4.000 | deliv   4.00 | blocked 15.3% | idle  0.3% | ent 0.515
  upd 3107 | return    4.100 | deliv   4.10 | blocked 17.7% | idle  0.3% | ent 0.510
  upd 3108 | return    3.700 | deliv   3.70 | blocked 17.8% | idle  0.3% | ent 0.487
  upd 3109 | return    4.800 | deliv   4.80 | blocked 15.3% | idle  0.3% | ent 0.525
  upd 3110 | return    2.600 | deliv   2.60 | blocked 14.4% | idle  0.3% | ent 0.518
  upd 3111 | return    3.500 | deliv   3.50 | blocked 13.8% | idle  0.3% | ent 0.513
  upd 3112 | return    5.800 | deliv   5.80 | blocked 15.2% | idle  0.2% | ent 0.514
  upd 3113 | return    2.800 | deliv   2.80 | blocked 16.2% | idle  0.3% | ent 0.502
  upd 3114 | return    3.400 | deliv   3.40 | blocked 14.9% | idle  0.3% | ent 0.509
  upd 3115 | return    3.900 | deliv   3.90 | blocked 16.0% | idle  0.3% | ent 0.536
  upd 3116 | return    3.800 | deliv   3.80 | blocked 15.9% | idle  0.3% | ent 0.529
  upd 3117 | return    4.300 | deliv   4.30 | blocked 15.2% | idle  0.3% | ent 0.524
  upd 3118 | return    4.900 | deliv   4.90 | blocked 14.4% | idle  0.3% | ent 0.536
  upd 3119 | return    3.800 | deliv   3.80 | blocked 13.4% | idle  0.4% | ent 0.516
  upd 3120 | return    3.600 | deliv   3.60 | blocked 13.7% | idle  0.3% | ent 0.519
  upd 3121 | return    3.400 | deliv   3.40 | blocked 12.2% | idle  0.3% | ent 0.499
  upd 3122 | return    3.500 | deliv   3.50 | blocked 11.6% | idle  0.3% | ent 0.530
  upd 3123 | return    4.700 | deliv   4.70 | blocked 10.2% | idle  0.3% | ent 0.523
  upd 3124 | return    5.300 | deliv   5.30 | blocked  7.5% | idle  0.3% | ent 0.533
  upd 3125 | return    4.900 | deliv   4.90 | blocked  9.6% | idle  0.3% | ent 0.540
  upd 3126 | return    4.100 | deliv   4.10 | blocked  8.4% | idle  0.4% | ent 0.511
  upd 3127 | return    1.800 | deliv   1.80 | blocked  7.5% | idle  0.4% | ent 0.572
  upd 3128 | return    3.900 | deliv   3.90 | blocked 10.6% | idle  0.3% | ent 0.558
  upd 3129 | return    4.000 | deliv   4.00 | blocked  8.8% | idle  0.3% | ent 0.557
  upd 3130 | return    3.000 | deliv   3.00 | blocked  9.1% | idle  0.4% | ent 0.502
  upd 3131 | return    4.100 | deliv   4.10 | blocked  7.8% | idle  0.4% | ent 0.522
  upd 3132 | return    5.400 | deliv   5.40 | blocked  8.2% | idle  0.2% | ent 0.428
  upd 3133 | return    4.200 | deliv   4.20 | blocked  7.4% | idle  0.4% | ent 0.568
  upd 3134 | return    2.900 | deliv   2.90 | blocked  7.8% | idle  0.3% | ent 0.524
  upd 3135 | return    4.700 | deliv   4.70 | blocked  6.6% | idle  0.2% | ent 0.514
  upd 3136 | return    3.200 | deliv   3.20 | blocked  9.8% | idle  0.4% | ent 0.551
  upd 3137 | return    2.800 | deliv   2.80 | blocked  8.7% | idle  0.3% | ent 0.492
  upd 3138 | return    3.900 | deliv   3.90 | blocked 10.7% | idle  0.2% | ent 0.482
  upd 3139 | return    4.800 | deliv   4.80 | blocked  6.7% | idle  0.3% | ent 0.515
  upd 3140 | return    3.500 | deliv   3.50 | blocked  7.1% | idle  0.4% | ent 0.515
  upd 3141 | return    3.800 | deliv   3.80 | blocked  5.9% | idle  0.3% | ent 0.489
  upd 3142 | return    4.500 | deliv   4.50 | blocked  5.6% | idle  0.3% | ent 0.493
  upd 3143 | return    4.000 | deliv   4.00 | blocked  6.3% | idle  0.3% | ent 0.443
  upd 3144 | return    4.700 | deliv   4.70 | blocked  6.9% | idle  0.3% | ent 0.503
  upd 3145 | return    2.700 | deliv   2.70 | blocked  8.7% | idle  0.4% | ent 0.518
  upd 3146 | return    3.500 | deliv   3.50 | blocked  7.5% | idle  0.3% | ent 0.446
  upd 3147 | return    5.400 | deliv   5.40 | blocked  6.3% | idle  0.3% | ent 0.507
  upd 3148 | return    4.900 | deliv   4.90 | blocked  7.8% | idle  0.3% | ent 0.502
  upd 3149 | return    4.700 | deliv   4.70 | blocked  9.0% | idle  0.4% | ent 0.525
  upd 3150 | return    3.600 | deliv   3.60 | blocked  7.8% | idle  0.3% | ent 0.515
  upd 3151 | return    4.200 | deliv   4.20 | blocked 10.0% | idle  0.4% | ent 0.543
  upd 3152 | return    4.600 | deliv   4.60 | blocked  9.0% | idle  0.3% | ent 0.575
  upd 3153 | return    3.700 | deliv   3.70 | blocked 10.0% | idle  0.3% | ent 0.537
  upd 3154 | return    3.800 | deliv   3.80 | blocked  9.9% | idle  0.4% | ent 0.551
  upd 3155 | return    4.100 | deliv   4.10 | blocked 12.3% | idle  0.4% | ent 0.562
  upd 3156 | return    3.700 | deliv   3.70 | blocked 10.1% | idle  0.3% | ent 0.567
  upd 3157 | return    2.900 | deliv   2.90 | blocked 11.8% | idle  0.4% | ent 0.547
  upd 3158 | return    4.200 | deliv   4.20 | blocked 10.4% | idle  0.4% | ent 0.607
  upd 3159 | return    2.600 | deliv   2.60 | blocked 13.3% | idle  0.3% | ent 0.538
  upd 3160 | return    2.800 | deliv   2.80 | blocked 10.4% | idle  0.4% | ent 0.601
  upd 3161 | return    3.700 | deliv   3.70 | blocked 12.6% | idle  0.4% | ent 0.622
  upd 3162 | return    3.100 | deliv   3.10 | blocked 11.1% | idle  0.4% | ent 0.625
  upd 3163 | return    4.100 | deliv   4.10 | blocked 11.9% | idle  0.5% | ent 0.619
  upd 3164 | return    5.300 | deliv   5.30 | blocked 12.9% | idle  0.4% | ent 0.646
  upd 3165 | return    3.800 | deliv   3.80 | blocked 14.7% | idle  0.6% | ent 0.669
  upd 3166 | return    3.000 | deliv   3.00 | blocked 16.0% | idle  0.5% | ent 0.600
  upd 3167 | return    4.700 | deliv   4.70 | blocked 12.5% | idle  0.5% | ent 0.679
  upd 3168 | return    4.200 | deliv   4.20 | blocked 15.4% | idle  0.5% | ent 0.648
  upd 3169 | return    3.900 | deliv   3.90 | blocked 16.7% | idle  0.5% | ent 0.601
  upd 3170 | return    4.000 | deliv   4.00 | blocked 14.3% | idle  0.5% | ent 0.644
  upd 3171 | return    4.500 | deliv   4.50 | blocked 15.9% | idle  0.5% | ent 0.704
  upd 3172 | return    3.300 | deliv   3.30 | blocked 15.3% | idle  0.5% | ent 0.616
  upd 3173 | return    3.800 | deliv   3.80 | blocked 14.3% | idle  0.5% | ent 0.562
  upd 3174 | return    4.700 | deliv   4.70 | blocked 16.0% | idle  0.4% | ent 0.608
  upd 3175 | return    2.200 | deliv   2.20 | blocked 16.4% | idle  0.4% | ent 0.536
  upd 3176 | return    4.400 | deliv   4.40 | blocked 15.2% | idle  0.5% | ent 0.604
  upd 3177 | return    3.900 | deliv   3.90 | blocked 12.8% | idle  0.5% | ent 0.547
  upd 3178 | return    3.300 | deliv   3.30 | blocked 14.8% | idle  0.4% | ent 0.552
  upd 3179 | return    3.400 | deliv   3.40 | blocked 13.9% | idle  0.5% | ent 0.575
  upd 3180 | return    3.500 | deliv   3.50 | blocked 15.0% | idle  0.5% | ent 0.579
  upd 3181 | return    4.800 | deliv   4.80 | blocked 12.3% | idle  0.5% | ent 0.581
  upd 3182 | return    5.600 | deliv   5.60 | blocked 13.8% | idle  0.4% | ent 0.556
  upd 3183 | return    3.700 | deliv   3.70 | blocked 13.6% | idle  0.4% | ent 0.570
  upd 3184 | return    4.200 | deliv   4.20 | blocked 13.0% | idle  0.3% | ent 0.544
  upd 3185 | return    3.500 | deliv   3.50 | blocked 12.5% | idle  0.4% | ent 0.532
  upd 3186 | return    3.800 | deliv   3.80 | blocked 11.9% | idle  0.6% | ent 0.547
  upd 3187 | return    2.800 | deliv   2.80 | blocked 11.0% | idle  0.5% | ent 0.531
  upd 3188 | return    4.600 | deliv   4.60 | blocked 10.6% | idle  0.5% | ent 0.594
  upd 3189 | return    5.800 | deliv   5.80 | blocked  9.9% | idle  0.5% | ent 0.600
  upd 3190 | return    3.400 | deliv   3.40 | blocked  9.4% | idle  0.4% | ent 0.580
  upd 3191 | return    3.700 | deliv   3.70 | blocked 12.1% | idle  0.4% | ent 0.585
  upd 3192 | return    3.800 | deliv   3.80 | blocked 10.3% | idle  0.5% | ent 0.644
  upd 3193 | return    4.400 | deliv   4.40 | blocked  9.9% | idle  0.5% | ent 0.595
  upd 3194 | return    4.300 | deliv   4.30 | blocked 11.6% | idle  0.5% | ent 0.561
  upd 3195 | return    4.300 | deliv   4.30 | blocked 12.6% | idle  0.4% | ent 0.566
  upd 3196 | return    2.400 | deliv   2.40 | blocked 12.7% | idle  0.4% | ent 0.515
  upd 3197 | return    3.000 | deliv   3.00 | blocked 12.5% | idle  0.4% | ent 0.539
  upd 3198 | return    4.800 | deliv   4.80 | blocked 11.7% | idle  0.3% | ent 0.542
  upd 3199 | return    3.600 | deliv   3.60 | blocked 14.5% | idle  0.4% | ent 0.546
  [replay @ update 3200] return 1.00  deliveries 1  -> runs/maa2c_tiny-4ag_seed2/replays/replay_upd003200_s0.npz
  upd 3200 | return    4.300 | deliv   4.30 | blocked 13.6% | idle  0.4% | ent 0.508
  upd 3201 | return    4.500 | deliv   4.50 | blocked 12.3% | idle  0.4% | ent 0.534
  upd 3202 | return    4.100 | deliv   4.10 | blocked 13.3% | idle  0.3% | ent 0.521
  upd 3203 | return    2.800 | deliv   2.80 | blocked 13.0% | idle  0.4% | ent 0.527
  upd 3204 | return    5.000 | deliv   5.00 | blocked 12.4% | idle  0.4% | ent 0.541
  upd 3205 | return    3.700 | deliv   3.70 | blocked 15.4% | idle  0.5% | ent 0.557
  upd 3206 | return    4.900 | deliv   4.90 | blocked 11.9% | idle  0.3% | ent 0.529
  upd 3207 | return    4.200 | deliv   4.20 | blocked 15.4% | idle  0.5% | ent 0.516
  upd 3208 | return    4.300 | deliv   4.30 | blocked 14.3% | idle  0.5% | ent 0.516
  upd 3209 | return    5.200 | deliv   5.20 | blocked 13.5% | idle  0.5% | ent 0.584
  upd 3210 | return    6.200 | deliv   6.20 | blocked 14.6% | idle  0.4% | ent 0.572
  upd 3211 | return    3.600 | deliv   3.60 | blocked 15.7% | idle  0.5% | ent 0.550
  upd 3212 | return    3.500 | deliv   3.50 | blocked 14.7% | idle  0.4% | ent 0.534
  upd 3213 | return    4.600 | deliv   4.60 | blocked 13.5% | idle  0.4% | ent 0.552
  upd 3214 | return    3.500 | deliv   3.50 | blocked 16.0% | idle  0.5% | ent 0.523
  upd 3215 | return    4.300 | deliv   4.30 | blocked 18.5% | idle  0.4% | ent 0.488
  upd 3216 | return    5.600 | deliv   5.60 | blocked 12.8% | idle  0.5% | ent 0.592
  upd 3217 | return    4.400 | deliv   4.40 | blocked 14.0% | idle  0.4% | ent 0.583
  upd 3218 | return    3.200 | deliv   3.20 | blocked 15.0% | idle  0.4% | ent 0.507
  upd 3219 | return    4.300 | deliv   4.30 | blocked 13.1% | idle  0.5% | ent 0.556
  upd 3220 | return    5.400 | deliv   5.40 | blocked 15.6% | idle  0.6% | ent 0.614
  upd 3221 | return    4.000 | deliv   4.00 | blocked 12.7% | idle  0.5% | ent 0.590
  upd 3222 | return    3.600 | deliv   3.60 | blocked 12.4% | idle  0.4% | ent 0.563
  upd 3223 | return    3.100 | deliv   3.10 | blocked 13.4% | idle  0.5% | ent 0.536
  upd 3224 | return    5.500 | deliv   5.50 | blocked 12.8% | idle  0.4% | ent 0.552
  upd 3225 | return    3.800 | deliv   3.80 | blocked 12.0% | idle  0.5% | ent 0.540
  upd 3226 | return    3.800 | deliv   3.80 | blocked 14.4% | idle  0.4% | ent 0.526
  upd 3227 | return    4.000 | deliv   4.00 | blocked 13.3% | idle  0.5% | ent 0.514
  upd 3228 | return    2.900 | deliv   2.90 | blocked 12.4% | idle  0.4% | ent 0.542
  upd 3229 | return    4.000 | deliv   4.00 | blocked 10.5% | idle  0.6% | ent 0.572
  upd 3230 | return    3.800 | deliv   3.80 | blocked 10.8% | idle  0.5% | ent 0.545
  upd 3231 | return    4.900 | deliv   4.90 | blocked 10.5% | idle  0.6% | ent 0.601
  upd 3232 | return    3.900 | deliv   3.90 | blocked 10.4% | idle  0.6% | ent 0.570
  upd 3233 | return    5.400 | deliv   5.40 | blocked  9.0% | idle  0.6% | ent 0.600
  upd 3234 | return    4.200 | deliv   4.20 | blocked  9.7% | idle  0.5% | ent 0.617
  upd 3235 | return    4.700 | deliv   4.70 | blocked  9.2% | idle  0.6% | ent 0.606
  upd 3236 | return    2.800 | deliv   2.80 | blocked 12.8% | idle  0.5% | ent 0.577
  upd 3237 | return    3.800 | deliv   3.80 | blocked 11.5% | idle  0.5% | ent 0.592
  upd 3238 | return    3.300 | deliv   3.30 | blocked 11.9% | idle  0.5% | ent 0.591
  upd 3239 | return    4.800 | deliv   4.80 | blocked 12.6% | idle  0.5% | ent 0.586
  upd 3240 | return    4.900 | deliv   4.90 | blocked 11.6% | idle  0.5% | ent 0.591
  upd 3241 | return    3.800 | deliv   3.80 | blocked 12.5% | idle  0.5% | ent 0.596
  upd 3242 | return    2.200 | deliv   2.20 | blocked 14.5% | idle  0.5% | ent 0.534
  upd 3243 | return    3.900 | deliv   3.90 | blocked 14.5% | idle  0.4% | ent 0.559
  upd 3244 | return    3.600 | deliv   3.60 | blocked 14.3% | idle  0.5% | ent 0.547
  upd 3245 | return    3.000 | deliv   3.00 | blocked 13.0% | idle  0.4% | ent 0.509
  upd 3246 | return    3.000 | deliv   3.00 | blocked 13.1% | idle  0.4% | ent 0.528
  upd 3247 | return    4.300 | deliv   4.30 | blocked 14.1% | idle  0.4% | ent 0.538
  upd 3248 | return    4.300 | deliv   4.30 | blocked 14.1% | idle  0.4% | ent 0.561
  upd 3249 | return    4.000 | deliv   4.00 | blocked 13.6% | idle  0.4% | ent 0.580
  upd 3250 | return    2.700 | deliv   2.70 | blocked 17.7% | idle  0.4% | ent 0.508
  upd 3251 | return    4.100 | deliv   4.10 | blocked 15.3% | idle  0.5% | ent 0.557
  upd 3252 | return    5.200 | deliv   5.20 | blocked 12.8% | idle  0.5% | ent 0.572
  upd 3253 | return    2.500 | deliv   2.50 | blocked 13.3% | idle  0.5% | ent 0.544
  upd 3254 | return    4.900 | deliv   4.90 | blocked 12.3% | idle  0.4% | ent 0.582
  upd 3255 | return    3.900 | deliv   3.90 | blocked 10.8% | idle  0.4% | ent 0.553
  upd 3256 | return    4.500 | deliv   4.50 | blocked 10.2% | idle  0.5% | ent 0.597
  upd 3257 | return    5.000 | deliv   5.00 | blocked  9.0% | idle  0.5% | ent 0.613
  upd 3258 | return    4.600 | deliv   4.60 | blocked 11.1% | idle  0.4% | ent 0.591
  upd 3259 | return    4.500 | deliv   4.50 | blocked  8.0% | idle  0.5% | ent 0.623
  upd 3260 | return    3.600 | deliv   3.60 | blocked  8.5% | idle  0.5% | ent 0.641
  upd 3261 | return    4.400 | deliv   4.40 | blocked  8.4% | idle  0.5% | ent 0.615
  upd 3262 | return    3.800 | deliv   3.80 | blocked 10.0% | idle  0.4% | ent 0.603
  upd 3263 | return    4.100 | deliv   4.10 | blocked  8.6% | idle  0.4% | ent 0.647
  upd 3264 | return    3.600 | deliv   3.60 | blocked  9.4% | idle  0.5% | ent 0.608
  upd 3265 | return    2.900 | deliv   2.90 | blocked  9.4% | idle  0.4% | ent 0.596
  upd 3266 | return    3.400 | deliv   3.40 | blocked 10.1% | idle  0.5% | ent 0.624
  upd 3267 | return    5.100 | deliv   5.10 | blocked  8.4% | idle  0.5% | ent 0.645
  upd 3268 | return    3.700 | deliv   3.70 | blocked  9.9% | idle  0.5% | ent 0.587
  upd 3269 | return    4.000 | deliv   4.00 | blocked 11.5% | idle  0.4% | ent 0.593
  upd 3270 | return    3.400 | deliv   3.40 | blocked 11.6% | idle  0.6% | ent 0.626
  upd 3271 | return    3.400 | deliv   3.40 | blocked  9.2% | idle  0.5% | ent 0.640
  upd 3272 | return    4.100 | deliv   4.10 | blocked 11.4% | idle  0.4% | ent 0.621
  upd 3273 | return    4.200 | deliv   4.20 | blocked  9.6% | idle  0.5% | ent 0.613
  upd 3274 | return    4.500 | deliv   4.50 | blocked 12.6% | idle  0.4% | ent 0.605
  upd 3275 | return    2.600 | deliv   2.60 | blocked 10.6% | idle  0.4% | ent 0.596
  upd 3276 | return    3.400 | deliv   3.40 | blocked  9.0% | idle  0.4% | ent 0.567
  upd 3277 | return    3.700 | deliv   3.70 | blocked 12.1% | idle  0.5% | ent 0.591
  upd 3278 | return    3.000 | deliv   3.00 | blocked 10.7% | idle  0.6% | ent 0.571
  upd 3279 | return    3.500 | deliv   3.50 | blocked 11.8% | idle  0.5% | ent 0.569
  upd 3280 | return    2.300 | deliv   2.30 | blocked 11.6% | idle  0.4% | ent 0.530
  upd 3281 | return    4.300 | deliv   4.30 | blocked 10.4% | idle  0.5% | ent 0.587
  upd 3282 | return    4.300 | deliv   4.30 | blocked 11.2% | idle  0.5% | ent 0.540
  upd 3283 | return    4.800 | deliv   4.80 | blocked 14.2% | idle  0.5% | ent 0.557
  upd 3284 | return    2.500 | deliv   2.50 | blocked 12.8% | idle  0.5% | ent 0.506
  upd 3285 | return    4.800 | deliv   4.80 | blocked 12.7% | idle  0.5% | ent 0.535
  upd 3286 | return    4.000 | deliv   4.00 | blocked 15.7% | idle  0.5% | ent 0.514
  upd 3287 | return    4.500 | deliv   4.50 | blocked 16.3% | idle  0.4% | ent 0.494
  upd 3288 | return    5.500 | deliv   5.50 | blocked 18.6% | idle  0.4% | ent 0.471
  upd 3289 | return    5.000 | deliv   5.00 | blocked 16.2% | idle  0.4% | ent 0.479
  upd 3290 | return    4.400 | deliv   4.40 | blocked 16.3% | idle  0.4% | ent 0.491
  upd 3291 | return    4.300 | deliv   4.30 | blocked 16.0% | idle  0.5% | ent 0.471
  upd 3292 | return    2.800 | deliv   2.80 | blocked 15.4% | idle  0.3% | ent 0.415
  upd 3293 | return    4.900 | deliv   4.90 | blocked 15.5% | idle  0.4% | ent 0.445
  upd 3294 | return    4.100 | deliv   4.10 | blocked 15.6% | idle  0.4% | ent 0.449
  upd 3295 | return    4.200 | deliv   4.20 | blocked 15.0% | idle  0.3% | ent 0.437
  upd 3296 | return    4.800 | deliv   4.80 | blocked 16.8% | idle  0.4% | ent 0.473
  upd 3297 | return    2.700 | deliv   2.70 | blocked 15.4% | idle  0.4% | ent 0.453
  upd 3298 | return    4.100 | deliv   4.10 | blocked 14.0% | idle  0.4% | ent 0.464
  upd 3299 | return    4.000 | deliv   4.00 | blocked 12.1% | idle  0.4% | ent 0.496
  [replay @ update 3300] return 3.00  deliveries 3  -> runs/maa2c_tiny-4ag_seed2/replays/replay_upd003300_s0.npz
  upd 3300 | return    3.100 | deliv   3.10 | blocked 12.1% | idle  0.4% | ent 0.494
  upd 3301 | return    3.900 | deliv   3.90 | blocked 12.9% | idle  0.5% | ent 0.507
  upd 3302 | return    4.200 | deliv   4.20 | blocked 11.1% | idle  0.4% | ent 0.528
  upd 3303 | return    4.200 | deliv   4.20 | blocked  9.6% | idle  0.4% | ent 0.522
  upd 3304 | return    3.700 | deliv   3.70 | blocked 11.0% | idle  0.4% | ent 0.537
  upd 3305 | return    4.100 | deliv   4.10 | blocked 10.2% | idle  0.5% | ent 0.566
  upd 3306 | return    2.700 | deliv   2.70 | blocked  8.8% | idle  0.5% | ent 0.537
  upd 3307 | return    5.200 | deliv   5.20 | blocked 10.0% | idle  0.6% | ent 0.586
  upd 3308 | return    3.500 | deliv   3.50 | blocked  9.4% | idle  0.5% | ent 0.592
  upd 3309 | return    4.000 | deliv   4.00 | blocked  9.1% | idle  0.4% | ent 0.571
  upd 3310 | return    5.000 | deliv   5.00 | blocked  8.1% | idle  0.5% | ent 0.585
  upd 3311 | return    6.000 | deliv   6.00 | blocked  7.4% | idle  0.5% | ent 0.601
  upd 3312 | return    4.400 | deliv   4.40 | blocked  7.7% | idle  0.6% | ent 0.581
  upd 3313 | return    3.800 | deliv   3.80 | blocked  8.0% | idle  0.5% | ent 0.553
  upd 3314 | return    5.400 | deliv   5.40 | blocked  9.0% | idle  0.5% | ent 0.547
  upd 3315 | return    3.800 | deliv   3.80 | blocked  9.5% | idle  0.4% | ent 0.499
  upd 3316 | return    5.700 | deliv   5.70 | blocked  9.2% | idle  0.4% | ent 0.535
  upd 3317 | return    4.300 | deliv   4.30 | blocked 10.0% | idle  0.4% | ent 0.502
  upd 3318 | return    5.300 | deliv   5.30 | blocked 10.7% | idle  0.4% | ent 0.521
  upd 3319 | return    4.700 | deliv   4.70 | blocked 10.3% | idle  0.3% | ent 0.509
  upd 3320 | return    3.000 | deliv   3.00 | blocked  9.6% | idle  0.3% | ent 0.519
  upd 3321 | return    4.700 | deliv   4.70 | blocked  9.0% | idle  0.4% | ent 0.520
  upd 3322 | return    4.800 | deliv   4.80 | blocked 11.5% | idle  0.4% | ent 0.538
  upd 3323 | return    4.900 | deliv   4.90 | blocked  8.1% | idle  0.3% | ent 0.547
  upd 3324 | return    3.000 | deliv   3.00 | blocked  9.8% | idle  0.4% | ent 0.521
  upd 3325 | return    4.300 | deliv   4.30 | blocked  9.3% | idle  0.2% | ent 0.506
  upd 3326 | return    4.100 | deliv   4.10 | blocked  9.8% | idle  0.4% | ent 0.525
  upd 3327 | return    5.300 | deliv   5.30 | blocked  7.2% | idle  0.3% | ent 0.572
  upd 3328 | return    5.800 | deliv   5.80 | blocked  7.7% | idle  0.4% | ent 0.554
  upd 3329 | return    5.400 | deliv   5.40 | blocked  7.8% | idle  0.3% | ent 0.558
  upd 3330 | return    4.900 | deliv   4.90 | blocked  6.7% | idle  0.4% | ent 0.588
  upd 3331 | return    5.000 | deliv   5.00 | blocked  7.0% | idle  0.5% | ent 0.596
  upd 3332 | return    3.800 | deliv   3.80 | blocked  7.0% | idle  0.4% | ent 0.567
  upd 3333 | return    4.100 | deliv   4.10 | blocked  8.7% | idle  0.3% | ent 0.556
  upd 3334 | return    3.500 | deliv   3.50 | blocked  7.4% | idle  0.4% | ent 0.601
  upd 3335 | return    2.900 | deliv   2.90 | blocked 10.3% | idle  0.3% | ent 0.520
  upd 3336 | return    3.700 | deliv   3.70 | blocked  8.4% | idle  0.4% | ent 0.565
  upd 3337 | return    5.600 | deliv   5.60 | blocked  8.7% | idle  0.4% | ent 0.580
  upd 3338 | return    2.200 | deliv   2.20 | blocked  7.8% | idle  0.4% | ent 0.565
  upd 3339 | return    3.900 | deliv   3.90 | blocked  6.8% | idle  0.4% | ent 0.564
  upd 3340 | return    4.700 | deliv   4.70 | blocked  7.4% | idle  0.4% | ent 0.606
  upd 3341 | return    3.400 | deliv   3.40 | blocked  6.6% | idle  0.4% | ent 0.592
  upd 3342 | return    3.800 | deliv   3.80 | blocked 11.7% | idle  0.4% | ent 0.569
  upd 3343 | return    4.700 | deliv   4.70 | blocked  7.3% | idle  0.5% | ent 0.590
  upd 3344 | return    4.800 | deliv   4.80 | blocked  8.9% | idle  0.3% | ent 0.577
  upd 3345 | return    4.500 | deliv   4.50 | blocked  7.0% | idle  0.3% | ent 0.602
  upd 3346 | return    3.200 | deliv   3.20 | blocked  6.2% | idle  0.4% | ent 0.593
  upd 3347 | return    4.300 | deliv   4.30 | blocked  6.0% | idle  0.4% | ent 0.611
  upd 3348 | return    3.900 | deliv   3.90 | blocked  6.0% | idle  0.5% | ent 0.631
  upd 3349 | return    3.800 | deliv   3.80 | blocked  6.9% | idle  0.4% | ent 0.628
  upd 3350 | return    3.500 | deliv   3.50 | blocked  5.1% | idle  0.4% | ent 0.646
  upd 3351 | return    5.100 | deliv   5.10 | blocked  5.7% | idle  0.5% | ent 0.681
  upd 3352 | return    4.300 | deliv   4.30 | blocked  4.9% | idle  0.4% | ent 0.659
  upd 3353 | return    3.500 | deliv   3.50 | blocked  5.1% | idle  0.4% | ent 0.657
  upd 3354 | return    3.800 | deliv   3.80 | blocked  4.5% | idle  0.4% | ent 0.647
  upd 3355 | return    4.000 | deliv   4.00 | blocked  4.9% | idle  0.4% | ent 0.625
  upd 3356 | return    3.000 | deliv   3.00 | blocked  7.6% | idle  0.3% | ent 0.556
  upd 3357 | return    5.200 | deliv   5.20 | blocked  4.2% | idle  0.4% | ent 0.575
  upd 3358 | return    5.200 | deliv   5.20 | blocked  4.6% | idle  0.4% | ent 0.603
  upd 3359 | return    3.700 | deliv   3.70 | blocked  7.3% | idle  0.6% | ent 0.625
  upd 3360 | return    3.100 | deliv   3.10 | blocked  4.6% | idle  0.3% | ent 0.580
  upd 3361 | return    4.600 | deliv   4.60 | blocked  4.9% | idle  0.6% | ent 0.627
  upd 3362 | return    4.100 | deliv   4.10 | blocked  5.0% | idle  0.4% | ent 0.586
  upd 3363 | return    5.000 | deliv   5.00 | blocked  5.0% | idle  0.5% | ent 0.612
  upd 3364 | return    4.200 | deliv   4.20 | blocked  4.8% | idle  0.3% | ent 0.516
  upd 3365 | return    3.700 | deliv   3.70 | blocked  4.1% | idle  0.4% | ent 0.587
  upd 3366 | return    4.900 | deliv   4.90 | blocked  5.3% | idle  0.3% | ent 0.577
  upd 3367 | return    5.000 | deliv   5.00 | blocked  5.0% | idle  0.4% | ent 0.583
  upd 3368 | return    4.500 | deliv   4.50 | blocked  7.0% | idle  0.3% | ent 0.549
  upd 3369 | return    3.900 | deliv   3.90 | blocked  5.3% | idle  0.4% | ent 0.528
  upd 3370 | return    2.800 | deliv   2.80 | blocked  9.1% | idle  0.2% | ent 0.474
  upd 3371 | return    3.900 | deliv   3.90 | blocked  4.8% | idle  0.4% | ent 0.548
  upd 3372 | return    3.000 | deliv   3.00 | blocked  6.0% | idle  0.2% | ent 0.509
  upd 3373 | return    3.200 | deliv   3.20 | blocked  4.8% | idle  0.3% | ent 0.522
  upd 3374 | return    4.200 | deliv   4.20 | blocked  4.2% | idle  0.4% | ent 0.567
  upd 3375 | return    3.800 | deliv   3.80 | blocked  5.1% | idle  0.3% | ent 0.547
  upd 3376 | return    4.400 | deliv   4.40 | blocked  4.0% | idle  0.4% | ent 0.527
  upd 3377 | return    3.700 | deliv   3.70 | blocked  4.9% | idle  0.3% | ent 0.531
  upd 3378 | return    4.500 | deliv   4.50 | blocked  6.4% | idle  0.2% | ent 0.499
  upd 3379 | return    3.600 | deliv   3.60 | blocked  4.9% | idle  0.3% | ent 0.480
  upd 3380 | return    4.600 | deliv   4.60 | blocked  5.4% | idle  0.3% | ent 0.522
  upd 3381 | return    4.600 | deliv   4.60 | blocked  4.8% | idle  0.3% | ent 0.487
  upd 3382 | return    3.700 | deliv   3.70 | blocked  6.8% | idle  0.2% | ent 0.434
  upd 3383 | return    3.900 | deliv   3.90 | blocked  6.4% | idle  0.3% | ent 0.496
  upd 3384 | return    5.400 | deliv   5.40 | blocked  5.6% | idle  0.3% | ent 0.493
  upd 3385 | return    5.100 | deliv   5.10 | blocked  6.9% | idle  0.3% | ent 0.510
  upd 3386 | return    3.600 | deliv   3.60 | blocked  8.8% | idle  0.3% | ent 0.477
  upd 3387 | return    4.300 | deliv   4.30 | blocked  9.7% | idle  0.3% | ent 0.496
  upd 3388 | return    5.800 | deliv   5.80 | blocked  6.4% | idle  0.2% | ent 0.495
  upd 3389 | return    5.200 | deliv   5.20 | blocked 10.3% | idle  0.2% | ent 0.457
  upd 3390 | return    3.300 | deliv   3.30 | blocked  9.6% | idle  0.2% | ent 0.439
  upd 3391 | return    5.200 | deliv   5.20 | blocked 10.1% | idle  0.3% | ent 0.432
  upd 3392 | return    5.300 | deliv   5.30 | blocked  9.5% | idle  0.2% | ent 0.452
  upd 3393 | return    4.400 | deliv   4.40 | blocked  9.7% | idle  0.2% | ent 0.456
  upd 3394 | return    4.300 | deliv   4.30 | blocked 10.7% | idle  0.2% | ent 0.478
  upd 3395 | return    3.300 | deliv   3.30 | blocked  9.7% | idle  0.2% | ent 0.449
  upd 3396 | return    3.600 | deliv   3.60 | blocked  8.5% | idle  0.2% | ent 0.460
  upd 3397 | return    3.100 | deliv   3.10 | blocked  8.9% | idle  0.3% | ent 0.443
  upd 3398 | return    3.000 | deliv   3.00 | blocked 11.6% | idle  0.2% | ent 0.446
  upd 3399 | return    2.900 | deliv   2.90 | blocked 10.5% | idle  0.2% | ent 0.426
  [replay @ update 3400] return 7.00  deliveries 7  -> runs/maa2c_tiny-4ag_seed2/replays/replay_upd003400_s0.npz
  upd 3400 | return    3.600 | deliv   3.60 | blocked 12.3% | idle  0.2% | ent 0.445
  upd 3401 | return    4.200 | deliv   4.20 | blocked 12.7% | idle  0.3% | ent 0.480
  upd 3402 | return    4.400 | deliv   4.40 | blocked 11.7% | idle  0.3% | ent 0.442
  upd 3403 | return    4.000 | deliv   4.00 | blocked 12.5% | idle  0.2% | ent 0.459
  upd 3404 | return    4.800 | deliv   4.80 | blocked 12.0% | idle  0.3% | ent 0.437
  upd 3405 | return    3.800 | deliv   3.80 | blocked 10.0% | idle  0.2% | ent 0.443
  upd 3406 | return    3.000 | deliv   3.00 | blocked 10.3% | idle  0.2% | ent 0.455
  upd 3407 | return    4.600 | deliv   4.60 | blocked 10.5% | idle  0.2% | ent 0.490
  upd 3408 | return    3.800 | deliv   3.80 | blocked 10.9% | idle  0.2% | ent 0.476
  upd 3409 | return    4.500 | deliv   4.50 | blocked 10.5% | idle  0.2% | ent 0.466
  upd 3410 | return    4.900 | deliv   4.90 | blocked 10.4% | idle  0.2% | ent 0.481
  upd 3411 | return    3.400 | deliv   3.40 | blocked  9.4% | idle  0.2% | ent 0.459
  upd 3412 | return    3.900 | deliv   3.90 | blocked  8.8% | idle  0.3% | ent 0.494
  upd 3413 | return    5.700 | deliv   5.70 | blocked  8.4% | idle  0.3% | ent 0.515
  upd 3414 | return    4.000 | deliv   4.00 | blocked  5.8% | idle  0.3% | ent 0.524
  upd 3415 | return    3.100 | deliv   3.10 | blocked  7.2% | idle  0.2% | ent 0.482
  upd 3416 | return    3.600 | deliv   3.60 | blocked  5.3% | idle  0.3% | ent 0.520
  upd 3417 | return    6.400 | deliv   6.40 | blocked  5.2% | idle  0.3% | ent 0.536
  upd 3418 | return    4.900 | deliv   4.90 | blocked  4.3% | idle  0.2% | ent 0.541
  upd 3419 | return    3.200 | deliv   3.20 | blocked  4.4% | idle  0.2% | ent 0.516
  upd 3420 | return    2.800 | deliv   2.80 | blocked  4.5% | idle  0.3% | ent 0.516
  upd 3421 | return    3.800 | deliv   3.80 | blocked  3.3% | idle  0.3% | ent 0.485
  upd 3422 | return    1.900 | deliv   1.90 | blocked  4.1% | idle  0.2% | ent 0.481
  upd 3423 | return    4.400 | deliv   4.40 | blocked  2.7% | idle  0.3% | ent 0.480
  upd 3424 | return    2.500 | deliv   2.50 | blocked  5.2% | idle  0.3% | ent 0.504
  upd 3425 | return    4.900 | deliv   4.90 | blocked  3.6% | idle  0.2% | ent 0.481
  upd 3426 | return    3.400 | deliv   3.40 | blocked  3.6% | idle  0.3% | ent 0.509
  upd 3427 | return    3.900 | deliv   3.90 | blocked  2.7% | idle  0.3% | ent 0.551
  upd 3428 | return    3.900 | deliv   3.90 | blocked  3.1% | idle  0.3% | ent 0.516
  upd 3429 | return    3.200 | deliv   3.20 | blocked  3.1% | idle  0.3% | ent 0.563
  upd 3430 | return    4.900 | deliv   4.90 | blocked  3.6% | idle  0.3% | ent 0.551
  upd 3431 | return    4.800 | deliv   4.80 | blocked  4.8% | idle  0.3% | ent 0.537
  upd 3432 | return    5.100 | deliv   5.10 | blocked  4.5% | idle  0.2% | ent 0.542
  upd 3433 | return    4.100 | deliv   4.10 | blocked  4.8% | idle  0.3% | ent 0.545
  upd 3434 | return    3.500 | deliv   3.50 | blocked  4.6% | idle  0.3% | ent 0.541
  upd 3435 | return    4.000 | deliv   4.00 | blocked  5.7% | idle  0.2% | ent 0.537
  upd 3436 | return    4.300 | deliv   4.30 | blocked  4.5% | idle  0.3% | ent 0.509
  upd 3437 | return    3.900 | deliv   3.90 | blocked  5.0% | idle  0.3% | ent 0.506
  upd 3438 | return    3.700 | deliv   3.70 | blocked  7.5% | idle  0.2% | ent 0.486
  upd 3439 | return    4.300 | deliv   4.30 | blocked  6.0% | idle  0.2% | ent 0.497
  upd 3440 | return    4.400 | deliv   4.40 | blocked  7.4% | idle  0.2% | ent 0.513
  upd 3441 | return    4.900 | deliv   4.90 | blocked  9.6% | idle  0.2% | ent 0.504
  upd 3442 | return    5.700 | deliv   5.70 | blocked  8.9% | idle  0.2% | ent 0.480
  upd 3443 | return    4.200 | deliv   4.20 | blocked  9.1% | idle  0.2% | ent 0.463
  upd 3444 | return    4.000 | deliv   4.00 | blocked 12.7% | idle  0.1% | ent 0.426
  upd 3445 | return    3.600 | deliv   3.60 | blocked 10.9% | idle  0.2% | ent 0.417
  upd 3446 | return    4.000 | deliv   4.00 | blocked  9.0% | idle  0.2% | ent 0.464
  upd 3447 | return    2.800 | deliv   2.80 | blocked  9.3% | idle  0.1% | ent 0.432
  upd 3448 | return    4.400 | deliv   4.40 | blocked 10.4% | idle  0.2% | ent 0.424
  upd 3449 | return    4.100 | deliv   4.10 | blocked 10.7% | idle  0.2% | ent 0.403
  upd 3450 | return    5.000 | deliv   5.00 | blocked  8.8% | idle  0.2% | ent 0.441
  upd 3451 | return    3.100 | deliv   3.10 | blocked 12.5% | idle  0.2% | ent 0.406
  upd 3452 | return    5.300 | deliv   5.30 | blocked  9.7% | idle  0.2% | ent 0.444
  upd 3453 | return    3.100 | deliv   3.10 | blocked 12.0% | idle  0.2% | ent 0.413
  upd 3454 | return    3.900 | deliv   3.90 | blocked  8.6% | idle  0.2% | ent 0.443
  upd 3455 | return    3.900 | deliv   3.90 | blocked 10.2% | idle  0.1% | ent 0.436
  upd 3456 | return    5.100 | deliv   5.10 | blocked  8.4% | idle  0.2% | ent 0.469
  upd 3457 | return    3.100 | deliv   3.10 | blocked 10.0% | idle  0.2% | ent 0.435
  upd 3458 | return    4.400 | deliv   4.40 | blocked  9.4% | idle  0.2% | ent 0.448
  upd 3459 | return    4.900 | deliv   4.90 | blocked 10.0% | idle  0.2% | ent 0.492
  upd 3460 | return    4.800 | deliv   4.80 | blocked  9.2% | idle  0.2% | ent 0.486
  upd 3461 | return    5.500 | deliv   5.50 | blocked  8.7% | idle  0.2% | ent 0.464
  upd 3462 | return    4.700 | deliv   4.70 | blocked  7.5% | idle  0.2% | ent 0.458
  upd 3463 | return    3.600 | deliv   3.60 | blocked  9.6% | idle  0.2% | ent 0.441
  upd 3464 | return    4.600 | deliv   4.60 | blocked  8.3% | idle  0.2% | ent 0.459
  upd 3465 | return    5.100 | deliv   5.10 | blocked  7.9% | idle  0.3% | ent 0.481
  upd 3466 | return    4.000 | deliv   4.00 | blocked  8.1% | idle  0.2% | ent 0.458
  upd 3467 | return    4.400 | deliv   4.40 | blocked  8.2% | idle  0.2% | ent 0.475
  upd 3468 | return    3.700 | deliv   3.70 | blocked  7.1% | idle  0.2% | ent 0.463
  upd 3469 | return    4.400 | deliv   4.40 | blocked  7.6% | idle  0.2% | ent 0.457
  upd 3470 | return    5.300 | deliv   5.30 | blocked  7.0% | idle  0.2% | ent 0.472
  upd 3471 | return    4.300 | deliv   4.30 | blocked  7.6% | idle  0.2% | ent 0.446
  upd 3472 | return    4.200 | deliv   4.20 | blocked  7.6% | idle  0.2% | ent 0.459
  upd 3473 | return    4.300 | deliv   4.30 | blocked  7.2% | idle  0.2% | ent 0.458
  upd 3474 | return    5.300 | deliv   5.30 | blocked  7.8% | idle  0.2% | ent 0.458
  upd 3475 | return    3.400 | deliv   3.40 | blocked  9.0% | idle  0.2% | ent 0.434
  upd 3476 | return    3.700 | deliv   3.70 | blocked  7.1% | idle  0.2% | ent 0.457
  upd 3477 | return    5.200 | deliv   5.20 | blocked  7.5% | idle  0.2% | ent 0.471
  upd 3478 | return    3.700 | deliv   3.70 | blocked  6.9% | idle  0.2% | ent 0.470
  upd 3479 | return    4.800 | deliv   4.80 | blocked  8.8% | idle  0.2% | ent 0.446
  upd 3480 | return    4.700 | deliv   4.70 | blocked  9.9% | idle  0.2% | ent 0.464
  upd 3481 | return    3.800 | deliv   3.80 | blocked  9.8% | idle  0.2% | ent 0.460
  upd 3482 | return    3.800 | deliv   3.80 | blocked 14.1% | idle  0.2% | ent 0.400
  upd 3483 | return    4.100 | deliv   4.10 | blocked  9.6% | idle  0.1% | ent 0.438
  upd 3484 | return    3.200 | deliv   3.20 | blocked 11.4% | idle  0.2% | ent 0.453
  upd 3485 | return    3.600 | deliv   3.60 | blocked  9.5% | idle  0.2% | ent 0.441
  upd 3486 | return    4.200 | deliv   4.20 | blocked  8.2% | idle  0.2% | ent 0.475
  upd 3487 | return    4.800 | deliv   4.80 | blocked  9.0% | idle  0.2% | ent 0.464
  upd 3488 | return    4.300 | deliv   4.30 | blocked  9.7% | idle  0.3% | ent 0.473
  upd 3489 | return    3.800 | deliv   3.80 | blocked  9.6% | idle  0.2% | ent 0.474
  upd 3490 | return    3.000 | deliv   3.00 | blocked 11.3% | idle  0.2% | ent 0.455
  upd 3491 | return    6.300 | deliv   6.30 | blocked  9.4% | idle  0.2% | ent 0.515
  upd 3492 | return    3.800 | deliv   3.80 | blocked 11.8% | idle  0.2% | ent 0.490
  upd 3493 | return    4.300 | deliv   4.30 | blocked  8.8% | idle  0.2% | ent 0.530
  upd 3494 | return    3.600 | deliv   3.60 | blocked 10.0% | idle  0.2% | ent 0.507
  upd 3495 | return    3.600 | deliv   3.60 | blocked 10.3% | idle  0.3% | ent 0.516
  upd 3496 | return    4.100 | deliv   4.10 | blocked 10.4% | idle  0.2% | ent 0.510
  upd 3497 | return    5.900 | deliv   5.90 | blocked  9.6% | idle  0.3% | ent 0.550
  upd 3498 | return    4.200 | deliv   4.20 | blocked  9.7% | idle  0.2% | ent 0.515
  upd 3499 | return    3.400 | deliv   3.40 | blocked  9.9% | idle  0.2% | ent 0.519
  [replay @ update 3500] return 5.00  deliveries 5  -> runs/maa2c_tiny-4ag_seed2/replays/replay_upd003500_s0.npz
  upd 3500 | return    4.000 | deliv   4.00 | blocked 10.6% | idle  0.2% | ent 0.510
  upd 3501 | return    3.600 | deliv   3.60 | blocked  9.9% | idle  0.2% | ent 0.542
  upd 3502 | return    2.500 | deliv   2.50 | blocked 10.1% | idle  0.2% | ent 0.547
  upd 3503 | return    3.500 | deliv   3.50 | blocked 11.3% | idle  0.2% | ent 0.518
  upd 3504 | return    4.500 | deliv   4.50 | blocked 10.5% | idle  0.3% | ent 0.581
  upd 3505 | return    5.600 | deliv   5.60 | blocked 10.2% | idle  0.2% | ent 0.555
  upd 3506 | return    5.000 | deliv   5.00 | blocked  9.1% | idle  0.2% | ent 0.600
  upd 3507 | return    3.400 | deliv   3.40 | blocked  8.6% | idle  0.2% | ent 0.572
  upd 3508 | return    2.600 | deliv   2.60 | blocked  7.8% | idle  0.2% | ent 0.541
  upd 3509 | return    4.100 | deliv   4.10 | blocked  9.3% | idle  0.2% | ent 0.573
  upd 3510 | return    3.400 | deliv   3.40 | blocked  9.0% | idle  0.2% | ent 0.551
  upd 3511 | return    4.700 | deliv   4.70 | blocked  9.3% | idle  0.3% | ent 0.576
  upd 3512 | return    4.500 | deliv   4.50 | blocked  9.4% | idle  0.3% | ent 0.524
  upd 3513 | return    4.300 | deliv   4.30 | blocked  8.2% | idle  0.2% | ent 0.555
  upd 3514 | return    3.600 | deliv   3.60 | blocked 12.4% | idle  0.2% | ent 0.521
  upd 3515 | return    3.900 | deliv   3.90 | blocked  8.8% | idle  0.2% | ent 0.504
  upd 3516 | return    4.200 | deliv   4.20 | blocked  8.2% | idle  0.3% | ent 0.530
  upd 3517 | return    4.400 | deliv   4.40 | blocked  8.7% | idle  0.2% | ent 0.555
  upd 3518 | return    4.500 | deliv   4.50 | blocked 10.7% | idle  0.2% | ent 0.485
  upd 3519 | return    3.400 | deliv   3.40 | blocked 12.3% | idle  0.1% | ent 0.458
  upd 3520 | return    4.200 | deliv   4.20 | blocked  8.5% | idle  0.2% | ent 0.493
  upd 3521 | return    4.500 | deliv   4.50 | blocked 10.6% | idle  0.2% | ent 0.490
  upd 3522 | return    3.400 | deliv   3.40 | blocked  8.3% | idle  0.2% | ent 0.490
  upd 3523 | return    5.200 | deliv   5.20 | blocked  9.4% | idle  0.2% | ent 0.494
  upd 3524 | return    4.400 | deliv   4.40 | blocked  7.6% | idle  0.2% | ent 0.527
  upd 3525 | return    4.300 | deliv   4.30 | blocked  8.2% | idle  0.2% | ent 0.473
  upd 3526 | return    6.200 | deliv   6.20 | blocked  7.7% | idle  0.2% | ent 0.528
  upd 3527 | return    3.900 | deliv   3.90 | blocked 10.5% | idle  0.2% | ent 0.454
  upd 3528 | return    3.900 | deliv   3.90 | blocked  9.4% | idle  0.1% | ent 0.468
  upd 3529 | return    2.800 | deliv   2.80 | blocked  9.5% | idle  0.2% | ent 0.449
  upd 3530 | return    4.300 | deliv   4.30 | blocked 10.6% | idle  0.2% | ent 0.438
  upd 3531 | return    5.300 | deliv   5.30 | blocked  8.3% | idle  0.2% | ent 0.454
  upd 3532 | return    4.900 | deliv   4.90 | blocked  9.2% | idle  0.2% | ent 0.460
  upd 3533 | return    3.600 | deliv   3.60 | blocked  7.5% | idle  0.2% | ent 0.455
  upd 3534 | return    4.300 | deliv   4.30 | blocked  7.8% | idle  0.2% | ent 0.445
  upd 3535 | return    4.000 | deliv   4.00 | blocked  6.6% | idle  0.2% | ent 0.471
  upd 3536 | return    5.000 | deliv   5.00 | blocked  7.5% | idle  0.2% | ent 0.477
  upd 3537 | return    4.700 | deliv   4.70 | blocked  7.4% | idle  0.2% | ent 0.484
  upd 3538 | return    4.400 | deliv   4.40 | blocked  7.7% | idle  0.2% | ent 0.445
  upd 3539 | return    3.500 | deliv   3.50 | blocked  8.4% | idle  0.2% | ent 0.471
  upd 3540 | return    2.400 | deliv   2.40 | blocked  9.1% | idle  0.1% | ent 0.429
  upd 3541 | return    4.100 | deliv   4.10 | blocked  7.2% | idle  0.2% | ent 0.472
  upd 3542 | return    4.200 | deliv   4.20 | blocked  8.5% | idle  0.1% | ent 0.448
  upd 3543 | return    3.900 | deliv   3.90 | blocked  8.8% | idle  0.2% | ent 0.426
  upd 3544 | return    4.800 | deliv   4.80 | blocked  7.3% | idle  0.2% | ent 0.459
  upd 3545 | return    3.900 | deliv   3.90 | blocked  7.6% | idle  0.1% | ent 0.420
  upd 3546 | return    4.100 | deliv   4.10 | blocked  6.0% | idle  0.2% | ent 0.492
  upd 3547 | return    4.300 | deliv   4.30 | blocked  6.5% | idle  0.2% | ent 0.484
  upd 3548 | return    3.000 | deliv   3.00 | blocked  8.6% | idle  0.2% | ent 0.432
  upd 3549 | return    4.100 | deliv   4.10 | blocked  7.9% | idle  0.2% | ent 0.458
  upd 3550 | return    5.400 | deliv   5.40 | blocked  5.7% | idle  0.2% | ent 0.505
  upd 3551 | return    4.600 | deliv   4.60 | blocked  6.3% | idle  0.2% | ent 0.481
  upd 3552 | return    5.100 | deliv   5.10 | blocked  7.4% | idle  0.2% | ent 0.500
  upd 3553 | return    4.900 | deliv   4.90 | blocked  5.6% | idle  0.1% | ent 0.483
  upd 3554 | return    4.300 | deliv   4.30 | blocked  6.5% | idle  0.2% | ent 0.510
  upd 3555 | return    3.000 | deliv   3.00 | blocked  6.2% | idle  0.2% | ent 0.496
  upd 3556 | return    4.800 | deliv   4.80 | blocked  7.9% | idle  0.2% | ent 0.514
  upd 3557 | return    5.200 | deliv   5.20 | blocked  4.0% | idle  0.2% | ent 0.542
  upd 3558 | return    4.800 | deliv   4.80 | blocked  7.0% | idle  0.2% | ent 0.519
  upd 3559 | return    5.700 | deliv   5.70 | blocked  4.3% | idle  0.2% | ent 0.540
  upd 3560 | return    3.800 | deliv   3.80 | blocked  7.1% | idle  0.2% | ent 0.514
  upd 3561 | return    4.500 | deliv   4.50 | blocked  5.2% | idle  0.2% | ent 0.534
  upd 3562 | return    5.400 | deliv   5.40 | blocked  3.7% | idle  0.2% | ent 0.561
  upd 3563 | return    4.100 | deliv   4.10 | blocked  6.2% | idle  0.2% | ent 0.517
  upd 3564 | return    4.300 | deliv   4.30 | blocked  5.0% | idle  0.2% | ent 0.527
  upd 3565 | return    2.800 | deliv   2.80 | blocked  7.4% | idle  0.2% | ent 0.501
  upd 3566 | return    5.400 | deliv   5.40 | blocked  5.4% | idle  0.3% | ent 0.549
  upd 3567 | return    4.200 | deliv   4.20 | blocked  5.4% | idle  0.2% | ent 0.501
  upd 3568 | return    3.800 | deliv   3.80 | blocked  7.1% | idle  0.2% | ent 0.517
  upd 3569 | return    4.800 | deliv   4.80 | blocked  6.2% | idle  0.3% | ent 0.543
  upd 3570 | return    4.600 | deliv   4.60 | blocked  7.4% | idle  0.2% | ent 0.502
  upd 3571 | return    4.900 | deliv   4.90 | blocked  4.7% | idle  0.2% | ent 0.552
  upd 3572 | return    4.300 | deliv   4.30 | blocked  8.6% | idle  0.2% | ent 0.508
  upd 3573 | return    5.700 | deliv   5.70 | blocked  6.2% | idle  0.2% | ent 0.547
  upd 3574 | return    5.400 | deliv   5.40 | blocked  8.1% | idle  0.3% | ent 0.539
  upd 3575 | return    4.700 | deliv   4.70 | blocked  8.8% | idle  0.3% | ent 0.496
  upd 3576 | return    4.400 | deliv   4.40 | blocked  7.4% | idle  0.3% | ent 0.491
  upd 3577 | return    3.900 | deliv   3.90 | blocked  9.4% | idle  0.2% | ent 0.475
  upd 3578 | return    4.900 | deliv   4.90 | blocked  7.8% | idle  0.3% | ent 0.479
  upd 3579 | return    5.400 | deliv   5.40 | blocked 10.4% | idle  0.2% | ent 0.471
  upd 3580 | return    4.800 | deliv   4.80 | blocked  9.6% | idle  0.2% | ent 0.454
  upd 3581 | return    3.300 | deliv   3.30 | blocked  9.7% | idle  0.2% | ent 0.430
  upd 3582 | return    3.700 | deliv   3.70 | blocked  9.5% | idle  0.2% | ent 0.433
  upd 3583 | return    4.800 | deliv   4.80 | blocked  9.5% | idle  0.2% | ent 0.462
  upd 3584 | return    4.700 | deliv   4.70 | blocked  9.5% | idle  0.3% | ent 0.449
  upd 3585 | return    1.900 | deliv   1.90 | blocked 10.8% | idle  0.2% | ent 0.375
  upd 3586 | return    4.300 | deliv   4.30 | blocked 10.5% | idle  0.3% | ent 0.429
  upd 3587 | return    4.400 | deliv   4.40 | blocked 10.8% | idle  0.3% | ent 0.448
  upd 3588 | return    4.300 | deliv   4.30 | blocked  9.2% | idle  0.2% | ent 0.438
  upd 3589 | return    3.300 | deliv   3.30 | blocked 10.9% | idle  0.2% | ent 0.416
  upd 3590 | return    4.400 | deliv   4.40 | blocked  9.6% | idle  0.2% | ent 0.427
  upd 3591 | return    6.100 | deliv   6.10 | blocked  8.8% | idle  0.3% | ent 0.469
  upd 3592 | return    2.300 | deliv   2.30 | blocked  9.3% | idle  0.3% | ent 0.419
  upd 3593 | return    3.500 | deliv   3.50 | blocked  9.7% | idle  0.2% | ent 0.421
  upd 3594 | return    4.100 | deliv   4.10 | blocked  7.9% | idle  0.2% | ent 0.417
  upd 3595 | return    4.000 | deliv   4.00 | blocked  9.1% | idle  0.3% | ent 0.435
  upd 3596 | return    4.300 | deliv   4.30 | blocked  7.7% | idle  0.3% | ent 0.437
  upd 3597 | return    3.600 | deliv   3.60 | blocked  8.9% | idle  0.2% | ent 0.427
  upd 3598 | return    4.600 | deliv   4.60 | blocked  8.9% | idle  0.2% | ent 0.458
  upd 3599 | return    4.100 | deliv   4.10 | blocked  8.0% | idle  0.2% | ent 0.427
  [replay @ update 3600] return 2.00  deliveries 2  -> runs/maa2c_tiny-4ag_seed2/replays/replay_upd003600_s0.npz
  upd 3600 | return    4.300 | deliv   4.30 | blocked  7.4% | idle  0.3% | ent 0.475
  upd 3601 | return    4.100 | deliv   4.10 | blocked  7.2% | idle  0.3% | ent 0.483
  upd 3602 | return    5.800 | deliv   5.80 | blocked  6.3% | idle  0.3% | ent 0.517
  upd 3603 | return    4.200 | deliv   4.20 | blocked  6.2% | idle  0.3% | ent 0.478
  upd 3604 | return    4.800 | deliv   4.80 | blocked  7.2% | idle  0.2% | ent 0.492
  upd 3605 | return    5.100 | deliv   5.10 | blocked  7.3% | idle  0.3% | ent 0.500
  upd 3606 | return    4.000 | deliv   4.00 | blocked  7.3% | idle  0.3% | ent 0.483
  upd 3607 | return    3.500 | deliv   3.50 | blocked  8.1% | idle  0.2% | ent 0.485
  upd 3608 | return    5.600 | deliv   5.60 | blocked  7.8% | idle  0.3% | ent 0.488
  upd 3609 | return    5.500 | deliv   5.50 | blocked  8.7% | idle  0.3% | ent 0.477
  upd 3610 | return    4.800 | deliv   4.80 | blocked  9.4% | idle  0.3% | ent 0.488
  upd 3611 | return    5.200 | deliv   5.20 | blocked  8.5% | idle  0.2% | ent 0.502
  upd 3612 | return    4.700 | deliv   4.70 | blocked  9.3% | idle  0.3% | ent 0.493
  upd 3613 | return    4.100 | deliv   4.10 | blocked 10.1% | idle  0.2% | ent 0.474
  upd 3614 | return    2.800 | deliv   2.80 | blocked 13.4% | idle  0.3% | ent 0.438
  upd 3615 | return    3.400 | deliv   3.40 | blocked 12.9% | idle  0.3% | ent 0.419
  upd 3616 | return    4.200 | deliv   4.20 | blocked 10.3% | idle  0.3% | ent 0.459
  upd 3617 | return    4.900 | deliv   4.90 | blocked 11.0% | idle  0.3% | ent 0.457
  upd 3618 | return    6.700 | deliv   6.70 | blocked 10.9% | idle  0.2% | ent 0.478
  upd 3619 | return    4.600 | deliv   4.60 | blocked  9.8% | idle  0.2% | ent 0.480
  upd 3620 | return    3.400 | deliv   3.40 | blocked 11.5% | idle  0.2% | ent 0.428
  upd 3621 | return    5.600 | deliv   5.60 | blocked  9.4% | idle  0.3% | ent 0.470
  upd 3622 | return    6.300 | deliv   6.30 | blocked  8.6% | idle  0.2% | ent 0.486
  upd 3623 | return    2.500 | deliv   2.50 | blocked 10.7% | idle  0.2% | ent 0.421
  upd 3624 | return    3.200 | deliv   3.20 | blocked 12.4% | idle  0.2% | ent 0.435
  upd 3625 | return    4.900 | deliv   4.90 | blocked  9.7% | idle  0.3% | ent 0.470
  upd 3626 | return    4.100 | deliv   4.10 | blocked 10.9% | idle  0.3% | ent 0.461
  upd 3627 | return    4.600 | deliv   4.60 | blocked 10.0% | idle  0.2% | ent 0.468
  upd 3628 | return    3.700 | deliv   3.70 | blocked 10.6% | idle  0.2% | ent 0.439
  upd 3629 | return    3.600 | deliv   3.60 | blocked  9.8% | idle  0.3% | ent 0.457
  upd 3630 | return    4.200 | deliv   4.20 | blocked  8.1% | idle  0.3% | ent 0.483
  upd 3631 | return    4.600 | deliv   4.60 | blocked  8.7% | idle  0.3% | ent 0.487
  upd 3632 | return    3.200 | deliv   3.20 | blocked  9.0% | idle  0.2% | ent 0.435
  upd 3633 | return    2.900 | deliv   2.90 | blocked  9.1% | idle  0.3% | ent 0.460
  upd 3634 | return    3.600 | deliv   3.60 | blocked  8.5% | idle  0.2% | ent 0.480
  upd 3635 | return    3.300 | deliv   3.30 | blocked  9.1% | idle  0.2% | ent 0.446
  upd 3636 | return    4.900 | deliv   4.90 | blocked  7.1% | idle  0.2% | ent 0.497
  upd 3637 | return    3.700 | deliv   3.70 | blocked  7.1% | idle  0.3% | ent 0.509
  upd 3638 | return    5.200 | deliv   5.20 | blocked  6.9% | idle  0.3% | ent 0.502
  upd 3639 | return    4.200 | deliv   4.20 | blocked  7.7% | idle  0.2% | ent 0.496
  upd 3640 | return    4.700 | deliv   4.70 | blocked  7.7% | idle  0.3% | ent 0.478
  upd 3641 | return    3.800 | deliv   3.80 | blocked  8.2% | idle  0.3% | ent 0.496
  upd 3642 | return    4.600 | deliv   4.60 | blocked  8.1% | idle  0.3% | ent 0.508
  upd 3643 | return    4.500 | deliv   4.50 | blocked  8.0% | idle  0.2% | ent 0.454
  upd 3644 | return    3.700 | deliv   3.70 | blocked 10.1% | idle  0.2% | ent 0.451
  upd 3645 | return    4.100 | deliv   4.10 | blocked 10.7% | idle  0.2% | ent 0.471
  upd 3646 | return    3.600 | deliv   3.60 | blocked  9.7% | idle  0.3% | ent 0.463
  upd 3647 | return    5.700 | deliv   5.70 | blocked 10.3% | idle  0.2% | ent 0.483
  upd 3648 | return    5.100 | deliv   5.10 | blocked 10.3% | idle  0.2% | ent 0.461
  upd 3649 | return    3.500 | deliv   3.50 | blocked 13.8% | idle  0.2% | ent 0.413
  upd 3650 | return    4.300 | deliv   4.30 | blocked 12.5% | idle  0.2% | ent 0.418
  upd 3651 | return    3.600 | deliv   3.60 | blocked 12.4% | idle  0.2% | ent 0.420
  upd 3652 | return    3.800 | deliv   3.80 | blocked 14.0% | idle  0.1% | ent 0.386
  upd 3653 | return    3.500 | deliv   3.50 | blocked 13.6% | idle  0.2% | ent 0.394
  upd 3654 | return    4.200 | deliv   4.20 | blocked 15.1% | idle  0.2% | ent 0.371
  upd 3655 | return    4.400 | deliv   4.40 | blocked 13.9% | idle  0.2% | ent 0.423
  upd 3656 | return    4.000 | deliv   4.00 | blocked 14.0% | idle  0.2% | ent 0.373
  upd 3657 | return    4.200 | deliv   4.20 | blocked 15.3% | idle  0.2% | ent 0.395
  upd 3658 | return    2.800 | deliv   2.80 | blocked 15.4% | idle  0.2% | ent 0.375
  upd 3659 | return    4.200 | deliv   4.20 | blocked 13.0% | idle  0.2% | ent 0.397
  upd 3660 | return    4.200 | deliv   4.20 | blocked 15.9% | idle  0.2% | ent 0.410
  upd 3661 | return    4.400 | deliv   4.40 | blocked 14.6% | idle  0.2% | ent 0.410
  upd 3662 | return    4.900 | deliv   4.90 | blocked 13.3% | idle  0.2% | ent 0.409
  upd 3663 | return    3.300 | deliv   3.30 | blocked 14.0% | idle  0.2% | ent 0.412
  upd 3664 | return    4.400 | deliv   4.40 | blocked 13.3% | idle  0.2% | ent 0.433
  upd 3665 | return    2.700 | deliv   2.70 | blocked 11.6% | idle  0.2% | ent 0.398
  upd 3666 | return    3.200 | deliv   3.20 | blocked 13.8% | idle  0.3% | ent 0.422
  upd 3667 | return    4.900 | deliv   4.90 | blocked 10.9% | idle  0.2% | ent 0.419
  upd 3668 | return    3.700 | deliv   3.70 | blocked 12.1% | idle  0.2% | ent 0.427
  upd 3669 | return    6.700 | deliv   6.70 | blocked 10.1% | idle  0.2% | ent 0.459
  upd 3670 | return    4.000 | deliv   4.00 | blocked 12.9% | idle  0.3% | ent 0.452
  upd 3671 | return    5.100 | deliv   5.10 | blocked  9.5% | idle  0.3% | ent 0.473
  upd 3672 | return    3.400 | deliv   3.40 | blocked 10.7% | idle  0.2% | ent 0.398
  upd 3673 | return    2.500 | deliv   2.50 | blocked 10.3% | idle  0.3% | ent 0.409
  upd 3674 | return    4.200 | deliv   4.20 | blocked 13.2% | idle  0.2% | ent 0.445
  upd 3675 | return    3.500 | deliv   3.50 | blocked 11.6% | idle  0.1% | ent 0.424
  upd 3676 | return    3.900 | deliv   3.90 | blocked 10.7% | idle  0.3% | ent 0.436
  upd 3677 | return    4.800 | deliv   4.80 | blocked 11.1% | idle  0.2% | ent 0.443
  upd 3678 | return    4.700 | deliv   4.70 | blocked  9.6% | idle  0.2% | ent 0.483
  upd 3679 | return    3.200 | deliv   3.20 | blocked  9.9% | idle  0.2% | ent 0.453
  upd 3680 | return    3.400 | deliv   3.40 | blocked 10.9% | idle  0.2% | ent 0.438
  upd 3681 | return    3.900 | deliv   3.90 | blocked  9.8% | idle  0.3% | ent 0.453
  upd 3682 | return    2.900 | deliv   2.90 | blocked  8.5% | idle  0.2% | ent 0.490
  upd 3683 | return    4.100 | deliv   4.10 | blocked  8.6% | idle  0.3% | ent 0.508
  upd 3684 | return    3.800 | deliv   3.80 | blocked  7.6% | idle  0.2% | ent 0.511
  upd 3685 | return    5.400 | deliv   5.40 | blocked  7.0% | idle  0.3% | ent 0.521
  upd 3686 | return    3.100 | deliv   3.10 | blocked  6.7% | idle  0.2% | ent 0.497
  upd 3687 | return    6.000 | deliv   6.00 | blocked  4.8% | idle  0.2% | ent 0.538
  upd 3688 | return    4.400 | deliv   4.40 | blocked  4.6% | idle  0.3% | ent 0.520
  upd 3689 | return    4.700 | deliv   4.70 | blocked  4.7% | idle  0.2% | ent 0.437
  upd 3690 | return    4.400 | deliv   4.40 | blocked  4.6% | idle  0.2% | ent 0.369
  upd 3691 | return    3.600 | deliv   3.60 | blocked  4.6% | idle  0.2% | ent 0.426
  upd 3692 | return    4.200 | deliv   4.20 | blocked  5.0% | idle  0.2% | ent 0.410
  upd 3693 | return    2.700 | deliv   2.70 | blocked  4.2% | idle  0.2% | ent 0.404
  upd 3694 | return    4.200 | deliv   4.20 | blocked  3.6% | idle  0.1% | ent 0.369
  upd 3695 | return    3.200 | deliv   3.20 | blocked  3.5% | idle  0.1% | ent 0.390
  upd 3696 | return    4.200 | deliv   4.20 | blocked  5.0% | idle  0.2% | ent 0.367
  upd 3697 | return    3.700 | deliv   3.70 | blocked  3.5% | idle  0.3% | ent 0.433
  upd 3698 | return    3.300 | deliv   3.30 | blocked  5.6% | idle  0.2% | ent 0.415
  upd 3699 | return    4.300 | deliv   4.30 | blocked  4.1% | idle  0.2% | ent 0.448
  [replay @ update 3700] return 2.00  deliveries 2  -> runs/maa2c_tiny-4ag_seed2/replays/replay_upd003700_s0.npz
  upd 3700 | return    4.300 | deliv   4.30 | blocked  4.9% | idle  0.3% | ent 0.484
  upd 3701 | return    3.500 | deliv   3.50 | blocked  6.1% | idle  0.2% | ent 0.473
  upd 3702 | return    4.500 | deliv   4.50 | blocked  7.0% | idle  0.3% | ent 0.496
  upd 3703 | return    4.300 | deliv   4.30 | blocked  5.9% | idle  0.3% | ent 0.451
  upd 3704 | return    4.400 | deliv   4.40 | blocked  6.9% | idle  0.2% | ent 0.461
  upd 3705 | return    2.700 | deliv   2.70 | blocked  8.6% | idle  0.2% | ent 0.440
  upd 3706 | return    4.600 | deliv   4.60 | blocked  7.9% | idle  0.3% | ent 0.463
  upd 3707 | return    5.100 | deliv   5.10 | blocked  7.2% | idle  0.3% | ent 0.461
  upd 3708 | return    4.500 | deliv   4.50 | blocked  9.2% | idle  0.2% | ent 0.431
  upd 3709 | return    3.700 | deliv   3.70 | blocked 10.5% | idle  0.2% | ent 0.445
  upd 3710 | return    4.700 | deliv   4.70 | blocked  9.2% | idle  0.2% | ent 0.440
  upd 3711 | return    4.100 | deliv   4.10 | blocked  9.1% | idle  0.2% | ent 0.397
  upd 3712 | return    3.800 | deliv   3.80 | blocked  9.1% | idle  0.3% | ent 0.422
  upd 3713 | return    4.000 | deliv   4.00 | blocked 10.3% | idle  0.2% | ent 0.407
  upd 3714 | return    4.300 | deliv   4.30 | blocked 10.3% | idle  0.3% | ent 0.423
  upd 3715 | return    4.100 | deliv   4.10 | blocked 10.5% | idle  0.2% | ent 0.418
  upd 3716 | return    4.200 | deliv   4.20 | blocked 10.5% | idle  0.2% | ent 0.423
  upd 3717 | return    4.800 | deliv   4.80 | blocked  9.6% | idle  0.3% | ent 0.440
  upd 3718 | return    4.100 | deliv   4.10 | blocked  9.0% | idle  0.3% | ent 0.412
  upd 3719 | return    3.400 | deliv   3.40 | blocked  8.8% | idle  0.2% | ent 0.416
  upd 3720 | return    3.300 | deliv   3.30 | blocked 12.5% | idle  0.2% | ent 0.400
  upd 3721 | return    3.900 | deliv   3.90 | blocked 10.2% | idle  0.3% | ent 0.436
  upd 3722 | return    3.600 | deliv   3.60 | blocked 10.6% | idle  0.2% | ent 0.418
  upd 3723 | return    4.400 | deliv   4.40 | blocked 10.2% | idle  0.3% | ent 0.451
  upd 3724 | return    5.100 | deliv   5.10 | blocked  9.4% | idle  0.3% | ent 0.452
  upd 3725 | return    4.600 | deliv   4.60 | blocked 10.8% | idle  0.3% | ent 0.403
  upd 3726 | return    4.500 | deliv   4.50 | blocked 10.2% | idle  0.2% | ent 0.404
  upd 3727 | return    2.900 | deliv   2.90 | blocked 10.8% | idle  0.3% | ent 0.396
  upd 3728 | return    4.900 | deliv   4.90 | blocked  9.2% | idle  0.3% | ent 0.455
  upd 3729 | return    2.800 | deliv   2.80 | blocked 11.9% | idle  0.3% | ent 0.412
  upd 3730 | return    5.000 | deliv   5.00 | blocked  8.9% | idle  0.2% | ent 0.461
  upd 3731 | return    4.400 | deliv   4.40 | blocked  8.4% | idle  0.3% | ent 0.486
  upd 3732 | return    4.400 | deliv   4.40 | blocked  9.1% | idle  0.3% | ent 0.449
  upd 3733 | return    4.900 | deliv   4.90 | blocked  7.7% | idle  0.3% | ent 0.436
  upd 3734 | return    4.100 | deliv   4.10 | blocked  7.4% | idle  0.4% | ent 0.473
  upd 3735 | return    3.600 | deliv   3.60 | blocked  8.5% | idle  0.4% | ent 0.465
  upd 3736 | return    4.000 | deliv   4.00 | blocked  6.4% | idle  0.4% | ent 0.451
  upd 3737 | return    3.800 | deliv   3.80 | blocked  8.6% | idle  0.3% | ent 0.438
  upd 3738 | return    4.300 | deliv   4.30 | blocked  8.4% | idle  0.4% | ent 0.438
  upd 3739 | return    4.400 | deliv   4.40 | blocked  8.2% | idle  0.3% | ent 0.450
  upd 3740 | return    3.000 | deliv   3.00 | blocked  9.6% | idle  0.3% | ent 0.423
  upd 3741 | return    3.300 | deliv   3.30 | blocked  9.3% | idle  0.2% | ent 0.410
  upd 3742 | return    4.000 | deliv   4.00 | blocked  7.5% | idle  0.3% | ent 0.430
  upd 3743 | return    5.200 | deliv   5.20 | blocked  7.4% | idle  0.3% | ent 0.456
  upd 3744 | return    3.300 | deliv   3.30 | blocked  8.3% | idle  0.2% | ent 0.423
  upd 3745 | return    4.200 | deliv   4.20 | blocked  7.2% | idle  0.3% | ent 0.452
  upd 3746 | return    3.200 | deliv   3.20 | blocked  7.5% | idle  0.2% | ent 0.412
  upd 3747 | return    3.900 | deliv   3.90 | blocked  7.4% | idle  0.2% | ent 0.410
  upd 3748 | return    3.900 | deliv   3.90 | blocked  7.3% | idle  0.3% | ent 0.435
  upd 3749 | return    4.100 | deliv   4.10 | blocked  8.1% | idle  0.3% | ent 0.468
  upd 3750 | return    3.100 | deliv   3.10 | blocked  7.7% | idle  0.3% | ent 0.423
  upd 3751 | return    3.100 | deliv   3.10 | blocked  8.4% | idle  0.3% | ent 0.406
  upd 3752 | return    4.300 | deliv   4.30 | blocked  8.1% | idle  0.3% | ent 0.449
  upd 3753 | return    5.000 | deliv   5.00 | blocked  8.3% | idle  0.4% | ent 0.491
  upd 3754 | return    4.300 | deliv   4.30 | blocked  8.8% | idle  0.2% | ent 0.418
  upd 3755 | return    4.100 | deliv   4.10 | blocked  9.3% | idle  0.3% | ent 0.449
  upd 3756 | return    4.800 | deliv   4.80 | blocked 10.6% | idle  0.3% | ent 0.448
  upd 3757 | return    3.000 | deliv   3.00 | blocked  8.3% | idle  0.3% | ent 0.442
  upd 3758 | return    4.300 | deliv   4.30 | blocked 10.8% | idle  0.3% | ent 0.439
  upd 3759 | return    4.300 | deliv   4.30 | blocked  9.2% | idle  0.3% | ent 0.453
  upd 3760 | return    2.900 | deliv   2.90 | blocked  8.5% | idle  0.2% | ent 0.428
  upd 3761 | return    4.000 | deliv   4.00 | blocked  8.7% | idle  0.3% | ent 0.458
  upd 3762 | return    5.000 | deliv   5.00 | blocked  8.1% | idle  0.3% | ent 0.459
  upd 3763 | return    5.400 | deliv   5.40 | blocked  7.9% | idle  0.4% | ent 0.493
  upd 3764 | return    3.300 | deliv   3.30 | blocked  7.5% | idle  0.3% | ent 0.454
  upd 3765 | return    4.800 | deliv   4.80 | blocked  6.8% | idle  0.4% | ent 0.456
  upd 3766 | return    3.300 | deliv   3.30 | blocked  9.3% | idle  0.3% | ent 0.438
  upd 3767 | return    2.900 | deliv   2.90 | blocked  6.6% | idle  0.3% | ent 0.445
  upd 3768 | return    3.400 | deliv   3.40 | blocked  8.2% | idle  0.4% | ent 0.469
  upd 3769 | return    3.300 | deliv   3.30 | blocked  8.0% | idle  0.4% | ent 0.448
  upd 3770 | return    3.600 | deliv   3.60 | blocked  7.0% | idle  0.3% | ent 0.421
  upd 3771 | return    4.700 | deliv   4.70 | blocked  6.5% | idle  0.4% | ent 0.467
  upd 3772 | return    3.700 | deliv   3.70 | blocked  6.4% | idle  0.4% | ent 0.463
  upd 3773 | return    3.500 | deliv   3.50 | blocked  7.3% | idle  0.3% | ent 0.435
  upd 3774 | return    4.100 | deliv   4.10 | blocked  7.1% | idle  0.4% | ent 0.461
  upd 3775 | return    4.700 | deliv   4.70 | blocked  6.6% | idle  0.3% | ent 0.456
  upd 3776 | return    3.600 | deliv   3.60 | blocked  6.9% | idle  0.3% | ent 0.414
  upd 3777 | return    4.700 | deliv   4.70 | blocked  8.6% | idle  0.4% | ent 0.460
  upd 3778 | return    3.000 | deliv   3.00 | blocked  9.1% | idle  0.3% | ent 0.415
  upd 3779 | return    4.700 | deliv   4.70 | blocked  7.5% | idle  0.3% | ent 0.414
  upd 3780 | return    3.900 | deliv   3.90 | blocked  9.2% | idle  0.3% | ent 0.430
  upd 3781 | return    2.900 | deliv   2.90 | blocked  9.0% | idle  0.2% | ent 0.416
  upd 3782 | return    3.200 | deliv   3.20 | blocked  6.7% | idle  0.3% | ent 0.418
  upd 3783 | return    3.900 | deliv   3.90 | blocked  7.8% | idle  0.3% | ent 0.431
  upd 3784 | return    3.400 | deliv   3.40 | blocked  8.4% | idle  0.3% | ent 0.422
  upd 3785 | return    3.400 | deliv   3.40 | blocked  8.0% | idle  0.3% | ent 0.403
  upd 3786 | return    4.600 | deliv   4.60 | blocked  7.3% | idle  0.3% | ent 0.461
  upd 3787 | return    3.600 | deliv   3.60 | blocked  7.5% | idle  0.4% | ent 0.417
  upd 3788 | return    3.100 | deliv   3.10 | blocked  8.5% | idle  0.3% | ent 0.416
  upd 3789 | return    3.700 | deliv   3.70 | blocked  8.2% | idle  0.2% | ent 0.398
  upd 3790 | return    2.900 | deliv   2.90 | blocked  8.7% | idle  0.3% | ent 0.393
  upd 3791 | return    4.100 | deliv   4.10 | blocked  6.5% | idle  0.2% | ent 0.439
  upd 3792 | return    4.700 | deliv   4.70 | blocked  5.9% | idle  0.3% | ent 0.444
  upd 3793 | return    5.000 | deliv   5.00 | blocked  5.8% | idle  0.3% | ent 0.463
  upd 3794 | return    3.400 | deliv   3.40 | blocked  7.6% | idle  0.3% | ent 0.407
  upd 3795 | return    4.100 | deliv   4.10 | blocked  8.0% | idle  0.3% | ent 0.429
  upd 3796 | return    3.600 | deliv   3.60 | blocked  8.0% | idle  0.2% | ent 0.417
  upd 3797 | return    4.300 | deliv   4.30 | blocked  6.4% | idle  0.3% | ent 0.429
  upd 3798 | return    5.000 | deliv   5.00 | blocked  6.6% | idle  0.3% | ent 0.439
  upd 3799 | return    5.100 | deliv   5.10 | blocked  7.3% | idle  0.2% | ent 0.439
  [replay @ update 3800] return 1.00  deliveries 1  -> runs/maa2c_tiny-4ag_seed2/replays/replay_upd003800_s0.npz
  upd 3800 | return    2.800 | deliv   2.80 | blocked 10.3% | idle  0.3% | ent 0.386
  upd 3801 | return    4.500 | deliv   4.50 | blocked  8.7% | idle  0.3% | ent 0.429
  upd 3802 | return    4.100 | deliv   4.10 | blocked  8.7% | idle  0.2% | ent 0.403
  upd 3803 | return    4.700 | deliv   4.70 | blocked  8.7% | idle  0.2% | ent 0.433
  upd 3804 | return    4.600 | deliv   4.60 | blocked 11.2% | idle  0.2% | ent 0.422
  upd 3805 | return    3.500 | deliv   3.50 | blocked 10.3% | idle  0.2% | ent 0.386
  upd 3806 | return    4.500 | deliv   4.50 | blocked  9.8% | idle  0.2% | ent 0.404
  upd 3807 | return    5.100 | deliv   5.10 | blocked  8.8% | idle  0.2% | ent 0.402
  upd 3808 | return    4.300 | deliv   4.30 | blocked 11.3% | idle  0.2% | ent 0.412
  upd 3809 | return    4.400 | deliv   4.40 | blocked  9.9% | idle  0.3% | ent 0.405
  upd 3810 | return    4.100 | deliv   4.10 | blocked  9.9% | idle  0.2% | ent 0.381
  upd 3811 | return    4.100 | deliv   4.10 | blocked 10.1% | idle  0.2% | ent 0.392
  upd 3812 | return    4.100 | deliv   4.10 | blocked  8.7% | idle  0.3% | ent 0.390
  upd 3813 | return    3.800 | deliv   3.80 | blocked  9.4% | idle  0.2% | ent 0.362
  upd 3814 | return    4.600 | deliv   4.60 | blocked  9.3% | idle  0.2% | ent 0.411
  upd 3815 | return    4.400 | deliv   4.40 | blocked  9.5% | idle  0.2% | ent 0.398
  upd 3816 | return    5.000 | deliv   5.00 | blocked  8.0% | idle  0.3% | ent 0.396
  upd 3817 | return    4.300 | deliv   4.30 | blocked  7.5% | idle  0.3% | ent 0.420
  upd 3818 | return    5.000 | deliv   5.00 | blocked  8.3% | idle  0.2% | ent 0.409
  upd 3819 | return    4.400 | deliv   4.40 | blocked  8.5% | idle  0.3% | ent 0.421
  upd 3820 | return    3.000 | deliv   3.00 | blocked  8.0% | idle  0.2% | ent 0.377
  upd 3821 | return    3.500 | deliv   3.50 | blocked  9.0% | idle  0.2% | ent 0.403
  upd 3822 | return    4.700 | deliv   4.70 | blocked  7.5% | idle  0.2% | ent 0.420
  upd 3823 | return    3.400 | deliv   3.40 | blocked  8.3% | idle  0.3% | ent 0.396
  upd 3824 | return    3.500 | deliv   3.50 | blocked  8.2% | idle  0.3% | ent 0.405
  upd 3825 | return    3.300 | deliv   3.30 | blocked  8.2% | idle  0.3% | ent 0.422
  upd 3826 | return    4.200 | deliv   4.20 | blocked  6.1% | idle  0.3% | ent 0.473
  upd 3827 | return    3.300 | deliv   3.30 | blocked  6.2% | idle  0.3% | ent 0.468
  upd 3828 | return    3.100 | deliv   3.10 | blocked  6.1% | idle  0.4% | ent 0.444
  upd 3829 | return    3.400 | deliv   3.40 | blocked  6.3% | idle  0.3% | ent 0.445
  upd 3830 | return    2.900 | deliv   2.90 | blocked  4.5% | idle  0.3% | ent 0.457
  upd 3831 | return    4.800 | deliv   4.80 | blocked  3.7% | idle  0.4% | ent 0.458
  upd 3832 | return    4.000 | deliv   4.00 | blocked  3.8% | idle  0.4% | ent 0.458
  upd 3833 | return    3.200 | deliv   3.20 | blocked  4.1% | idle  0.4% | ent 0.455
  upd 3834 | return    2.600 | deliv   2.60 | blocked  4.3% | idle  0.4% | ent 0.416
  upd 3835 | return    3.300 | deliv   3.30 | blocked  3.9% | idle  0.4% | ent 0.414
  upd 3836 | return    3.600 | deliv   3.60 | blocked  4.7% | idle  0.3% | ent 0.400
  upd 3837 | return    3.300 | deliv   3.30 | blocked  4.0% | idle  0.3% | ent 0.428
  upd 3838 | return    3.900 | deliv   3.90 | blocked  3.5% | idle  0.4% | ent 0.429
  upd 3839 | return    3.700 | deliv   3.70 | blocked  4.8% | idle  0.3% | ent 0.360
  upd 3840 | return    4.100 | deliv   4.10 | blocked  3.9% | idle  0.3% | ent 0.427
  upd 3841 | return    2.900 | deliv   2.90 | blocked  3.8% | idle  0.4% | ent 0.469
  upd 3842 | return    3.300 | deliv   3.30 | blocked  3.7% | idle  0.3% | ent 0.427
  upd 3843 | return    4.400 | deliv   4.40 | blocked  4.5% | idle  0.4% | ent 0.457
  upd 3844 | return    3.500 | deliv   3.50 | blocked  4.0% | idle  0.4% | ent 0.475
  upd 3845 | return    4.000 | deliv   4.00 | blocked  5.1% | idle  0.4% | ent 0.449
  upd 3846 | return    3.400 | deliv   3.40 | blocked  6.6% | idle  0.3% | ent 0.440
  upd 3847 | return    3.800 | deliv   3.80 | blocked  5.6% | idle  0.4% | ent 0.439
  upd 3848 | return    4.400 | deliv   4.40 | blocked  5.9% | idle  0.4% | ent 0.470
  upd 3849 | return    4.900 | deliv   4.90 | blocked  5.7% | idle  0.3% | ent 0.446
  upd 3850 | return    3.800 | deliv   3.80 | blocked  6.4% | idle  0.4% | ent 0.462
  upd 3851 | return    3.900 | deliv   3.90 | blocked  6.5% | idle  0.3% | ent 0.425
  upd 3852 | return    4.300 | deliv   4.30 | blocked  8.3% | idle  0.3% | ent 0.423
  upd 3853 | return    4.600 | deliv   4.60 | blocked  9.9% | idle  0.3% | ent 0.433
  upd 3854 | return    3.300 | deliv   3.30 | blocked  7.4% | idle  0.3% | ent 0.418
  upd 3855 | return    3.200 | deliv   3.20 | blocked  9.0% | idle  0.3% | ent 0.391
  upd 3856 | return    4.800 | deliv   4.80 | blocked  7.5% | idle  0.3% | ent 0.444
  upd 3857 | return    3.000 | deliv   3.00 | blocked 10.2% | idle  0.2% | ent 0.380
  upd 3858 | return    3.500 | deliv   3.50 | blocked 12.7% | idle  0.3% | ent 0.384
  upd 3859 | return    4.600 | deliv   4.60 | blocked 10.0% | idle  0.3% | ent 0.421
  upd 3860 | return    2.600 | deliv   2.60 | blocked 13.1% | idle  0.2% | ent 0.369
  upd 3861 | return    4.900 | deliv   4.90 | blocked 14.5% | idle  0.2% | ent 0.379
  upd 3862 | return    4.500 | deliv   4.50 | blocked 11.2% | idle  0.2% | ent 0.385
  upd 3863 | return    4.200 | deliv   4.20 | blocked 13.1% | idle  0.2% | ent 0.365
  upd 3864 | return    3.300 | deliv   3.30 | blocked 14.4% | idle  0.2% | ent 0.332
  upd 3865 | return    5.600 | deliv   5.60 | blocked 13.2% | idle  0.2% | ent 0.396
  upd 3866 | return    3.700 | deliv   3.70 | blocked 10.9% | idle  0.3% | ent 0.394
  upd 3867 | return    4.700 | deliv   4.70 | blocked  8.1% | idle  0.3% | ent 0.391
  upd 3868 | return    6.000 | deliv   6.00 | blocked 10.1% | idle  0.2% | ent 0.413
  upd 3869 | return    4.100 | deliv   4.10 | blocked 11.3% | idle  0.3% | ent 0.381
  upd 3870 | return    5.600 | deliv   5.60 | blocked 10.2% | idle  0.2% | ent 0.398
  upd 3871 | return    3.600 | deliv   3.60 | blocked  9.1% | idle  0.3% | ent 0.419
  upd 3872 | return    4.200 | deliv   4.20 | blocked  8.8% | idle  0.3% | ent 0.396
  upd 3873 | return    5.000 | deliv   5.00 | blocked  5.9% | idle  0.3% | ent 0.434
  upd 3874 | return    4.000 | deliv   4.00 | blocked  7.5% | idle  0.2% | ent 0.427
  upd 3875 | return    4.800 | deliv   4.80 | blocked  7.3% | idle  0.3% | ent 0.413
  upd 3876 | return    4.100 | deliv   4.10 | blocked  7.2% | idle  0.2% | ent 0.405
  upd 3877 | return    2.800 | deliv   2.80 | blocked  5.7% | idle  0.3% | ent 0.421
  upd 3878 | return    4.100 | deliv   4.10 | blocked  5.9% | idle  0.3% | ent 0.412
  upd 3879 | return    4.000 | deliv   4.00 | blocked  5.2% | idle  0.3% | ent 0.389
  upd 3880 | return    4.200 | deliv   4.20 | blocked  3.7% | idle  0.3% | ent 0.395
  upd 3881 | return    3.000 | deliv   3.00 | blocked  4.7% | idle  0.3% | ent 0.417
  upd 3882 | return    4.100 | deliv   4.10 | blocked  4.0% | idle  0.4% | ent 0.382
  upd 3883 | return    3.200 | deliv   3.20 | blocked  5.2% | idle  0.3% | ent 0.371
  upd 3884 | return    2.500 | deliv   2.50 | blocked  5.8% | idle  0.3% | ent 0.369
  upd 3885 | return    4.000 | deliv   4.00 | blocked  6.4% | idle  0.2% | ent 0.372
  upd 3886 | return    4.300 | deliv   4.30 | blocked  5.7% | idle  0.3% | ent 0.347
  upd 3887 | return    3.900 | deliv   3.90 | blocked  4.7% | idle  0.3% | ent 0.375
  upd 3888 | return    3.500 | deliv   3.50 | blocked  5.7% | idle  0.3% | ent 0.368
  upd 3889 | return    3.900 | deliv   3.90 | blocked  4.5% | idle  0.3% | ent 0.393
  upd 3890 | return    4.600 | deliv   4.60 | blocked  5.7% | idle  0.3% | ent 0.373
  upd 3891 | return    3.000 | deliv   3.00 | blocked  5.6% | idle  0.3% | ent 0.405
  upd 3892 | return    4.100 | deliv   4.10 | blocked  6.8% | idle  0.4% | ent 0.404
  upd 3893 | return    5.600 | deliv   5.60 | blocked  4.6% | idle  0.4% | ent 0.405
  upd 3894 | return    3.800 | deliv   3.80 | blocked  6.8% | idle  0.4% | ent 0.417
  upd 3895 | return    3.500 | deliv   3.50 | blocked  6.2% | idle  0.3% | ent 0.405
  upd 3896 | return    4.000 | deliv   4.00 | blocked  7.3% | idle  0.3% | ent 0.407
  upd 3897 | return    4.400 | deliv   4.40 | blocked  6.9% | idle  0.4% | ent 0.421
  upd 3898 | return    4.900 | deliv   4.90 | blocked  7.0% | idle  0.3% | ent 0.429
  upd 3899 | return    3.700 | deliv   3.70 | blocked  8.6% | idle  0.3% | ent 0.392
  [replay @ update 3900] return 3.00  deliveries 3  -> runs/maa2c_tiny-4ag_seed2/replays/replay_upd003900_s0.npz
  upd 3900 | return    5.000 | deliv   5.00 | blocked  7.0% | idle  0.3% | ent 0.436
  upd 3901 | return    4.200 | deliv   4.20 | blocked  7.6% | idle  0.4% | ent 0.408
  upd 3902 | return    3.900 | deliv   3.90 | blocked  9.5% | idle  0.4% | ent 0.446
  upd 3903 | return    4.100 | deliv   4.10 | blocked 11.4% | idle  0.3% | ent 0.405
  upd 3904 | return    3.300 | deliv   3.30 | blocked 12.3% | idle  0.4% | ent 0.417
  upd 3905 | return    4.800 | deliv   4.80 | blocked 10.2% | idle  0.4% | ent 0.440
  upd 3906 | return    4.000 | deliv   4.00 | blocked 15.1% | idle  0.3% | ent 0.397
  upd 3907 | return    3.700 | deliv   3.70 | blocked 14.5% | idle  0.2% | ent 0.385
  upd 3908 | return    3.900 | deliv   3.90 | blocked 13.6% | idle  0.3% | ent 0.372
  upd 3909 | return    4.800 | deliv   4.80 | blocked 10.3% | idle  0.4% | ent 0.456
  upd 3910 | return    4.300 | deliv   4.30 | blocked 10.8% | idle  0.3% | ent 0.388
  upd 3911 | return    3.300 | deliv   3.30 | blocked 11.8% | idle  0.3% | ent 0.392
  upd 3912 | return    3.600 | deliv   3.60 | blocked 10.4% | idle  0.2% | ent 0.388
  upd 3913 | return    5.200 | deliv   5.20 | blocked  8.5% | idle  0.3% | ent 0.438
  upd 3914 | return    2.900 | deliv   2.90 | blocked  9.6% | idle  0.2% | ent 0.395
  upd 3915 | return    4.100 | deliv   4.10 | blocked  6.0% | idle  0.3% | ent 0.410
  upd 3916 | return    3.800 | deliv   3.80 | blocked  9.5% | idle  0.2% | ent 0.383
  upd 3917 | return    5.100 | deliv   5.10 | blocked  7.2% | idle  0.3% | ent 0.401
  upd 3918 | return    2.900 | deliv   2.90 | blocked  8.4% | idle  0.3% | ent 0.404
  upd 3919 | return    3.900 | deliv   3.90 | blocked  5.9% | idle  0.4% | ent 0.451
  upd 3920 | return    3.600 | deliv   3.60 | blocked  7.6% | idle  0.3% | ent 0.396
  upd 3921 | return    3.100 | deliv   3.10 | blocked  9.5% | idle  0.3% | ent 0.373
  upd 3922 | return    3.300 | deliv   3.30 | blocked  9.6% | idle  0.2% | ent 0.372
  upd 3923 | return    4.600 | deliv   4.60 | blocked  4.4% | idle  0.4% | ent 0.475
  upd 3924 | return    3.400 | deliv   3.40 | blocked  7.3% | idle  0.2% | ent 0.391
  upd 3925 | return    3.900 | deliv   3.90 | blocked  6.7% | idle  0.2% | ent 0.390
  upd 3926 | return    4.100 | deliv   4.10 | blocked  7.3% | idle  0.3% | ent 0.400
  upd 3927 | return    2.900 | deliv   2.90 | blocked  7.3% | idle  0.2% | ent 0.358
  upd 3928 | return    3.900 | deliv   3.90 | blocked  5.8% | idle  0.3% | ent 0.398
  upd 3929 | return    5.100 | deliv   5.10 | blocked  5.4% | idle  0.3% | ent 0.396
  upd 3930 | return    1.900 | deliv   1.90 | blocked  8.5% | idle  0.2% | ent 0.381
  upd 3931 | return    4.700 | deliv   4.70 | blocked  4.7% | idle  0.3% | ent 0.429
  upd 3932 | return    3.800 | deliv   3.80 | blocked  7.9% | idle  0.3% | ent 0.387
  upd 3933 | return    4.300 | deliv   4.30 | blocked  7.2% | idle  0.4% | ent 0.415
  upd 3934 | return    3.800 | deliv   3.80 | blocked  7.1% | idle  0.3% | ent 0.411
  upd 3935 | return    4.000 | deliv   4.00 | blocked  9.0% | idle  0.2% | ent 0.378
  upd 3936 | return    4.000 | deliv   4.00 | blocked  8.3% | idle  0.2% | ent 0.394
  upd 3937 | return    3.900 | deliv   3.90 | blocked  6.9% | idle  0.3% | ent 0.432
  upd 3938 | return    4.100 | deliv   4.10 | blocked  9.1% | idle  0.2% | ent 0.399
  upd 3939 | return    5.700 | deliv   5.70 | blocked  6.1% | idle  0.3% | ent 0.472
  upd 3940 | return    5.300 | deliv   5.30 | blocked  6.2% | idle  0.4% | ent 0.451
  upd 3941 | return    3.900 | deliv   3.90 | blocked  8.3% | idle  0.3% | ent 0.412
  upd 3942 | return    3.200 | deliv   3.20 | blocked  8.6% | idle  0.3% | ent 0.428
  upd 3943 | return    4.400 | deliv   4.40 | blocked  8.1% | idle  0.3% | ent 0.411
  upd 3944 | return    2.900 | deliv   2.90 | blocked  8.5% | idle  0.3% | ent 0.409
  upd 3945 | return    3.000 | deliv   3.00 | blocked  9.2% | idle  0.3% | ent 0.408
  upd 3946 | return    3.900 | deliv   3.90 | blocked  7.2% | idle  0.3% | ent 0.429
  upd 3947 | return    4.900 | deliv   4.90 | blocked 10.7% | idle  0.3% | ent 0.426
  upd 3948 | return    3.600 | deliv   3.60 | blocked  9.6% | idle  0.2% | ent 0.403
  upd 3949 | return    3.500 | deliv   3.50 | blocked 11.9% | idle  0.3% | ent 0.386
  upd 3950 | return    3.600 | deliv   3.60 | blocked  9.2% | idle  0.3% | ent 0.382
  upd 3951 | return    4.000 | deliv   4.00 | blocked 11.5% | idle  0.3% | ent 0.398
  upd 3952 | return    4.600 | deliv   4.60 | blocked  9.4% | idle  0.3% | ent 0.420
  upd 3953 | return    4.500 | deliv   4.50 | blocked 10.9% | idle  0.3% | ent 0.408
  upd 3954 | return    4.700 | deliv   4.70 | blocked  8.6% | idle  0.3% | ent 0.399
  upd 3955 | return    4.600 | deliv   4.60 | blocked  9.7% | idle  0.3% | ent 0.420
  upd 3956 | return    4.500 | deliv   4.50 | blocked 12.8% | idle  0.4% | ent 0.406
  upd 3957 | return    3.200 | deliv   3.20 | blocked 14.2% | idle  0.3% | ent 0.359
  upd 3958 | return    4.300 | deliv   4.30 | blocked 10.9% | idle  0.3% | ent 0.423
  upd 3959 | return    3.900 | deliv   3.90 | blocked 13.6% | idle  0.2% | ent 0.372
  upd 3960 | return    3.600 | deliv   3.60 | blocked 13.9% | idle  0.3% | ent 0.410
  upd 3961 | return    5.100 | deliv   5.10 | blocked 12.8% | idle  0.3% | ent 0.412
  upd 3962 | return    4.000 | deliv   4.00 | blocked 14.4% | idle  0.3% | ent 0.396
  upd 3963 | return    3.600 | deliv   3.60 | blocked 15.8% | idle  0.3% | ent 0.362
  upd 3964 | return    2.200 | deliv   2.20 | blocked 16.0% | idle  0.3% | ent 0.342
  upd 3965 | return    4.400 | deliv   4.40 | blocked 13.6% | idle  0.3% | ent 0.387
  upd 3966 | return    5.500 | deliv   5.50 | blocked 12.8% | idle  0.3% | ent 0.422
  upd 3967 | return    5.600 | deliv   5.60 | blocked 11.8% | idle  0.3% | ent 0.415
  upd 3968 | return    3.900 | deliv   3.90 | blocked 15.0% | idle  0.2% | ent 0.378
  upd 3969 | return    3.500 | deliv   3.50 | blocked 13.5% | idle  0.2% | ent 0.379
  upd 3970 | return    4.400 | deliv   4.40 | blocked 13.0% | idle  0.3% | ent 0.434
  upd 3971 | return    4.200 | deliv   4.20 | blocked 11.1% | idle  0.3% | ent 0.433
  upd 3972 | return    5.000 | deliv   5.00 | blocked 12.8% | idle  0.3% | ent 0.419
  upd 3973 | return    4.800 | deliv   4.80 | blocked 14.8% | idle  0.3% | ent 0.426
  upd 3974 | return    2.900 | deliv   2.90 | blocked 10.4% | idle  0.3% | ent 0.371
  upd 3975 | return    3.300 | deliv   3.30 | blocked 10.6% | idle  0.2% | ent 0.383
  upd 3976 | return    3.100 | deliv   3.10 | blocked 10.2% | idle  0.2% | ent 0.380
  upd 3977 | return    4.200 | deliv   4.20 | blocked  8.1% | idle  0.3% | ent 0.455
  upd 3978 | return    4.300 | deliv   4.30 | blocked  6.7% | idle  0.3% | ent 0.429
  upd 3979 | return    3.200 | deliv   3.20 | blocked 10.0% | idle  0.3% | ent 0.409
  upd 3980 | return    4.900 | deliv   4.90 | blocked  7.4% | idle  0.3% | ent 0.460
  upd 3981 | return    4.600 | deliv   4.60 | blocked 10.3% | idle  0.3% | ent 0.441
  upd 3982 | return    3.600 | deliv   3.60 | blocked  8.4% | idle  0.3% | ent 0.429
  upd 3983 | return    3.400 | deliv   3.40 | blocked  9.9% | idle  0.2% | ent 0.387
  upd 3984 | return    5.200 | deliv   5.20 | blocked  6.6% | idle  0.4% | ent 0.460
  upd 3985 | return    3.800 | deliv   3.80 | blocked 10.0% | idle  0.3% | ent 0.418
  upd 3986 | return    3.500 | deliv   3.50 | blocked  9.8% | idle  0.3% | ent 0.421
  upd 3987 | return    3.300 | deliv   3.30 | blocked  9.5% | idle  0.3% | ent 0.431
  upd 3988 | return    3.400 | deliv   3.40 | blocked  7.3% | idle  0.4% | ent 0.446
  upd 3989 | return    4.600 | deliv   4.60 | blocked  7.3% | idle  0.3% | ent 0.433
  upd 3990 | return    3.500 | deliv   3.50 | blocked  7.6% | idle  0.3% | ent 0.430
  upd 3991 | return    3.600 | deliv   3.60 | blocked  7.9% | idle  0.4% | ent 0.426
  upd 3992 | return    4.600 | deliv   4.60 | blocked  6.9% | idle  0.4% | ent 0.455
  upd 3993 | return    5.200 | deliv   5.20 | blocked 11.1% | idle  0.3% | ent 0.408
  upd 3994 | return    3.400 | deliv   3.40 | blocked  6.4% | idle  0.4% | ent 0.442
  upd 3995 | return    3.900 | deliv   3.90 | blocked  8.4% | idle  0.4% | ent 0.426
  upd 3996 | return    3.600 | deliv   3.60 | blocked 10.1% | idle  0.4% | ent 0.431
  upd 3997 | return    3.100 | deliv   3.10 | blocked 12.1% | idle  0.3% | ent 0.388
  upd 3998 | return    3.100 | deliv   3.10 | blocked  8.9% | idle  0.3% | ent 0.380
  upd 3999 | return    4.300 | deliv   4.30 | blocked  8.2% | idle  0.3% | ent 0.423
  [replay @ update 4000] return 1.00  deliveries 1  -> runs/maa2c_tiny-4ag_seed2/replays/replay_upd004000_s0.npz

ran 1000 updates (5,000,000 env steps) in 608.0s  (8,224 steps/s)
checkpoints -> runs/maa2c_tiny-4ag_seed2/checkpoints  (latest=3700, best=3600)   metrics -> runs/maa2c_tiny-4ag_seed2/results.csv
