E0603 10:12:55.239575    1230 cuda_executor.cc:1526] Could not get kernel mode driver version: (INVALID_ARGUMENT: Version does not match the format X.Y.Z)
E0603 10:12:55.252190    1187 cuda_executor.cc:1526] Could not get kernel mode driver version: (INVALID_ARGUMENT: Version does not match the format X.Y.Z)
algo=seac (per-agent A2C, seac_coef=0.0, use_rnn=False)
env=rware-tiny-4ag  parallel_envs=10 time_limit=500  updates=1000  (steps/update=5000)  seed=2
run-dir=runs/seac_fc_lam0_seed2  chunk=100 updates/save
  upd    0 | return    0.100 | deliv   0.10 | blocked 17.8% | idle 12.1% | ent 1.208
  upd    1 | return    0.200 | deliv   0.20 | blocked 20.0% | idle 11.7% | ent 1.182
  upd    2 | return    0.200 | deliv   0.20 | blocked 18.0% | idle 11.2% | ent 1.188
  upd    3 | return    0.200 | deliv   0.20 | blocked 18.4% | idle 10.8% | ent 1.153
  upd    4 | return    0.100 | deliv   0.10 | blocked 19.7% | idle 11.2% | ent 1.170
  upd    5 | return    0.200 | deliv   0.20 | blocked 20.4% | idle 11.3% | ent 1.177
  upd    6 | return    0.000 | deliv   0.00 | blocked 19.8% | idle 11.8% | ent 1.214
  upd    7 | return    0.300 | deliv   0.30 | blocked 19.3% | idle 12.2% | ent 1.223
  upd    8 | return    0.100 | deliv   0.10 | blocked 19.8% | idle 12.0% | ent 1.204
  upd    9 | return    0.500 | deliv   0.50 | blocked 18.8% | idle 12.1% | ent 1.221
  upd   10 | return    0.500 | deliv   0.50 | blocked 19.1% | idle 12.0% | ent 1.229
  upd   11 | return    0.300 | deliv   0.30 | blocked 20.0% | idle 11.3% | ent 1.213
  upd   12 | return    0.200 | deliv   0.20 | blocked 17.5% | idle 11.6% | ent 1.220
  upd   13 | return    0.200 | deliv   0.20 | blocked 20.3% | idle 11.8% | ent 1.215
  upd   14 | return    0.100 | deliv   0.10 | blocked 21.0% | idle 11.7% | ent 1.210
  upd   15 | return    0.200 | deliv   0.20 | blocked 20.7% | idle 11.8% | ent 1.189
  upd   16 | return    0.400 | deliv   0.40 | blocked 16.8% | idle 12.4% | ent 1.234
  upd   17 | return    0.000 | deliv   0.00 | blocked 20.1% | idle 11.3% | ent 1.200
  upd   18 | return    0.400 | deliv   0.40 | blocked 20.8% | idle 11.2% | ent 1.176
  upd   19 | return    0.400 | deliv   0.40 | blocked 19.7% | idle 11.9% | ent 1.208
  upd   20 | return    0.400 | deliv   0.40 | blocked 18.7% | idle 11.9% | ent 1.189
  upd   21 | return    0.100 | deliv   0.10 | blocked 18.9% | idle 11.9% | ent 1.201
  upd   22 | return    0.000 | deliv   0.00 | blocked 17.6% | idle 12.3% | ent 1.236
  upd   23 | return    0.300 | deliv   0.30 | blocked 19.3% | idle 12.0% | ent 1.198
  upd   24 | return    0.300 | deliv   0.30 | blocked 19.9% | idle 12.0% | ent 1.203
  upd   25 | return    0.200 | deliv   0.20 | blocked 21.7% | idle 12.2% | ent 1.190
  upd   26 | return    0.600 | deliv   0.60 | blocked 21.3% | idle 11.5% | ent 1.166
  upd   27 | return    0.200 | deliv   0.20 | blocked 21.1% | idle 12.4% | ent 1.199
  upd   28 | return    0.300 | deliv   0.30 | blocked 21.4% | idle 12.2% | ent 1.191
  upd   29 | return    0.000 | deliv   0.00 | blocked 22.5% | idle 11.7% | ent 1.154
  upd   30 | return    0.700 | deliv   0.70 | blocked 25.8% | idle 11.5% | ent 1.126
  upd   31 | return    0.200 | deliv   0.20 | blocked 22.8% | idle 12.5% | ent 1.157
  upd   32 | return    0.100 | deliv   0.10 | blocked 23.8% | idle 12.0% | ent 1.140
  upd   33 | return    0.200 | deliv   0.20 | blocked 24.8% | idle 11.9% | ent 1.139
  upd   34 | return    0.200 | deliv   0.20 | blocked 23.6% | idle 12.5% | ent 1.160
  upd   35 | return    0.400 | deliv   0.40 | blocked 24.9% | idle 10.8% | ent 1.088
  upd   36 | return    0.600 | deliv   0.60 | blocked 26.3% | idle 11.8% | ent 1.083
  upd   37 | return    0.500 | deliv   0.50 | blocked 26.9% | idle 11.2% | ent 1.086
  upd   38 | return    0.400 | deliv   0.40 | blocked 26.0% | idle 10.7% | ent 1.082
  upd   39 | return    0.200 | deliv   0.20 | blocked 27.5% | idle 10.0% | ent 1.050
  upd   40 | return    0.300 | deliv   0.30 | blocked 30.5% | idle 10.5% | ent 1.018
  upd   41 | return    0.200 | deliv   0.20 | blocked 30.6% | idle  9.5% | ent 0.995
  upd   42 | return    0.200 | deliv   0.20 | blocked 31.2% | idle  9.9% | ent 1.000
  upd   43 | return    0.100 | deliv   0.10 | blocked 29.7% | idle  8.9% | ent 0.993
  upd   44 | return    0.300 | deliv   0.30 | blocked 31.2% | idle  9.1% | ent 0.987
  upd   45 | return    0.300 | deliv   0.30 | blocked 28.7% | idle  9.2% | ent 1.004
  upd   46 | return    0.300 | deliv   0.30 | blocked 30.7% | idle  9.0% | ent 0.998
  upd   47 | return    0.100 | deliv   0.10 | blocked 34.3% | idle  8.5% | ent 0.951
  upd   48 | return    0.200 | deliv   0.20 | blocked 32.7% | idle  8.4% | ent 0.941
  upd   49 | return    0.600 | deliv   0.60 | blocked 32.6% | idle  7.6% | ent 0.934
  upd   50 | return    0.100 | deliv   0.10 | blocked 34.2% | idle  7.5% | ent 0.909
  upd   51 | return    0.200 | deliv   0.20 | blocked 35.1% | idle  7.1% | ent 0.877
  upd   52 | return    0.400 | deliv   0.40 | blocked 37.4% | idle  6.8% | ent 0.873
  upd   53 | return    0.000 | deliv   0.00 | blocked 37.9% | idle  6.3% | ent 0.851
  upd   54 | return    0.000 | deliv   0.00 | blocked 37.6% | idle  6.6% | ent 0.852
  upd   55 | return    0.000 | deliv   0.00 | blocked 37.2% | idle  6.0% | ent 0.835
  upd   56 | return    0.200 | deliv   0.20 | blocked 40.6% | idle  6.1% | ent 0.810
  upd   57 | return    0.500 | deliv   0.50 | blocked 41.1% | idle  5.6% | ent 0.802
  upd   58 | return    0.300 | deliv   0.30 | blocked 41.5% | idle  5.5% | ent 0.794
  upd   59 | return    0.100 | deliv   0.10 | blocked 42.2% | idle  5.4% | ent 0.774
  upd   60 | return    0.300 | deliv   0.30 | blocked 42.8% | idle  5.3% | ent 0.770
  upd   61 | return    0.300 | deliv   0.30 | blocked 47.7% | idle  4.9% | ent 0.720
  upd   62 | return    0.000 | deliv   0.00 | blocked 44.1% | idle  5.2% | ent 0.772
  upd   63 | return    0.200 | deliv   0.20 | blocked 46.8% | idle  4.7% | ent 0.710
  upd   64 | return    0.200 | deliv   0.20 | blocked 47.0% | idle  4.6% | ent 0.725
  upd   65 | return    0.400 | deliv   0.40 | blocked 48.5% | idle  4.5% | ent 0.698
  upd   66 | return    0.100 | deliv   0.10 | blocked 46.2% | idle  4.7% | ent 0.724
  upd   67 | return    0.100 | deliv   0.10 | blocked 46.2% | idle  4.2% | ent 0.701
  upd   68 | return    0.200 | deliv   0.20 | blocked 46.2% | idle  4.4% | ent 0.711
  upd   69 | return    0.300 | deliv   0.30 | blocked 48.6% | idle  4.4% | ent 0.692
  upd   70 | return    0.400 | deliv   0.40 | blocked 47.9% | idle  4.3% | ent 0.684
  upd   71 | return    0.300 | deliv   0.30 | blocked 44.7% | idle  4.6% | ent 0.714
  upd   72 | return    0.100 | deliv   0.10 | blocked 46.4% | idle  4.3% | ent 0.703
  upd   73 | return    0.200 | deliv   0.20 | blocked 46.3% | idle  4.6% | ent 0.709
  upd   74 | return    0.400 | deliv   0.40 | blocked 44.1% | idle  4.5% | ent 0.729
  upd   75 | return    0.100 | deliv   0.10 | blocked 45.3% | idle  4.8% | ent 0.723
  upd   76 | return    0.100 | deliv   0.10 | blocked 46.0% | idle  4.5% | ent 0.710
  upd   77 | return    0.200 | deliv   0.20 | blocked 46.0% | idle  4.6% | ent 0.713
  upd   78 | return    0.300 | deliv   0.30 | blocked 45.1% | idle  4.8% | ent 0.726
  upd   79 | return    0.100 | deliv   0.10 | blocked 44.8% | idle  4.5% | ent 0.726
  upd   80 | return    0.200 | deliv   0.20 | blocked 44.7% | idle  4.9% | ent 0.731
  upd   81 | return    0.200 | deliv   0.20 | blocked 44.1% | idle  4.8% | ent 0.736
  upd   82 | return    0.200 | deliv   0.20 | blocked 43.5% | idle  5.2% | ent 0.751
  upd   83 | return    0.200 | deliv   0.20 | blocked 43.4% | idle  5.4% | ent 0.745
  upd   84 | return    0.300 | deliv   0.30 | blocked 42.1% | idle  5.4% | ent 0.758
  upd   85 | return    0.000 | deliv   0.00 | blocked 42.6% | idle  5.2% | ent 0.751
  upd   86 | return    0.000 | deliv   0.00 | blocked 41.3% | idle  4.8% | ent 0.747
  upd   87 | return    0.200 | deliv   0.20 | blocked 43.4% | idle  4.7% | ent 0.738
  upd   88 | return    0.000 | deliv   0.00 | blocked 42.6% | idle  4.6% | ent 0.749
  upd   89 | return    0.300 | deliv   0.30 | blocked 44.0% | idle  4.6% | ent 0.728
  upd   90 | return    0.100 | deliv   0.10 | blocked 41.0% | idle  4.8% | ent 0.753
  upd   91 | return    0.300 | deliv   0.30 | blocked 42.7% | idle  4.8% | ent 0.753
  upd   92 | return    0.200 | deliv   0.20 | blocked 41.0% | idle  5.2% | ent 0.755
  upd   93 | return    0.300 | deliv   0.30 | blocked 40.9% | idle  5.3% | ent 0.769
  upd   94 | return    0.000 | deliv   0.00 | blocked 40.5% | idle  5.2% | ent 0.756
  upd   95 | return    0.100 | deliv   0.10 | blocked 41.7% | idle  5.4% | ent 0.744
  upd   96 | return    0.100 | deliv   0.10 | blocked 41.4% | idle  5.6% | ent 0.766
  upd   97 | return    0.100 | deliv   0.10 | blocked 41.7% | idle  5.1% | ent 0.747
  upd   98 | return    0.100 | deliv   0.10 | blocked 41.8% | idle  5.4% | ent 0.738
  upd   99 | return    0.300 | deliv   0.30 | blocked 42.2% | idle  5.2% | ent 0.741
  upd  100 | return    0.300 | deliv   0.30 | blocked 40.6% | idle  5.8% | ent 0.765
  upd  101 | return    0.100 | deliv   0.10 | blocked 39.7% | idle  5.6% | ent 0.763
  upd  102 | return    0.000 | deliv   0.00 | blocked 38.9% | idle  5.7% | ent 0.783
  upd  103 | return    0.100 | deliv   0.10 | blocked 39.1% | idle  5.5% | ent 0.764
  upd  104 | return    0.200 | deliv   0.20 | blocked 37.8% | idle  5.7% | ent 0.780
  upd  105 | return    0.200 | deliv   0.20 | blocked 34.7% | idle  5.7% | ent 0.789
  upd  106 | return    0.100 | deliv   0.10 | blocked 33.5% | idle  5.9% | ent 0.826
  upd  107 | return    0.200 | deliv   0.20 | blocked 33.5% | idle  6.5% | ent 0.827
  upd  108 | return    0.000 | deliv   0.00 | blocked 29.5% | idle  6.4% | ent 0.856
  upd  109 | return    0.200 | deliv   0.20 | blocked 34.3% | idle  6.2% | ent 0.833
  upd  110 | return    0.300 | deliv   0.30 | blocked 31.5% | idle  6.2% | ent 0.829
  upd  111 | return    0.200 | deliv   0.20 | blocked 30.9% | idle  6.7% | ent 0.860
  upd  112 | return    0.100 | deliv   0.10 | blocked 27.9% | idle  6.9% | ent 0.881
  upd  113 | return    0.200 | deliv   0.20 | blocked 26.6% | idle  6.8% | ent 0.893
  upd  114 | return    0.100 | deliv   0.10 | blocked 24.9% | idle  6.8% | ent 0.924
  upd  115 | return    0.200 | deliv   0.20 | blocked 24.6% | idle  7.4% | ent 0.932
  upd  116 | return    0.400 | deliv   0.40 | blocked 22.9% | idle  7.1% | ent 0.949
  upd  117 | return    0.200 | deliv   0.20 | blocked 21.4% | idle  7.2% | ent 0.970
  upd  118 | return    0.300 | deliv   0.30 | blocked 20.7% | idle  7.9% | ent 0.998
  upd  119 | return    0.100 | deliv   0.10 | blocked 20.4% | idle  8.0% | ent 1.021
  upd  120 | return    0.300 | deliv   0.30 | blocked 21.3% | idle  8.2% | ent 0.997
  upd  121 | return    0.300 | deliv   0.30 | blocked 21.5% | idle  7.2% | ent 0.985
  upd  122 | return    0.300 | deliv   0.30 | blocked 20.9% | idle  7.7% | ent 1.012
  upd  123 | return    0.000 | deliv   0.00 | blocked 20.3% | idle  7.4% | ent 1.012
  upd  124 | return    0.000 | deliv   0.00 | blocked 21.3% | idle  6.8% | ent 0.991
  upd  125 | return    0.200 | deliv   0.20 | blocked 22.1% | idle  7.3% | ent 1.000
  upd  126 | return    0.300 | deliv   0.30 | blocked 21.7% | idle  6.9% | ent 0.998
  upd  127 | return    0.000 | deliv   0.00 | blocked 23.8% | idle  6.7% | ent 0.996
  upd  128 | return    0.300 | deliv   0.30 | blocked 23.8% | idle  6.5% | ent 0.988
  upd  129 | return    0.200 | deliv   0.20 | blocked 27.9% | idle  6.6% | ent 0.954
  upd  130 | return    0.200 | deliv   0.20 | blocked 27.8% | idle  5.8% | ent 0.932
  upd  131 | return    0.300 | deliv   0.30 | blocked 29.5% | idle  5.6% | ent 0.933
  upd  132 | return    0.200 | deliv   0.20 | blocked 32.8% | idle  6.0% | ent 0.913
  upd  133 | return    0.300 | deliv   0.30 | blocked 32.1% | idle  5.0% | ent 0.887
  upd  134 | return    0.400 | deliv   0.40 | blocked 35.6% | idle  4.5% | ent 0.845
  upd  135 | return    0.000 | deliv   0.00 | blocked 35.5% | idle  4.9% | ent 0.856
  upd  136 | return    0.000 | deliv   0.00 | blocked 36.5% | idle  4.7% | ent 0.835
  upd  137 | return    0.500 | deliv   0.50 | blocked 38.3% | idle  4.3% | ent 0.804
  upd  138 | return    0.300 | deliv   0.30 | blocked 40.6% | idle  4.0% | ent 0.803
  upd  139 | return    0.200 | deliv   0.20 | blocked 38.5% | idle  4.0% | ent 0.779
  upd  140 | return    0.500 | deliv   0.50 | blocked 41.0% | idle  3.9% | ent 0.777
  upd  141 | return    0.000 | deliv   0.00 | blocked 42.0% | idle  3.6% | ent 0.760
  upd  142 | return    0.100 | deliv   0.10 | blocked 41.0% | idle  3.6% | ent 0.760
  upd  143 | return    0.300 | deliv   0.30 | blocked 42.2% | idle  3.6% | ent 0.743
  upd  144 | return    0.400 | deliv   0.40 | blocked 42.0% | idle  3.1% | ent 0.729
  upd  145 | return    0.000 | deliv   0.00 | blocked 42.6% | idle  3.0% | ent 0.735
  upd  146 | return    0.100 | deliv   0.10 | blocked 43.8% | idle  3.0% | ent 0.722
  upd  147 | return    0.100 | deliv   0.10 | blocked 41.5% | idle  3.0% | ent 0.736
  upd  148 | return    0.400 | deliv   0.40 | blocked 43.3% | idle  2.8% | ent 0.739
  upd  149 | return    0.200 | deliv   0.20 | blocked 42.3% | idle  2.6% | ent 0.742
  upd  150 | return    0.100 | deliv   0.10 | blocked 43.6% | idle  2.6% | ent 0.727
  upd  151 | return    0.000 | deliv   0.00 | blocked 42.2% | idle  2.7% | ent 0.740
  upd  152 | return    0.200 | deliv   0.20 | blocked 43.7% | idle  2.8% | ent 0.733
  upd  153 | return    0.000 | deliv   0.00 | blocked 44.2% | idle  2.3% | ent 0.731
  upd  154 | return    0.100 | deliv   0.10 | blocked 41.9% | idle  2.6% | ent 0.731
  upd  155 | return    0.200 | deliv   0.20 | blocked 43.4% | idle  2.4% | ent 0.730
  upd  156 | return    0.000 | deliv   0.00 | blocked 42.4% | idle  2.3% | ent 0.727
  upd  157 | return    0.200 | deliv   0.20 | blocked 40.3% | idle  2.4% | ent 0.752
  upd  158 | return    0.000 | deliv   0.00 | blocked 39.0% | idle  2.6% | ent 0.763
  upd  159 | return    0.000 | deliv   0.00 | blocked 39.9% | idle  2.4% | ent 0.758
  upd  160 | return    0.000 | deliv   0.00 | blocked 39.7% | idle  2.1% | ent 0.748
  upd  161 | return    0.000 | deliv   0.00 | blocked 40.0% | idle  2.0% | ent 0.741
  upd  162 | return    0.200 | deliv   0.20 | blocked 40.0% | idle  2.0% | ent 0.729
  upd  163 | return    0.300 | deliv   0.30 | blocked 38.8% | idle  2.4% | ent 0.747
  upd  164 | return    0.300 | deliv   0.30 | blocked 36.7% | idle  2.3% | ent 0.750
  upd  165 | return    0.300 | deliv   0.30 | blocked 35.3% | idle  2.3% | ent 0.772
  upd  166 | return    0.200 | deliv   0.20 | blocked 37.9% | idle  2.1% | ent 0.758
  upd  167 | return    0.200 | deliv   0.20 | blocked 37.8% | idle  2.0% | ent 0.750
  upd  168 | return    0.200 | deliv   0.20 | blocked 35.9% | idle  2.2% | ent 0.763
  upd  169 | return    0.400 | deliv   0.40 | blocked 38.2% | idle  1.9% | ent 0.742
  upd  170 | return    0.100 | deliv   0.10 | blocked 38.1% | idle  2.1% | ent 0.765
  upd  171 | return    0.200 | deliv   0.20 | blocked 37.0% | idle  2.2% | ent 0.746
  upd  172 | return    0.100 | deliv   0.10 | blocked 38.6% | idle  1.9% | ent 0.741
  upd  173 | return    0.100 | deliv   0.10 | blocked 39.5% | idle  2.0% | ent 0.761
  upd  174 | return    0.400 | deliv   0.40 | blocked 38.8% | idle  2.1% | ent 0.749
  upd  175 | return    0.300 | deliv   0.30 | blocked 37.3% | idle  2.2% | ent 0.764
  upd  176 | return    0.400 | deliv   0.40 | blocked 39.9% | idle  1.8% | ent 0.743
  upd  177 | return    0.000 | deliv   0.00 | blocked 41.3% | idle  2.1% | ent 0.745
  upd  178 | return    0.200 | deliv   0.20 | blocked 40.7% | idle  1.6% | ent 0.737
  upd  179 | return    0.100 | deliv   0.10 | blocked 39.8% | idle  2.1% | ent 0.753
  upd  180 | return    0.200 | deliv   0.20 | blocked 39.7% | idle  2.2% | ent 0.763
  upd  181 | return    0.600 | deliv   0.60 | blocked 41.6% | idle  1.8% | ent 0.732
  upd  182 | return    0.200 | deliv   0.20 | blocked 42.2% | idle  2.0% | ent 0.752
  upd  183 | return    0.000 | deliv   0.00 | blocked 38.8% | idle  1.8% | ent 0.761
  upd  184 | return    0.100 | deliv   0.10 | blocked 42.2% | idle  1.8% | ent 0.737
  upd  185 | return    0.200 | deliv   0.20 | blocked 41.8% | idle  1.8% | ent 0.747
  upd  186 | return    0.400 | deliv   0.40 | blocked 42.0% | idle  1.8% | ent 0.723
  upd  187 | return    0.100 | deliv   0.10 | blocked 40.7% | idle  1.6% | ent 0.725
  upd  188 | return    0.400 | deliv   0.40 | blocked 39.9% | idle  2.0% | ent 0.740
  upd  189 | return    0.200 | deliv   0.20 | blocked 41.7% | idle  1.7% | ent 0.730
  upd  190 | return    0.300 | deliv   0.30 | blocked 39.6% | idle  2.0% | ent 0.747
  upd  191 | return    0.000 | deliv   0.00 | blocked 40.4% | idle  1.6% | ent 0.740
  upd  192 | return    0.000 | deliv   0.00 | blocked 38.1% | idle  1.5% | ent 0.741
  upd  193 | return    0.100 | deliv   0.10 | blocked 37.0% | idle  1.9% | ent 0.760
  upd  194 | return    0.200 | deliv   0.20 | blocked 38.2% | idle  1.6% | ent 0.742
  upd  195 | return    0.100 | deliv   0.10 | blocked 37.9% | idle  1.7% | ent 0.751
  upd  196 | return    0.300 | deliv   0.30 | blocked 37.8% | idle  1.6% | ent 0.754
  upd  197 | return    0.000 | deliv   0.00 | blocked 35.4% | idle  1.8% | ent 0.761
  upd  198 | return    0.300 | deliv   0.30 | blocked 38.8% | idle  1.5% | ent 0.755
  upd  199 | return    0.300 | deliv   0.30 | blocked 38.4% | idle  1.5% | ent 0.740
  upd  200 | return    0.300 | deliv   0.30 | blocked 37.6% | idle  1.6% | ent 0.747
  upd  201 | return    0.200 | deliv   0.20 | blocked 38.3% | idle  1.5% | ent 0.750
  upd  202 | return    0.100 | deliv   0.10 | blocked 37.8% | idle  1.5% | ent 0.749
  upd  203 | return    0.200 | deliv   0.20 | blocked 39.0% | idle  1.4% | ent 0.743
  upd  204 | return    0.600 | deliv   0.60 | blocked 37.8% | idle  1.5% | ent 0.758
  upd  205 | return    0.100 | deliv   0.10 | blocked 36.4% | idle  1.6% | ent 0.756
  upd  206 | return    0.300 | deliv   0.30 | blocked 38.5% | idle  1.6% | ent 0.757
  upd  207 | return    0.400 | deliv   0.40 | blocked 39.7% | idle  1.5% | ent 0.743
  upd  208 | return    0.300 | deliv   0.30 | blocked 37.5% | idle  1.8% | ent 0.765
  upd  209 | return    0.400 | deliv   0.40 | blocked 38.2% | idle  1.4% | ent 0.775
  upd  210 | return    0.100 | deliv   0.10 | blocked 35.7% | idle  1.5% | ent 0.792
  upd  211 | return    0.200 | deliv   0.20 | blocked 35.4% | idle  1.6% | ent 0.798
  upd  212 | return    0.100 | deliv   0.10 | blocked 34.8% | idle  1.6% | ent 0.813
  upd  213 | return    0.400 | deliv   0.40 | blocked 35.4% | idle  1.3% | ent 0.798
  upd  214 | return    0.100 | deliv   0.10 | blocked 35.3% | idle  1.2% | ent 0.811
  upd  215 | return    0.400 | deliv   0.40 | blocked 34.8% | idle  1.4% | ent 0.819
  upd  216 | return    0.200 | deliv   0.20 | blocked 34.4% | idle  1.4% | ent 0.819
  upd  217 | return    0.100 | deliv   0.10 | blocked 34.1% | idle  1.6% | ent 0.828
  upd  218 | return    0.100 | deliv   0.10 | blocked 35.4% | idle  1.6% | ent 0.823
  upd  219 | return    0.800 | deliv   0.80 | blocked 34.5% | idle  1.5% | ent 0.836
  upd  220 | return    0.100 | deliv   0.10 | blocked 34.6% | idle  1.5% | ent 0.815
  upd  221 | return    0.000 | deliv   0.00 | blocked 37.0% | idle  1.5% | ent 0.820
  upd  222 | return    0.000 | deliv   0.00 | blocked 37.5% | idle  1.7% | ent 0.803
  upd  223 | return    0.000 | deliv   0.00 | blocked 36.6% | idle  1.8% | ent 0.819
  upd  224 | return    0.200 | deliv   0.20 | blocked 38.0% | idle  1.5% | ent 0.812
  upd  225 | return    0.100 | deliv   0.10 | blocked 38.9% | idle  1.6% | ent 0.806
  upd  226 | return    0.200 | deliv   0.20 | blocked 36.6% | idle  1.8% | ent 0.819
  upd  227 | return    0.200 | deliv   0.20 | blocked 39.5% | idle  1.4% | ent 0.802
  upd  228 | return    0.000 | deliv   0.00 | blocked 40.3% | idle  1.9% | ent 0.803
  upd  229 | return    0.300 | deliv   0.30 | blocked 38.6% | idle  1.7% | ent 0.804
  upd  230 | return    0.100 | deliv   0.10 | blocked 39.2% | idle  1.7% | ent 0.788
  upd  231 | return    0.200 | deliv   0.20 | blocked 39.9% | idle  1.9% | ent 0.789
  upd  232 | return    0.100 | deliv   0.10 | blocked 40.0% | idle  1.9% | ent 0.793
  upd  233 | return    0.400 | deliv   0.40 | blocked 39.3% | idle  1.8% | ent 0.802
  upd  234 | return    0.200 | deliv   0.20 | blocked 39.4% | idle  2.0% | ent 0.809
  upd  235 | return    0.000 | deliv   0.00 | blocked 43.0% | idle  1.8% | ent 0.776
  upd  236 | return    0.200 | deliv   0.20 | blocked 40.2% | idle  2.0% | ent 0.779
  upd  237 | return    0.200 | deliv   0.20 | blocked 41.6% | idle  2.1% | ent 0.785
  upd  238 | return    0.100 | deliv   0.10 | blocked 43.3% | idle  1.8% | ent 0.770
  upd  239 | return    0.200 | deliv   0.20 | blocked 43.5% | idle  1.9% | ent 0.768
  upd  240 | return    0.200 | deliv   0.20 | blocked 42.0% | idle  1.9% | ent 0.772
  upd  241 | return    0.500 | deliv   0.50 | blocked 42.2% | idle  2.1% | ent 0.777
  upd  242 | return    0.200 | deliv   0.20 | blocked 44.5% | idle  2.1% | ent 0.762
  upd  243 | return    0.300 | deliv   0.30 | blocked 42.5% | idle  2.2% | ent 0.760
  upd  244 | return    0.100 | deliv   0.10 | blocked 44.8% | idle  1.9% | ent 0.753
  upd  245 | return    0.200 | deliv   0.20 | blocked 43.5% | idle  2.3% | ent 0.766
  upd  246 | return    0.200 | deliv   0.20 | blocked 43.3% | idle  2.3% | ent 0.772
  upd  247 | return    0.500 | deliv   0.50 | blocked 47.5% | idle  2.0% | ent 0.736
  upd  248 | return    0.200 | deliv   0.20 | blocked 43.4% | idle  2.3% | ent 0.764
  upd  249 | return    0.200 | deliv   0.20 | blocked 45.4% | idle  2.2% | ent 0.760
  upd  250 | return    0.200 | deliv   0.20 | blocked 45.2% | idle  2.2% | ent 0.758
  upd  251 | return    0.100 | deliv   0.10 | blocked 44.9% | idle  2.4% | ent 0.762
  upd  252 | return    0.100 | deliv   0.10 | blocked 43.5% | idle  2.0% | ent 0.761
  upd  253 | return    0.100 | deliv   0.10 | blocked 42.7% | idle  2.1% | ent 0.784
  upd  254 | return    0.100 | deliv   0.10 | blocked 44.6% | idle  2.3% | ent 0.775
  upd  255 | return    0.100 | deliv   0.10 | blocked 42.5% | idle  2.5% | ent 0.804
  upd  256 | return    0.400 | deliv   0.40 | blocked 38.4% | idle  2.7% | ent 0.830
  upd  257 | return    0.100 | deliv   0.10 | blocked 38.3% | idle  2.5% | ent 0.832
  upd  258 | return    0.200 | deliv   0.20 | blocked 39.7% | idle  2.4% | ent 0.807
  upd  259 | return    0.100 | deliv   0.10 | blocked 38.3% | idle  2.5% | ent 0.819
  upd  260 | return    0.300 | deliv   0.30 | blocked 36.3% | idle  2.6% | ent 0.823
  upd  261 | return    0.400 | deliv   0.40 | blocked 37.2% | idle  2.4% | ent 0.818
  upd  262 | return    0.200 | deliv   0.20 | blocked 35.3% | idle  2.6% | ent 0.818
  upd  263 | return    0.300 | deliv   0.30 | blocked 36.1% | idle  2.3% | ent 0.797
  upd  264 | return    0.200 | deliv   0.20 | blocked 36.4% | idle  2.3% | ent 0.810
  upd  265 | return    0.300 | deliv   0.30 | blocked 35.7% | idle  2.3% | ent 0.801
  upd  266 | return    0.100 | deliv   0.10 | blocked 37.5% | idle  2.3% | ent 0.786
  upd  267 | return    0.800 | deliv   0.80 | blocked 38.2% | idle  2.2% | ent 0.759
  upd  268 | return    0.500 | deliv   0.50 | blocked 39.6% | idle  1.8% | ent 0.755
  upd  269 | return    0.000 | deliv   0.00 | blocked 39.4% | idle  1.9% | ent 0.786
  upd  270 | return    0.200 | deliv   0.20 | blocked 38.0% | idle  2.2% | ent 0.799
  upd  271 | return    0.200 | deliv   0.20 | blocked 41.5% | idle  1.9% | ent 0.784
  upd  272 | return    0.200 | deliv   0.20 | blocked 39.7% | idle  2.1% | ent 0.786
  upd  273 | return    0.300 | deliv   0.30 | blocked 41.3% | idle  1.9% | ent 0.783
  upd  274 | return    0.200 | deliv   0.20 | blocked 41.5% | idle  2.0% | ent 0.773
  upd  275 | return    0.100 | deliv   0.10 | blocked 40.1% | idle  2.2% | ent 0.791
  upd  276 | return    0.100 | deliv   0.10 | blocked 42.6% | idle  2.0% | ent 0.795
  upd  277 | return    0.100 | deliv   0.10 | blocked 43.8% | idle  2.0% | ent 0.769
  upd  278 | return    0.400 | deliv   0.40 | blocked 44.3% | idle  1.9% | ent 0.773
  upd  279 | return    0.000 | deliv   0.00 | blocked 43.3% | idle  1.8% | ent 0.785
  upd  280 | return    0.600 | deliv   0.60 | blocked 42.6% | idle  1.9% | ent 0.803
  upd  281 | return    0.300 | deliv   0.30 | blocked 38.8% | idle  2.1% | ent 0.823
  upd  282 | return    0.100 | deliv   0.10 | blocked 42.4% | idle  2.1% | ent 0.812
  upd  283 | return    0.300 | deliv   0.30 | blocked 39.1% | idle  2.2% | ent 0.823
  upd  284 | return    0.100 | deliv   0.10 | blocked 40.6% | idle  1.9% | ent 0.827
  upd  285 | return    0.400 | deliv   0.40 | blocked 38.1% | idle  2.1% | ent 0.845
  upd  286 | return    0.100 | deliv   0.10 | blocked 38.6% | idle  2.1% | ent 0.854
  upd  287 | return    0.300 | deliv   0.30 | blocked 39.5% | idle  2.2% | ent 0.866
  upd  288 | return    0.300 | deliv   0.30 | blocked 37.2% | idle  2.1% | ent 0.868
  upd  289 | return    0.100 | deliv   0.10 | blocked 35.3% | idle  2.0% | ent 0.901
  upd  290 | return    0.600 | deliv   0.60 | blocked 33.8% | idle  2.2% | ent 0.909
  upd  291 | return    0.600 | deliv   0.60 | blocked 32.8% | idle  2.1% | ent 0.915
  upd  292 | return    0.100 | deliv   0.10 | blocked 30.6% | idle  2.3% | ent 0.950
  upd  293 | return    0.600 | deliv   0.60 | blocked 31.7% | idle  2.2% | ent 0.944
  upd  294 | return    0.200 | deliv   0.20 | blocked 31.0% | idle  1.9% | ent 0.940
  upd  295 | return    0.300 | deliv   0.30 | blocked 25.3% | idle  2.1% | ent 0.963
  upd  296 | return    0.100 | deliv   0.10 | blocked 26.0% | idle  2.2% | ent 0.968
  upd  297 | return    0.200 | deliv   0.20 | blocked 25.3% | idle  2.2% | ent 0.961
  upd  298 | return    0.900 | deliv   0.90 | blocked 25.2% | idle  2.2% | ent 0.958
  upd  299 | return    0.400 | deliv   0.40 | blocked 24.4% | idle  2.0% | ent 0.966
  upd  300 | return    0.300 | deliv   0.30 | blocked 24.4% | idle  2.1% | ent 0.949
  upd  301 | return    0.200 | deliv   0.20 | blocked 23.5% | idle  2.0% | ent 0.943
  upd  302 | return    0.400 | deliv   0.40 | blocked 21.6% | idle  2.2% | ent 0.946
  upd  303 | return    0.100 | deliv   0.10 | blocked 21.1% | idle  2.0% | ent 0.912
  upd  304 | return    0.100 | deliv   0.10 | blocked 20.6% | idle  2.1% | ent 0.915
  upd  305 | return    0.200 | deliv   0.20 | blocked 19.3% | idle  2.3% | ent 0.923
  upd  306 | return    0.400 | deliv   0.40 | blocked 19.3% | idle  2.4% | ent 0.922
  upd  307 | return    0.200 | deliv   0.20 | blocked 19.8% | idle  2.3% | ent 0.914
  upd  308 | return    0.200 | deliv   0.20 | blocked 20.8% | idle  2.1% | ent 0.895
  upd  309 | return    0.200 | deliv   0.20 | blocked 21.3% | idle  2.4% | ent 0.913
  upd  310 | return    0.200 | deliv   0.20 | blocked 21.9% | idle  2.3% | ent 0.886
  upd  311 | return    0.200 | deliv   0.20 | blocked 22.3% | idle  2.7% | ent 0.919
  upd  312 | return    0.200 | deliv   0.20 | blocked 22.9% | idle  2.6% | ent 0.909
  upd  313 | return    0.300 | deliv   0.30 | blocked 22.2% | idle  2.6% | ent 0.914
  upd  314 | return    0.100 | deliv   0.10 | blocked 23.2% | idle  2.9% | ent 0.920
  upd  315 | return    0.300 | deliv   0.30 | blocked 24.6% | idle  2.9% | ent 0.914
  upd  316 | return    0.200 | deliv   0.20 | blocked 25.3% | idle  2.8% | ent 0.922
  upd  317 | return    0.300 | deliv   0.30 | blocked 21.4% | idle  2.8% | ent 0.924
  upd  318 | return    0.300 | deliv   0.30 | blocked 23.2% | idle  3.1% | ent 0.935
  upd  319 | return    0.300 | deliv   0.30 | blocked 22.9% | idle  2.7% | ent 0.943
  upd  320 | return    0.400 | deliv   0.40 | blocked 24.1% | idle  3.0% | ent 0.955
  upd  321 | return    0.200 | deliv   0.20 | blocked 22.9% | idle  2.9% | ent 0.953
  upd  322 | return    0.000 | deliv   0.00 | blocked 23.3% | idle  2.7% | ent 0.967
  upd  323 | return    0.100 | deliv   0.10 | blocked 22.2% | idle  2.8% | ent 0.975
  upd  324 | return    0.200 | deliv   0.20 | blocked 23.1% | idle  2.8% | ent 0.974
  upd  325 | return    0.600 | deliv   0.60 | blocked 22.4% | idle  2.6% | ent 0.974
  upd  326 | return    0.100 | deliv   0.10 | blocked 22.3% | idle  2.3% | ent 0.974
  upd  327 | return    0.100 | deliv   0.10 | blocked 22.4% | idle  2.3% | ent 0.950
  upd  328 | return    0.000 | deliv   0.00 | blocked 22.8% | idle  2.3% | ent 0.972
  upd  329 | return    0.100 | deliv   0.10 | blocked 22.7% | idle  2.1% | ent 0.960
  upd  330 | return    0.400 | deliv   0.40 | blocked 21.4% | idle  2.4% | ent 0.919
  upd  331 | return    0.100 | deliv   0.10 | blocked 21.0% | idle  2.2% | ent 0.938
  upd  332 | return    0.300 | deliv   0.30 | blocked 22.7% | idle  2.3% | ent 0.930
  upd  333 | return    0.300 | deliv   0.30 | blocked 21.7% | idle  2.0% | ent 0.950
  upd  334 | return    0.400 | deliv   0.40 | blocked 22.6% | idle  2.0% | ent 0.908
  upd  335 | return    0.300 | deliv   0.30 | blocked 24.6% | idle  1.7% | ent 0.908
  upd  336 | return    0.100 | deliv   0.10 | blocked 24.8% | idle  1.6% | ent 0.934
  upd  337 | return    0.300 | deliv   0.30 | blocked 25.1% | idle  1.6% | ent 0.940
  upd  338 | return    0.300 | deliv   0.30 | blocked 26.8% | idle  1.7% | ent 0.944
  upd  339 | return    0.100 | deliv   0.10 | blocked 26.3% | idle  1.6% | ent 0.941
  upd  340 | return    0.300 | deliv   0.30 | blocked 27.6% | idle  1.7% | ent 0.917
  upd  341 | return    0.400 | deliv   0.40 | blocked 29.4% | idle  1.6% | ent 0.928
  upd  342 | return    0.100 | deliv   0.10 | blocked 29.1% | idle  1.4% | ent 0.943
  upd  343 | return    0.400 | deliv   0.40 | blocked 30.4% | idle  1.6% | ent 0.952
  upd  344 | return    0.600 | deliv   0.60 | blocked 30.5% | idle  1.5% | ent 0.934
  upd  345 | return    0.300 | deliv   0.30 | blocked 32.0% | idle  1.5% | ent 0.924
  upd  346 | return    0.300 | deliv   0.30 | blocked 32.4% | idle  1.3% | ent 0.915
  upd  347 | return    0.300 | deliv   0.30 | blocked 31.7% | idle  1.4% | ent 0.925
  upd  348 | return    0.200 | deliv   0.20 | blocked 35.4% | idle  1.2% | ent 0.913
  upd  349 | return    0.500 | deliv   0.50 | blocked 34.1% | idle  1.4% | ent 0.913
  upd  350 | return    0.500 | deliv   0.50 | blocked 35.2% | idle  1.2% | ent 0.895
  upd  351 | return    0.500 | deliv   0.50 | blocked 33.2% | idle  1.3% | ent 0.890
  upd  352 | return    0.000 | deliv   0.00 | blocked 35.6% | idle  1.3% | ent 0.881
  upd  353 | return    0.100 | deliv   0.10 | blocked 34.6% | idle  1.4% | ent 0.877
  upd  354 | return    0.100 | deliv   0.10 | blocked 35.6% | idle  1.0% | ent 0.856
  upd  355 | return    0.300 | deliv   0.30 | blocked 33.8% | idle  1.0% | ent 0.841
  upd  356 | return    0.200 | deliv   0.20 | blocked 37.9% | idle  1.1% | ent 0.841
  upd  357 | return    0.100 | deliv   0.10 | blocked 39.4% | idle  1.3% | ent 0.831
  upd  358 | return    0.000 | deliv   0.00 | blocked 37.7% | idle  1.2% | ent 0.822
  upd  359 | return    0.400 | deliv   0.40 | blocked 39.2% | idle  1.0% | ent 0.811
  upd  360 | return    0.400 | deliv   0.40 | blocked 39.1% | idle  1.2% | ent 0.797
  upd  361 | return    0.400 | deliv   0.40 | blocked 39.5% | idle  1.1% | ent 0.815
  upd  362 | return    0.200 | deliv   0.20 | blocked 41.7% | idle  1.4% | ent 0.811
  upd  363 | return    0.100 | deliv   0.10 | blocked 45.5% | idle  1.1% | ent 0.777
  upd  364 | return    0.500 | deliv   0.50 | blocked 46.5% | idle  1.2% | ent 0.773
  upd  365 | return    0.100 | deliv   0.10 | blocked 43.6% | idle  0.9% | ent 0.771
  upd  366 | return    0.700 | deliv   0.70 | blocked 43.2% | idle  1.1% | ent 0.774
  upd  367 | return    0.200 | deliv   0.20 | blocked 47.3% | idle  1.1% | ent 0.772
  upd  368 | return    0.400 | deliv   0.40 | blocked 48.7% | idle  1.0% | ent 0.749
  upd  369 | return    0.200 | deliv   0.20 | blocked 46.9% | idle  0.9% | ent 0.762
  upd  370 | return    0.400 | deliv   0.40 | blocked 45.1% | idle  1.1% | ent 0.771
  upd  371 | return    0.100 | deliv   0.10 | blocked 45.2% | idle  1.0% | ent 0.767
  upd  372 | return    0.200 | deliv   0.20 | blocked 46.6% | idle  1.0% | ent 0.759
  upd  373 | return    0.100 | deliv   0.10 | blocked 45.2% | idle  1.0% | ent 0.760
  upd  374 | return    0.500 | deliv   0.50 | blocked 43.5% | idle  0.9% | ent 0.778
  upd  375 | return    0.400 | deliv   0.40 | blocked 43.6% | idle  1.0% | ent 0.780
  upd  376 | return    0.300 | deliv   0.30 | blocked 44.2% | idle  0.8% | ent 0.774
  upd  377 | return    0.200 | deliv   0.20 | blocked 44.6% | idle  0.8% | ent 0.767
  upd  378 | return    0.300 | deliv   0.30 | blocked 43.4% | idle  0.8% | ent 0.777
  upd  379 | return    0.500 | deliv   0.50 | blocked 43.4% | idle  0.9% | ent 0.766
  upd  380 | return    0.200 | deliv   0.20 | blocked 42.0% | idle  0.9% | ent 0.781
  upd  381 | return    0.100 | deliv   0.10 | blocked 41.9% | idle  0.9% | ent 0.784
  upd  382 | return    0.300 | deliv   0.30 | blocked 41.0% | idle  0.8% | ent 0.782
  upd  383 | return    0.300 | deliv   0.30 | blocked 39.6% | idle  1.0% | ent 0.790
  upd  384 | return    0.500 | deliv   0.50 | blocked 40.4% | idle  0.8% | ent 0.779
  upd  385 | return    0.500 | deliv   0.50 | blocked 37.8% | idle  0.9% | ent 0.796
  upd  386 | return    0.400 | deliv   0.40 | blocked 40.6% | idle  0.7% | ent 0.780
  upd  387 | return    0.400 | deliv   0.40 | blocked 37.2% | idle  0.9% | ent 0.783
  upd  388 | return    0.500 | deliv   0.50 | blocked 37.8% | idle  0.7% | ent 0.769
  upd  389 | return    0.300 | deliv   0.30 | blocked 36.2% | idle  0.7% | ent 0.772
  upd  390 | return    0.600 | deliv   0.60 | blocked 36.7% | idle  0.8% | ent 0.768
  upd  391 | return    0.400 | deliv   0.40 | blocked 34.8% | idle  0.9% | ent 0.768
  upd  392 | return    0.400 | deliv   0.40 | blocked 36.9% | idle  0.8% | ent 0.764
  upd  393 | return    0.100 | deliv   0.10 | blocked 36.4% | idle  0.9% | ent 0.786
  upd  394 | return    0.200 | deliv   0.20 | blocked 33.5% | idle  0.9% | ent 0.805
  upd  395 | return    0.400 | deliv   0.40 | blocked 35.5% | idle  0.9% | ent 0.815
  upd  396 | return    0.300 | deliv   0.30 | blocked 37.0% | idle  0.7% | ent 0.788
  upd  397 | return    0.200 | deliv   0.20 | blocked 34.6% | idle  1.0% | ent 0.840
  upd  398 | return    0.200 | deliv   0.20 | blocked 32.7% | idle  0.9% | ent 0.854
  upd  399 | return    0.600 | deliv   0.60 | blocked 33.5% | idle  0.9% | ent 0.859
  upd  400 | return    0.200 | deliv   0.20 | blocked 33.1% | idle  1.0% | ent 0.864
  upd  401 | return    0.400 | deliv   0.40 | blocked 34.6% | idle  0.9% | ent 0.861
  upd  402 | return    0.200 | deliv   0.20 | blocked 33.8% | idle  0.9% | ent 0.874
  upd  403 | return    0.500 | deliv   0.50 | blocked 35.7% | idle  0.9% | ent 0.864
  upd  404 | return    0.100 | deliv   0.10 | blocked 34.2% | idle  1.0% | ent 0.866
  upd  405 | return    0.700 | deliv   0.70 | blocked 34.2% | idle  1.0% | ent 0.858
  upd  406 | return    0.200 | deliv   0.20 | blocked 35.9% | idle  0.9% | ent 0.852
  upd  407 | return    0.000 | deliv   0.00 | blocked 34.5% | idle  0.9% | ent 0.847
  upd  408 | return    0.300 | deliv   0.30 | blocked 30.9% | idle  1.1% | ent 0.842
  upd  409 | return    0.400 | deliv   0.40 | blocked 35.2% | idle  0.9% | ent 0.838
  upd  410 | return    0.000 | deliv   0.00 | blocked 34.1% | idle  0.8% | ent 0.845
  upd  411 | return    0.400 | deliv   0.40 | blocked 34.7% | idle  0.8% | ent 0.832
  upd  412 | return    0.200 | deliv   0.20 | blocked 34.8% | idle  0.8% | ent 0.841
  upd  413 | return    0.200 | deliv   0.20 | blocked 34.9% | idle  0.9% | ent 0.825
  upd  414 | return    0.100 | deliv   0.10 | blocked 33.2% | idle  0.9% | ent 0.847
  upd  415 | return    0.200 | deliv   0.20 | blocked 34.9% | idle  0.9% | ent 0.839
  upd  416 | return    0.100 | deliv   0.10 | blocked 34.8% | idle  0.7% | ent 0.835
  upd  417 | return    0.800 | deliv   0.80 | blocked 35.1% | idle  0.8% | ent 0.809
  upd  418 | return    0.700 | deliv   0.70 | blocked 33.2% | idle  0.8% | ent 0.816
  upd  419 | return    0.400 | deliv   0.40 | blocked 35.5% | idle  0.8% | ent 0.819
  upd  420 | return    0.100 | deliv   0.10 | blocked 34.0% | idle  0.8% | ent 0.806
  upd  421 | return    0.400 | deliv   0.40 | blocked 33.6% | idle  0.9% | ent 0.821
  upd  422 | return    0.400 | deliv   0.40 | blocked 35.7% | idle  0.9% | ent 0.796
  upd  423 | return    0.800 | deliv   0.80 | blocked 36.8% | idle  0.8% | ent 0.807
  upd  424 | return    0.300 | deliv   0.30 | blocked 33.2% | idle  0.8% | ent 0.804
  upd  425 | return    0.100 | deliv   0.10 | blocked 33.0% | idle  1.0% | ent 0.819
  upd  426 | return    0.400 | deliv   0.40 | blocked 32.5% | idle  0.9% | ent 0.819
  upd  427 | return    0.300 | deliv   0.30 | blocked 31.3% | idle  0.8% | ent 0.813
  upd  428 | return    0.200 | deliv   0.20 | blocked 32.7% | idle  0.7% | ent 0.819
  upd  429 | return    0.400 | deliv   0.40 | blocked 33.3% | idle  0.7% | ent 0.814
  upd  430 | return    0.200 | deliv   0.20 | blocked 32.5% | idle  0.8% | ent 0.815
  upd  431 | return    0.500 | deliv   0.50 | blocked 33.0% | idle  0.8% | ent 0.809
  upd  432 | return    0.300 | deliv   0.30 | blocked 33.6% | idle  0.8% | ent 0.822
  upd  433 | return    0.300 | deliv   0.30 | blocked 33.7% | idle  0.7% | ent 0.808
  upd  434 | return    0.300 | deliv   0.30 | blocked 31.6% | idle  0.7% | ent 0.819
  upd  435 | return    0.500 | deliv   0.50 | blocked 33.0% | idle  0.8% | ent 0.824
  upd  436 | return    0.100 | deliv   0.10 | blocked 31.8% | idle  0.8% | ent 0.826
  upd  437 | return    0.400 | deliv   0.40 | blocked 32.0% | idle  0.7% | ent 0.830
  upd  438 | return    0.500 | deliv   0.50 | blocked 31.7% | idle  0.8% | ent 0.844
  upd  439 | return    0.500 | deliv   0.50 | blocked 32.7% | idle  0.7% | ent 0.829
  upd  440 | return    0.300 | deliv   0.30 | blocked 30.0% | idle  0.8% | ent 0.842
  upd  441 | return    0.500 | deliv   0.50 | blocked 30.0% | idle  0.8% | ent 0.838
  upd  442 | return    0.400 | deliv   0.40 | blocked 32.3% | idle  0.8% | ent 0.837
  upd  443 | return    0.400 | deliv   0.40 | blocked 33.2% | idle  0.6% | ent 0.818
  upd  444 | return    0.500 | deliv   0.50 | blocked 32.8% | idle  0.6% | ent 0.813
  upd  445 | return    0.200 | deliv   0.20 | blocked 34.1% | idle  0.7% | ent 0.817
  upd  446 | return    0.700 | deliv   0.70 | blocked 33.7% | idle  0.7% | ent 0.824
  upd  447 | return    0.100 | deliv   0.10 | blocked 32.5% | idle  0.6% | ent 0.818
  upd  448 | return    0.400 | deliv   0.40 | blocked 32.6% | idle  0.6% | ent 0.815
  upd  449 | return    0.200 | deliv   0.20 | blocked 35.0% | idle  0.6% | ent 0.786
  upd  450 | return    0.200 | deliv   0.20 | blocked 33.7% | idle  0.8% | ent 0.824
  upd  451 | return    0.500 | deliv   0.50 | blocked 34.9% | idle  0.7% | ent 0.802
  upd  452 | return    0.600 | deliv   0.60 | blocked 35.8% | idle  0.7% | ent 0.771
  upd  453 | return    0.600 | deliv   0.60 | blocked 37.0% | idle  0.6% | ent 0.780
  upd  454 | return    0.500 | deliv   0.50 | blocked 35.8% | idle  0.6% | ent 0.767
  upd  455 | return    0.400 | deliv   0.40 | blocked 38.9% | idle  0.6% | ent 0.764
  upd  456 | return    0.300 | deliv   0.30 | blocked 38.1% | idle  0.6% | ent 0.762
  upd  457 | return    0.300 | deliv   0.30 | blocked 36.5% | idle  0.5% | ent 0.760
  upd  458 | return    0.500 | deliv   0.50 | blocked 38.8% | idle  0.6% | ent 0.756
  upd  459 | return    0.200 | deliv   0.20 | blocked 38.2% | idle  0.5% | ent 0.746
  upd  460 | return    0.700 | deliv   0.70 | blocked 42.1% | idle  0.6% | ent 0.733
  upd  461 | return    0.400 | deliv   0.40 | blocked 40.7% | idle  0.5% | ent 0.720
  upd  462 | return    0.100 | deliv   0.10 | blocked 42.7% | idle  0.6% | ent 0.713
  upd  463 | return    0.500 | deliv   0.50 | blocked 40.7% | idle  0.5% | ent 0.722
  upd  464 | return    0.400 | deliv   0.40 | blocked 43.1% | idle  0.6% | ent 0.694
  upd  465 | return    0.700 | deliv   0.70 | blocked 45.7% | idle  0.5% | ent 0.689
  upd  466 | return    0.300 | deliv   0.30 | blocked 43.1% | idle  0.6% | ent 0.702
  upd  467 | return    0.300 | deliv   0.30 | blocked 40.4% | idle  0.6% | ent 0.724
  upd  468 | return    0.600 | deliv   0.60 | blocked 40.9% | idle  0.5% | ent 0.724
  upd  469 | return    0.500 | deliv   0.50 | blocked 40.7% | idle  0.6% | ent 0.736
  upd  470 | return    0.600 | deliv   0.60 | blocked 39.7% | idle  0.6% | ent 0.730
  upd  471 | return    0.400 | deliv   0.40 | blocked 40.5% | idle  0.5% | ent 0.742
  upd  472 | return    0.500 | deliv   0.50 | blocked 39.4% | idle  0.6% | ent 0.736
  upd  473 | return    0.400 | deliv   0.40 | blocked 39.5% | idle  0.5% | ent 0.739
  upd  474 | return    0.300 | deliv   0.30 | blocked 37.7% | idle  0.5% | ent 0.761
  upd  475 | return    0.700 | deliv   0.70 | blocked 37.3% | idle  0.7% | ent 0.766
  upd  476 | return    0.400 | deliv   0.40 | blocked 36.3% | idle  0.5% | ent 0.777
  upd  477 | return    0.500 | deliv   0.50 | blocked 34.3% | idle  0.6% | ent 0.798
  upd  478 | return    0.900 | deliv   0.90 | blocked 33.3% | idle  0.6% | ent 0.790
  upd  479 | return    0.400 | deliv   0.40 | blocked 33.5% | idle  0.6% | ent 0.795
  upd  480 | return    0.500 | deliv   0.50 | blocked 31.3% | idle  0.5% | ent 0.816
  upd  481 | return    0.500 | deliv   0.50 | blocked 30.5% | idle  0.7% | ent 0.822
  upd  482 | return    0.500 | deliv   0.50 | blocked 30.0% | idle  0.7% | ent 0.825
  upd  483 | return    0.400 | deliv   0.40 | blocked 31.5% | idle  0.7% | ent 0.813
  upd  484 | return    0.900 | deliv   0.90 | blocked 30.7% | idle  0.7% | ent 0.822
  upd  485 | return    0.400 | deliv   0.40 | blocked 32.3% | idle  0.6% | ent 0.795
  upd  486 | return    0.200 | deliv   0.20 | blocked 26.4% | idle  0.7% | ent 0.804
  upd  487 | return    0.300 | deliv   0.30 | blocked 28.7% | idle  0.6% | ent 0.811
  upd  488 | return    0.800 | deliv   0.80 | blocked 29.8% | idle  0.6% | ent 0.788
  upd  489 | return    0.400 | deliv   0.40 | blocked 29.1% | idle  0.5% | ent 0.763
  upd  490 | return    0.700 | deliv   0.70 | blocked 27.0% | idle  0.7% | ent 0.816
  upd  491 | return    0.900 | deliv   0.90 | blocked 25.6% | idle  0.7% | ent 0.820
  upd  492 | return    0.700 | deliv   0.70 | blocked 27.7% | idle  0.5% | ent 0.810
  upd  493 | return    0.700 | deliv   0.70 | blocked 28.8% | idle  0.5% | ent 0.834
  upd  494 | return    0.500 | deliv   0.50 | blocked 29.5% | idle  0.6% | ent 0.838
  upd  495 | return    0.800 | deliv   0.80 | blocked 28.5% | idle  0.6% | ent 0.841
  upd  496 | return    0.500 | deliv   0.50 | blocked 30.2% | idle  0.7% | ent 0.851
  upd  497 | return    0.200 | deliv   0.20 | blocked 29.2% | idle  0.7% | ent 0.874
  upd  498 | return    0.400 | deliv   0.40 | blocked 28.0% | idle  0.7% | ent 0.877
  upd  499 | return    0.200 | deliv   0.20 | blocked 32.4% | idle  0.7% | ent 0.863
  upd  500 | return    0.500 | deliv   0.50 | blocked 29.0% | idle  0.7% | ent 0.876
  upd  501 | return    0.500 | deliv   0.50 | blocked 33.9% | idle  0.7% | ent 0.850
  upd  502 | return    0.400 | deliv   0.40 | blocked 34.5% | idle  0.6% | ent 0.850
  upd  503 | return    0.200 | deliv   0.20 | blocked 33.9% | idle  0.7% | ent 0.835
  upd  504 | return    0.200 | deliv   0.20 | blocked 36.9% | idle  0.6% | ent 0.821
  upd  505 | return    0.200 | deliv   0.20 | blocked 36.7% | idle  0.6% | ent 0.810
  upd  506 | return    0.700 | deliv   0.70 | blocked 36.4% | idle  0.6% | ent 0.794
  upd  507 | return    0.200 | deliv   0.20 | blocked 36.2% | idle  0.7% | ent 0.813
  upd  508 | return    0.100 | deliv   0.10 | blocked 35.3% | idle  0.7% | ent 0.813
  upd  509 | return    0.700 | deliv   0.70 | blocked 35.6% | idle  0.7% | ent 0.824
  upd  510 | return    0.500 | deliv   0.50 | blocked 33.3% | idle  0.7% | ent 0.836
  upd  511 | return    0.500 | deliv   0.50 | blocked 35.5% | idle  0.7% | ent 0.826
  upd  512 | return    0.400 | deliv   0.40 | blocked 34.1% | idle  0.5% | ent 0.834
  upd  513 | return    0.800 | deliv   0.80 | blocked 37.3% | idle  0.7% | ent 0.829
  upd  514 | return    0.500 | deliv   0.50 | blocked 37.5% | idle  0.6% | ent 0.807
  upd  515 | return    0.600 | deliv   0.60 | blocked 38.8% | idle  0.6% | ent 0.792
  upd  516 | return    0.400 | deliv   0.40 | blocked 42.0% | idle  0.5% | ent 0.766
  upd  517 | return    0.600 | deliv   0.60 | blocked 42.0% | idle  0.6% | ent 0.753
  upd  518 | return    0.300 | deliv   0.30 | blocked 42.3% | idle  0.6% | ent 0.744
  upd  519 | return    0.600 | deliv   0.60 | blocked 39.8% | idle  0.5% | ent 0.741
  upd  520 | return    0.700 | deliv   0.70 | blocked 42.2% | idle  0.5% | ent 0.729
  upd  521 | return    0.700 | deliv   0.70 | blocked 43.7% | idle  0.5% | ent 0.713
  upd  522 | return    0.300 | deliv   0.30 | blocked 41.6% | idle  0.6% | ent 0.719
  upd  523 | return    0.700 | deliv   0.70 | blocked 42.4% | idle  0.6% | ent 0.718
  upd  524 | return    0.500 | deliv   0.50 | blocked 42.9% | idle  0.5% | ent 0.724
  upd  525 | return    0.500 | deliv   0.50 | blocked 40.8% | idle  0.6% | ent 0.729
  upd  526 | return    0.300 | deliv   0.30 | blocked 41.0% | idle  0.6% | ent 0.741
  upd  527 | return    0.300 | deliv   0.30 | blocked 37.9% | idle  0.6% | ent 0.755
  upd  528 | return    0.400 | deliv   0.40 | blocked 37.9% | idle  0.6% | ent 0.754
  upd  529 | return    0.500 | deliv   0.50 | blocked 36.1% | idle  0.5% | ent 0.775
  upd  530 | return    0.500 | deliv   0.50 | blocked 35.7% | idle  0.5% | ent 0.775
  upd  531 | return    0.600 | deliv   0.60 | blocked 35.6% | idle  0.7% | ent 0.781
  upd  532 | return    0.500 | deliv   0.50 | blocked 35.8% | idle  0.7% | ent 0.784
  upd  533 | return    0.400 | deliv   0.40 | blocked 34.0% | idle  0.6% | ent 0.784
  upd  534 | return    0.600 | deliv   0.60 | blocked 35.5% | idle  0.7% | ent 0.794
  upd  535 | return    0.800 | deliv   0.80 | blocked 34.4% | idle  0.7% | ent 0.789
  upd  536 | return    0.200 | deliv   0.20 | blocked 35.9% | idle  0.7% | ent 0.796
  upd  537 | return    0.400 | deliv   0.40 | blocked 32.7% | idle  0.8% | ent 0.808
  upd  538 | return    0.500 | deliv   0.50 | blocked 34.8% | idle  0.6% | ent 0.782
  upd  539 | return    0.300 | deliv   0.30 | blocked 33.9% | idle  0.7% | ent 0.775
  upd  540 | return    0.500 | deliv   0.50 | blocked 32.9% | idle  0.6% | ent 0.794
  upd  541 | return    0.500 | deliv   0.50 | blocked 32.5% | idle  0.7% | ent 0.800
  upd  542 | return    0.800 | deliv   0.80 | blocked 36.7% | idle  0.7% | ent 0.794
  upd  543 | return    0.900 | deliv   0.90 | blocked 32.9% | idle  0.6% | ent 0.792
  upd  544 | return    0.400 | deliv   0.40 | blocked 32.8% | idle  0.7% | ent 0.818
  upd  545 | return    0.700 | deliv   0.70 | blocked 34.0% | idle  0.6% | ent 0.787
  upd  546 | return    0.300 | deliv   0.30 | blocked 33.1% | idle  0.6% | ent 0.816
  upd  547 | return    0.500 | deliv   0.50 | blocked 34.8% | idle  0.6% | ent 0.803
  upd  548 | return    0.700 | deliv   0.70 | blocked 34.3% | idle  0.6% | ent 0.809
  upd  549 | return    1.000 | deliv   1.00 | blocked 33.5% | idle  0.6% | ent 0.805
  upd  550 | return    0.300 | deliv   0.30 | blocked 34.7% | idle  0.5% | ent 0.819
  upd  551 | return    0.400 | deliv   0.40 | blocked 32.8% | idle  0.6% | ent 0.810
  upd  552 | return    0.300 | deliv   0.30 | blocked 31.4% | idle  0.7% | ent 0.823
  upd  553 | return    0.800 | deliv   0.80 | blocked 34.0% | idle  0.6% | ent 0.819
  upd  554 | return    1.100 | deliv   1.10 | blocked 33.9% | idle  0.5% | ent 0.815
  upd  555 | return    0.600 | deliv   0.60 | blocked 32.9% | idle  0.5% | ent 0.817
  upd  556 | return    0.800 | deliv   0.80 | blocked 32.0% | idle  0.7% | ent 0.821
  upd  557 | return    0.600 | deliv   0.60 | blocked 32.5% | idle  0.7% | ent 0.822
  upd  558 | return    1.100 | deliv   1.10 | blocked 34.8% | idle  0.5% | ent 0.814
  upd  559 | return    0.700 | deliv   0.70 | blocked 33.8% | idle  0.6% | ent 0.812
  upd  560 | return    1.100 | deliv   1.10 | blocked 33.6% | idle  0.6% | ent 0.801
  upd  561 | return    0.300 | deliv   0.30 | blocked 35.9% | idle  0.5% | ent 0.796
  upd  562 | return    0.100 | deliv   0.10 | blocked 32.4% | idle  0.5% | ent 0.812
  upd  563 | return    0.800 | deliv   0.80 | blocked 37.6% | idle  0.6% | ent 0.783
  upd  564 | return    0.700 | deliv   0.70 | blocked 34.1% | idle  0.5% | ent 0.780
  upd  565 | return    1.000 | deliv   1.00 | blocked 35.8% | idle  0.5% | ent 0.773
  upd  566 | return    1.000 | deliv   1.00 | blocked 35.0% | idle  0.5% | ent 0.775
  upd  567 | return    0.300 | deliv   0.30 | blocked 36.9% | idle  0.5% | ent 0.774
  upd  568 | return    0.800 | deliv   0.80 | blocked 36.1% | idle  0.4% | ent 0.771
  upd  569 | return    0.700 | deliv   0.70 | blocked 32.9% | idle  0.6% | ent 0.791
  upd  570 | return    0.700 | deliv   0.70 | blocked 35.4% | idle  0.5% | ent 0.773
  upd  571 | return    0.900 | deliv   0.90 | blocked 31.5% | idle  0.4% | ent 0.791
  upd  572 | return    0.600 | deliv   0.60 | blocked 31.8% | idle  0.5% | ent 0.796
  upd  573 | return    0.900 | deliv   0.90 | blocked 33.8% | idle  0.5% | ent 0.782
  upd  574 | return    0.700 | deliv   0.70 | blocked 32.5% | idle  0.5% | ent 0.786
  upd  575 | return    0.900 | deliv   0.90 | blocked 30.4% | idle  0.4% | ent 0.789
  upd  576 | return    0.600 | deliv   0.60 | blocked 31.1% | idle  0.4% | ent 0.782
  upd  577 | return    0.500 | deliv   0.50 | blocked 30.5% | idle  0.5% | ent 0.801
  upd  578 | return    0.400 | deliv   0.40 | blocked 29.4% | idle  0.5% | ent 0.793
  upd  579 | return    0.400 | deliv   0.40 | blocked 28.5% | idle  0.4% | ent 0.803
  upd  580 | return    0.400 | deliv   0.40 | blocked 28.9% | idle  0.5% | ent 0.806
  upd  581 | return    0.800 | deliv   0.80 | blocked 27.3% | idle  0.6% | ent 0.807
  upd  582 | return    0.400 | deliv   0.40 | blocked 27.5% | idle  0.5% | ent 0.820
  upd  583 | return    0.200 | deliv   0.20 | blocked 27.7% | idle  0.6% | ent 0.809
  upd  584 | return    0.700 | deliv   0.70 | blocked 27.1% | idle  0.5% | ent 0.817
  upd  585 | return    0.200 | deliv   0.20 | blocked 26.2% | idle  0.5% | ent 0.818
  upd  586 | return    0.500 | deliv   0.50 | blocked 25.3% | idle  0.5% | ent 0.829
  upd  587 | return    0.400 | deliv   0.40 | blocked 26.5% | idle  0.6% | ent 0.823
  upd  588 | return    1.000 | deliv   1.00 | blocked 28.0% | idle  0.5% | ent 0.806
  upd  589 | return    0.200 | deliv   0.20 | blocked 25.9% | idle  0.6% | ent 0.799
  upd  590 | return    0.800 | deliv   0.80 | blocked 27.0% | idle  0.5% | ent 0.789
  upd  591 | return    1.000 | deliv   1.00 | blocked 27.4% | idle  0.5% | ent 0.780
  upd  592 | return    0.500 | deliv   0.50 | blocked 27.9% | idle  0.4% | ent 0.776
  upd  593 | return    1.000 | deliv   1.00 | blocked 26.2% | idle  0.5% | ent 0.779
  upd  594 | return    0.200 | deliv   0.20 | blocked 26.7% | idle  0.5% | ent 0.777
  upd  595 | return    0.900 | deliv   0.90 | blocked 28.3% | idle  0.4% | ent 0.750
  upd  596 | return    0.800 | deliv   0.80 | blocked 29.1% | idle  0.6% | ent 0.745
  upd  597 | return    1.000 | deliv   1.00 | blocked 29.7% | idle  0.5% | ent 0.741
  upd  598 | return    0.700 | deliv   0.70 | blocked 30.0% | idle  0.5% | ent 0.733
  upd  599 | return    0.400 | deliv   0.40 | blocked 34.1% | idle  0.5% | ent 0.728
  upd  600 | return    0.500 | deliv   0.50 | blocked 31.6% | idle  0.5% | ent 0.722
  upd  601 | return    1.100 | deliv   1.10 | blocked 32.0% | idle  0.6% | ent 0.730
  upd  602 | return    0.400 | deliv   0.40 | blocked 34.2% | idle  0.5% | ent 0.712
  upd  603 | return    0.800 | deliv   0.80 | blocked 31.4% | idle  0.5% | ent 0.724
  upd  604 | return    0.600 | deliv   0.60 | blocked 31.3% | idle  0.6% | ent 0.728
  upd  605 | return    1.100 | deliv   1.10 | blocked 31.2% | idle  0.6% | ent 0.726
  upd  606 | return    0.600 | deliv   0.60 | blocked 33.3% | idle  0.6% | ent 0.730
  upd  607 | return    1.000 | deliv   1.00 | blocked 32.3% | idle  0.5% | ent 0.740
  upd  608 | return    1.100 | deliv   1.10 | blocked 32.3% | idle  0.5% | ent 0.748
  upd  609 | return    0.500 | deliv   0.50 | blocked 30.9% | idle  0.5% | ent 0.765
  upd  610 | return    0.300 | deliv   0.30 | blocked 28.8% | idle  0.5% | ent 0.765
  upd  611 | return    0.900 | deliv   0.90 | blocked 29.9% | idle  0.6% | ent 0.780
  upd  612 | return    0.300 | deliv   0.30 | blocked 28.9% | idle  0.5% | ent 0.794
  upd  613 | return    0.600 | deliv   0.60 | blocked 27.8% | idle  0.5% | ent 0.794
  upd  614 | return    0.300 | deliv   0.30 | blocked 27.3% | idle  0.4% | ent 0.793
  upd  615 | return    1.100 | deliv   1.10 | blocked 25.4% | idle  0.5% | ent 0.801
  upd  616 | return    0.700 | deliv   0.70 | blocked 23.7% | idle  0.6% | ent 0.821
  upd  617 | return    0.500 | deliv   0.50 | blocked 23.6% | idle  0.5% | ent 0.820
  upd  618 | return    0.800 | deliv   0.80 | blocked 23.0% | idle  0.6% | ent 0.821
  upd  619 | return    0.900 | deliv   0.90 | blocked 24.0% | idle  0.5% | ent 0.811
  upd  620 | return    0.400 | deliv   0.40 | blocked 23.5% | idle  0.6% | ent 0.815
  upd  621 | return    0.800 | deliv   0.80 | blocked 23.3% | idle  0.5% | ent 0.821
  upd  622 | return    0.400 | deliv   0.40 | blocked 24.1% | idle  0.6% | ent 0.823
  upd  623 | return    0.500 | deliv   0.50 | blocked 23.5% | idle  0.6% | ent 0.808
  upd  624 | return    0.200 | deliv   0.20 | blocked 27.5% | idle  0.5% | ent 0.804
  upd  625 | return    0.700 | deliv   0.70 | blocked 25.3% | idle  0.6% | ent 0.804
  upd  626 | return    0.600 | deliv   0.60 | blocked 27.2% | idle  0.5% | ent 0.798
  upd  627 | return    0.300 | deliv   0.30 | blocked 25.8% | idle  0.5% | ent 0.776
  upd  628 | return    0.600 | deliv   0.60 | blocked 30.1% | idle  0.4% | ent 0.765
  upd  629 | return    1.000 | deliv   1.00 | blocked 29.9% | idle  0.5% | ent 0.762
  upd  630 | return    0.500 | deliv   0.50 | blocked 29.8% | idle  0.4% | ent 0.754
  upd  631 | return    0.400 | deliv   0.40 | blocked 29.5% | idle  0.5% | ent 0.755
  upd  632 | return    0.800 | deliv   0.80 | blocked 29.6% | idle  0.4% | ent 0.765
  upd  633 | return    0.900 | deliv   0.90 | blocked 28.4% | idle  0.4% | ent 0.758
  upd  634 | return    1.200 | deliv   1.20 | blocked 28.6% | idle  0.4% | ent 0.759
  upd  635 | return    0.500 | deliv   0.50 | blocked 29.2% | idle  0.4% | ent 0.754
  upd  636 | return    0.600 | deliv   0.60 | blocked 28.6% | idle  0.3% | ent 0.745
  upd  637 | return    0.600 | deliv   0.60 | blocked 30.9% | idle  0.3% | ent 0.735
  upd  638 | return    0.800 | deliv   0.80 | blocked 31.4% | idle  0.4% | ent 0.740
  upd  639 | return    0.500 | deliv   0.50 | blocked 30.5% | idle  0.3% | ent 0.731
  upd  640 | return    0.400 | deliv   0.40 | blocked 31.8% | idle  0.3% | ent 0.723
  upd  641 | return    0.600 | deliv   0.60 | blocked 35.4% | idle  0.3% | ent 0.719
  upd  642 | return    0.500 | deliv   0.50 | blocked 33.8% | idle  0.3% | ent 0.711
  upd  643 | return    0.800 | deliv   0.80 | blocked 30.1% | idle  0.4% | ent 0.723
  upd  644 | return    0.900 | deliv   0.90 | blocked 32.3% | idle  0.3% | ent 0.722
  upd  645 | return    0.400 | deliv   0.40 | blocked 29.5% | idle  0.4% | ent 0.722
  upd  646 | return    0.500 | deliv   0.50 | blocked 31.7% | idle  0.3% | ent 0.738
  upd  647 | return    0.700 | deliv   0.70 | blocked 28.6% | idle  0.4% | ent 0.740
  upd  648 | return    0.600 | deliv   0.60 | blocked 26.7% | idle  0.4% | ent 0.756
  upd  649 | return    0.600 | deliv   0.60 | blocked 25.7% | idle  0.5% | ent 0.757
  upd  650 | return    0.600 | deliv   0.60 | blocked 26.8% | idle  0.4% | ent 0.747
  upd  651 | return    0.700 | deliv   0.70 | blocked 26.1% | idle  0.4% | ent 0.763
  upd  652 | return    0.300 | deliv   0.30 | blocked 23.7% | idle  0.3% | ent 0.771
  upd  653 | return    0.300 | deliv   0.30 | blocked 22.9% | idle  0.4% | ent 0.781
  upd  654 | return    1.000 | deliv   1.00 | blocked 22.2% | idle  0.4% | ent 0.783
  upd  655 | return    0.500 | deliv   0.50 | blocked 22.1% | idle  0.4% | ent 0.786
  upd  656 | return    1.000 | deliv   1.00 | blocked 22.8% | idle  0.3% | ent 0.783
  upd  657 | return    0.900 | deliv   0.90 | blocked 22.8% | idle  0.3% | ent 0.792
  upd  658 | return    0.600 | deliv   0.60 | blocked 23.5% | idle  0.3% | ent 0.792
  upd  659 | return    0.400 | deliv   0.40 | blocked 22.2% | idle  0.4% | ent 0.778
  upd  660 | return    1.000 | deliv   1.00 | blocked 23.8% | idle  0.3% | ent 0.764
  upd  661 | return    0.600 | deliv   0.60 | blocked 23.1% | idle  0.4% | ent 0.751
  upd  662 | return    1.000 | deliv   1.00 | blocked 23.3% | idle  0.4% | ent 0.744
  upd  663 | return    0.600 | deliv   0.60 | blocked 25.2% | idle  0.4% | ent 0.725
  upd  664 | return    0.500 | deliv   0.50 | blocked 24.8% | idle  0.3% | ent 0.731
  upd  665 | return    1.100 | deliv   1.10 | blocked 28.0% | idle  0.3% | ent 0.710
  upd  666 | return    0.600 | deliv   0.60 | blocked 28.2% | idle  0.3% | ent 0.707
  upd  667 | return    1.100 | deliv   1.10 | blocked 29.3% | idle  0.4% | ent 0.704
  upd  668 | return    0.200 | deliv   0.20 | blocked 28.2% | idle  0.3% | ent 0.691
  upd  669 | return    0.500 | deliv   0.50 | blocked 31.0% | idle  0.4% | ent 0.702
  upd  670 | return    0.400 | deliv   0.40 | blocked 28.4% | idle  0.3% | ent 0.699
  upd  671 | return    0.900 | deliv   0.90 | blocked 28.5% | idle  0.4% | ent 0.691
  upd  672 | return    0.500 | deliv   0.50 | blocked 27.4% | idle  0.5% | ent 0.710
  upd  673 | return    2.100 | deliv   2.10 | blocked 31.1% | idle  0.4% | ent 0.721
  upd  674 | return    0.800 | deliv   0.80 | blocked 28.6% | idle  0.5% | ent 0.735
  upd  675 | return    0.800 | deliv   0.80 | blocked 29.9% | idle  0.4% | ent 0.725
  upd  676 | return    0.400 | deliv   0.40 | blocked 26.0% | idle  0.4% | ent 0.751
  upd  677 | return    0.700 | deliv   0.70 | blocked 27.5% | idle  0.4% | ent 0.743
  upd  678 | return    0.800 | deliv   0.80 | blocked 27.5% | idle  0.4% | ent 0.742
  upd  679 | return    0.700 | deliv   0.70 | blocked 26.6% | idle  0.5% | ent 0.763
  upd  680 | return    0.400 | deliv   0.40 | blocked 25.2% | idle  0.6% | ent 0.761
  upd  681 | return    0.600 | deliv   0.60 | blocked 25.1% | idle  0.5% | ent 0.758
  upd  682 | return    0.500 | deliv   0.50 | blocked 25.6% | idle  0.5% | ent 0.757
  upd  683 | return    0.600 | deliv   0.60 | blocked 24.6% | idle  0.4% | ent 0.764
  upd  684 | return    0.700 | deliv   0.70 | blocked 24.9% | idle  0.5% | ent 0.765
  upd  685 | return    0.400 | deliv   0.40 | blocked 25.9% | idle  0.5% | ent 0.765
  upd  686 | return    0.600 | deliv   0.60 | blocked 24.3% | idle  0.5% | ent 0.748
  upd  687 | return    1.100 | deliv   1.10 | blocked 25.9% | idle  0.5% | ent 0.755
  upd  688 | return    1.000 | deliv   1.00 | blocked 25.3% | idle  0.4% | ent 0.757
  upd  689 | return    0.700 | deliv   0.70 | blocked 24.5% | idle  0.4% | ent 0.747
  upd  690 | return    0.900 | deliv   0.90 | blocked 23.7% | idle  0.5% | ent 0.749
  upd  691 | return    1.600 | deliv   1.60 | blocked 24.1% | idle  0.4% | ent 0.743
  upd  692 | return    0.800 | deliv   0.80 | blocked 26.2% | idle  0.4% | ent 0.740
  upd  693 | return    1.000 | deliv   1.00 | blocked 27.3% | idle  0.4% | ent 0.732
  upd  694 | return    0.200 | deliv   0.20 | blocked 27.8% | idle  0.4% | ent 0.729
  upd  695 | return    0.900 | deliv   0.90 | blocked 27.5% | idle  0.4% | ent 0.731
  upd  696 | return    0.700 | deliv   0.70 | blocked 26.8% | idle  0.4% | ent 0.738
  upd  697 | return    0.800 | deliv   0.80 | blocked 27.0% | idle  0.4% | ent 0.730
  upd  698 | return    0.900 | deliv   0.90 | blocked 26.6% | idle  0.4% | ent 0.732
  upd  699 | return    0.900 | deliv   0.90 | blocked 26.5% | idle  0.4% | ent 0.733
  upd  700 | return    0.700 | deliv   0.70 | blocked 26.6% | idle  0.3% | ent 0.742
  upd  701 | return    0.400 | deliv   0.40 | blocked 26.6% | idle  0.4% | ent 0.736
  upd  702 | return    1.000 | deliv   1.00 | blocked 24.8% | idle  0.4% | ent 0.742
  upd  703 | return    1.000 | deliv   1.00 | blocked 27.2% | idle  0.3% | ent 0.742
  upd  704 | return    1.200 | deliv   1.20 | blocked 24.5% | idle  0.4% | ent 0.755
  upd  705 | return    0.800 | deliv   0.80 | blocked 26.0% | idle  0.4% | ent 0.743
  upd  706 | return    0.200 | deliv   0.20 | blocked 26.0% | idle  0.3% | ent 0.747
  upd  707 | return    1.100 | deliv   1.10 | blocked 25.0% | idle  0.4% | ent 0.760
  upd  708 | return    0.700 | deliv   0.70 | blocked 24.2% | idle  0.4% | ent 0.752
  upd  709 | return    0.600 | deliv   0.60 | blocked 24.5% | idle  0.4% | ent 0.762
  upd  710 | return    0.700 | deliv   0.70 | blocked 24.9% | idle  0.4% | ent 0.745
  upd  711 | return    1.000 | deliv   1.00 | blocked 24.6% | idle  0.4% | ent 0.763
  upd  712 | return    0.700 | deliv   0.70 | blocked 24.2% | idle  0.3% | ent 0.755
  upd  713 | return    0.600 | deliv   0.60 | blocked 24.2% | idle  0.3% | ent 0.761
  upd  714 | return    0.700 | deliv   0.70 | blocked 22.3% | idle  0.3% | ent 0.758
  upd  715 | return    1.100 | deliv   1.10 | blocked 23.2% | idle  0.3% | ent 0.761
  upd  716 | return    0.500 | deliv   0.50 | blocked 23.4% | idle  0.3% | ent 0.749
  upd  717 | return    0.800 | deliv   0.80 | blocked 22.3% | idle  0.3% | ent 0.756
  upd  718 | return    1.200 | deliv   1.20 | blocked 21.3% | idle  0.4% | ent 0.758
  upd  719 | return    0.600 | deliv   0.60 | blocked 20.8% | idle  0.3% | ent 0.752
  upd  720 | return    1.200 | deliv   1.20 | blocked 21.5% | idle  0.3% | ent 0.748
  upd  721 | return    1.000 | deliv   1.00 | blocked 25.0% | idle  0.4% | ent 0.743
  upd  722 | return    0.500 | deliv   0.50 | blocked 23.4% | idle  0.3% | ent 0.719
  upd  723 | return    0.600 | deliv   0.60 | blocked 23.2% | idle  0.4% | ent 0.732
  upd  724 | return    1.000 | deliv   1.00 | blocked 24.9% | idle  0.4% | ent 0.718
  upd  725 | return    0.700 | deliv   0.70 | blocked 26.1% | idle  0.3% | ent 0.712
  upd  726 | return    0.600 | deliv   0.60 | blocked 25.1% | idle  0.3% | ent 0.712
  upd  727 | return    1.400 | deliv   1.40 | blocked 25.9% | idle  0.3% | ent 0.712
  upd  728 | return    0.900 | deliv   0.90 | blocked 26.4% | idle  0.3% | ent 0.715
  upd  729 | return    0.900 | deliv   0.90 | blocked 26.7% | idle  0.3% | ent 0.709
  upd  730 | return    1.200 | deliv   1.20 | blocked 24.2% | idle  0.3% | ent 0.730
  upd  731 | return    2.000 | deliv   2.00 | blocked 22.3% | idle  0.4% | ent 0.749
  upd  732 | return    0.900 | deliv   0.90 | blocked 22.8% | idle  0.4% | ent 0.756
  upd  733 | return    1.400 | deliv   1.40 | blocked 22.5% | idle  0.3% | ent 0.745
  upd  734 | return    0.500 | deliv   0.50 | blocked 19.4% | idle  0.4% | ent 0.762
  upd  735 | return    0.500 | deliv   0.50 | blocked 18.0% | idle  0.3% | ent 0.761
  upd  736 | return    1.000 | deliv   1.00 | blocked 19.5% | idle  0.5% | ent 0.757
  upd  737 | return    0.500 | deliv   0.50 | blocked 19.9% | idle  0.4% | ent 0.760
  upd  738 | return    0.300 | deliv   0.30 | blocked 21.6% | idle  0.3% | ent 0.751
  upd  739 | return    1.400 | deliv   1.40 | blocked 20.7% | idle  0.4% | ent 0.757
  upd  740 | return    0.600 | deliv   0.60 | blocked 19.0% | idle  0.4% | ent 0.765
  upd  741 | return    0.700 | deliv   0.70 | blocked 19.8% | idle  0.4% | ent 0.762
  upd  742 | return    0.800 | deliv   0.80 | blocked 17.9% | idle  0.3% | ent 0.760
  upd  743 | return    1.300 | deliv   1.30 | blocked 20.6% | idle  0.3% | ent 0.763
  upd  744 | return    1.100 | deliv   1.10 | blocked 20.6% | idle  0.4% | ent 0.767
  upd  745 | return    0.600 | deliv   0.60 | blocked 20.5% | idle  0.4% | ent 0.766
  upd  746 | return    0.600 | deliv   0.60 | blocked 19.2% | idle  0.5% | ent 0.769
  upd  747 | return    1.400 | deliv   1.40 | blocked 19.4% | idle  0.4% | ent 0.770
  upd  748 | return    0.700 | deliv   0.70 | blocked 22.1% | idle  0.4% | ent 0.769
  upd  749 | return    1.000 | deliv   1.00 | blocked 20.3% | idle  0.4% | ent 0.761
  upd  750 | return    1.200 | deliv   1.20 | blocked 21.2% | idle  0.4% | ent 0.752
  upd  751 | return    1.200 | deliv   1.20 | blocked 19.8% | idle  0.3% | ent 0.745
  upd  752 | return    1.000 | deliv   1.00 | blocked 23.5% | idle  0.4% | ent 0.729
  upd  753 | return    0.700 | deliv   0.70 | blocked 22.9% | idle  0.4% | ent 0.721
  upd  754 | return    1.600 | deliv   1.60 | blocked 25.4% | idle  0.4% | ent 0.710
  upd  755 | return    1.600 | deliv   1.60 | blocked 26.7% | idle  0.4% | ent 0.693
  upd  756 | return    0.600 | deliv   0.60 | blocked 26.1% | idle  0.3% | ent 0.685
  upd  757 | return    1.200 | deliv   1.20 | blocked 27.3% | idle  0.3% | ent 0.681
  upd  758 | return    0.900 | deliv   0.90 | blocked 26.2% | idle  0.4% | ent 0.673
  upd  759 | return    0.300 | deliv   0.30 | blocked 25.6% | idle  0.3% | ent 0.667
  upd  760 | return    1.400 | deliv   1.40 | blocked 25.7% | idle  0.3% | ent 0.672
  upd  761 | return    1.200 | deliv   1.20 | blocked 24.1% | idle  0.3% | ent 0.659
  upd  762 | return    0.700 | deliv   0.70 | blocked 25.1% | idle  0.3% | ent 0.664
  upd  763 | return    0.900 | deliv   0.90 | blocked 25.5% | idle  0.3% | ent 0.660
  upd  764 | return    1.100 | deliv   1.10 | blocked 25.2% | idle  0.2% | ent 0.652
  upd  765 | return    1.000 | deliv   1.00 | blocked 25.3% | idle  0.3% | ent 0.659
  upd  766 | return    1.400 | deliv   1.40 | blocked 22.9% | idle  0.3% | ent 0.659
  upd  767 | return    0.200 | deliv   0.20 | blocked 22.6% | idle  0.3% | ent 0.665
  upd  768 | return    1.200 | deliv   1.20 | blocked 22.8% | idle  0.2% | ent 0.666
  upd  769 | return    1.200 | deliv   1.20 | blocked 22.8% | idle  0.4% | ent 0.664
  upd  770 | return    0.700 | deliv   0.70 | blocked 22.2% | idle  0.3% | ent 0.667
  upd  771 | return    0.900 | deliv   0.90 | blocked 23.9% | idle  0.3% | ent 0.660
  upd  772 | return    1.000 | deliv   1.00 | blocked 21.8% | idle  0.3% | ent 0.674
  upd  773 | return    1.000 | deliv   1.00 | blocked 22.3% | idle  0.3% | ent 0.683
  upd  774 | return    0.900 | deliv   0.90 | blocked 22.0% | idle  0.3% | ent 0.680
  upd  775 | return    1.200 | deliv   1.20 | blocked 20.3% | idle  0.3% | ent 0.697
  upd  776 | return    1.800 | deliv   1.80 | blocked 22.1% | idle  0.3% | ent 0.690
  upd  777 | return    0.900 | deliv   0.90 | blocked 23.0% | idle  0.3% | ent 0.688
  upd  778 | return    1.600 | deliv   1.60 | blocked 21.1% | idle  0.3% | ent 0.694
  upd  779 | return    1.500 | deliv   1.50 | blocked 22.1% | idle  0.3% | ent 0.687
  upd  780 | return    1.100 | deliv   1.10 | blocked 22.5% | idle  0.3% | ent 0.691
  upd  781 | return    1.200 | deliv   1.20 | blocked 21.5% | idle  0.3% | ent 0.685
  upd  782 | return    1.000 | deliv   1.00 | blocked 21.7% | idle  0.3% | ent 0.684
  upd  783 | return    1.100 | deliv   1.10 | blocked 21.6% | idle  0.3% | ent 0.677
  upd  784 | return    1.600 | deliv   1.60 | blocked 22.1% | idle  0.3% | ent 0.668
  upd  785 | return    1.000 | deliv   1.00 | blocked 21.1% | idle  0.3% | ent 0.674
  upd  786 | return    1.500 | deliv   1.50 | blocked 24.1% | idle  0.3% | ent 0.674
  upd  787 | return    1.400 | deliv   1.40 | blocked 21.2% | idle  0.3% | ent 0.681
  upd  788 | return    1.200 | deliv   1.20 | blocked 22.1% | idle  0.3% | ent 0.688
  upd  789 | return    1.200 | deliv   1.20 | blocked 22.0% | idle  0.3% | ent 0.683
  upd  790 | return    1.200 | deliv   1.20 | blocked 21.3% | idle  0.3% | ent 0.691
  upd  791 | return    1.500 | deliv   1.50 | blocked 21.0% | idle  0.3% | ent 0.683
  upd  792 | return    1.100 | deliv   1.10 | blocked 20.3% | idle  0.3% | ent 0.688
  upd  793 | return    1.200 | deliv   1.20 | blocked 18.7% | idle  0.3% | ent 0.700
  upd  794 | return    1.000 | deliv   1.00 | blocked 17.7% | idle  0.4% | ent 0.707
  upd  795 | return    1.600 | deliv   1.60 | blocked 19.7% | idle  0.4% | ent 0.701
  upd  796 | return    2.200 | deliv   2.20 | blocked 20.3% | idle  0.3% | ent 0.706
  upd  797 | return    1.300 | deliv   1.30 | blocked 20.5% | idle  0.3% | ent 0.693
  upd  798 | return    1.900 | deliv   1.90 | blocked 21.1% | idle  0.4% | ent 0.678
  upd  799 | return    1.700 | deliv   1.70 | blocked 21.0% | idle  0.3% | ent 0.670
  upd  800 | return    1.300 | deliv   1.30 | blocked 24.4% | idle  0.3% | ent 0.648
  upd  801 | return    1.600 | deliv   1.60 | blocked 22.4% | idle  0.3% | ent 0.646
  upd  802 | return    1.100 | deliv   1.10 | blocked 23.6% | idle  0.3% | ent 0.637
  upd  803 | return    2.000 | deliv   2.00 | blocked 28.2% | idle  0.2% | ent 0.620
  upd  804 | return    0.800 | deliv   0.80 | blocked 24.2% | idle  0.3% | ent 0.605
  upd  805 | return    1.600 | deliv   1.60 | blocked 27.6% | idle  0.2% | ent 0.612
  upd  806 | return    1.300 | deliv   1.30 | blocked 29.9% | idle  0.3% | ent 0.611
  upd  807 | return    0.800 | deliv   0.80 | blocked 30.5% | idle  0.2% | ent 0.616
  upd  808 | return    1.300 | deliv   1.30 | blocked 27.1% | idle  0.3% | ent 0.604
  upd  809 | return    1.200 | deliv   1.20 | blocked 28.9% | idle  0.3% | ent 0.628
  upd  810 | return    1.800 | deliv   1.80 | blocked 29.9% | idle  0.3% | ent 0.612
  upd  811 | return    1.600 | deliv   1.60 | blocked 30.5% | idle  0.3% | ent 0.633
  upd  812 | return    1.200 | deliv   1.20 | blocked 32.2% | idle  0.4% | ent 0.631
  upd  813 | return    1.200 | deliv   1.20 | blocked 29.2% | idle  0.3% | ent 0.641
  upd  814 | return    1.900 | deliv   1.90 | blocked 29.2% | idle  0.3% | ent 0.653
  upd  815 | return    1.500 | deliv   1.50 | blocked 28.0% | idle  0.3% | ent 0.663
  upd  816 | return    1.700 | deliv   1.70 | blocked 23.8% | idle  0.3% | ent 0.681
  upd  817 | return    1.700 | deliv   1.70 | blocked 26.1% | idle  0.3% | ent 0.688
  upd  818 | return    1.200 | deliv   1.20 | blocked 25.1% | idle  0.3% | ent 0.685
  upd  819 | return    2.200 | deliv   2.20 | blocked 24.8% | idle  0.4% | ent 0.688
  upd  820 | return    1.400 | deliv   1.40 | blocked 25.1% | idle  0.3% | ent 0.660
  upd  821 | return    1.800 | deliv   1.80 | blocked 24.8% | idle  0.3% | ent 0.681
  upd  822 | return    1.000 | deliv   1.00 | blocked 27.2% | idle  0.3% | ent 0.677
  upd  823 | return    1.400 | deliv   1.40 | blocked 25.5% | idle  0.3% | ent 0.684
  upd  824 | return    1.200 | deliv   1.20 | blocked 23.7% | idle  0.3% | ent 0.686
  upd  825 | return    1.600 | deliv   1.60 | blocked 26.3% | idle  0.4% | ent 0.690
  upd  826 | return    1.100 | deliv   1.10 | blocked 21.9% | idle  0.3% | ent 0.711
  upd  827 | return    0.900 | deliv   0.90 | blocked 22.4% | idle  0.3% | ent 0.710
  upd  828 | return    1.400 | deliv   1.40 | blocked 20.1% | idle  0.3% | ent 0.720
  upd  829 | return    1.400 | deliv   1.40 | blocked 18.6% | idle  0.3% | ent 0.721
  upd  830 | return    1.400 | deliv   1.40 | blocked 19.3% | idle  0.3% | ent 0.717
  upd  831 | return    1.500 | deliv   1.50 | blocked 17.4% | idle  0.4% | ent 0.726
  upd  832 | return    1.900 | deliv   1.90 | blocked 17.7% | idle  0.3% | ent 0.723
  upd  833 | return    1.800 | deliv   1.80 | blocked 18.0% | idle  0.3% | ent 0.709
  upd  834 | return    0.900 | deliv   0.90 | blocked 18.4% | idle  0.3% | ent 0.719
  upd  835 | return    1.800 | deliv   1.80 | blocked 16.9% | idle  0.3% | ent 0.696
  upd  836 | return    2.300 | deliv   2.30 | blocked 15.3% | idle  0.3% | ent 0.681
  upd  837 | return    2.000 | deliv   2.00 | blocked 17.8% | idle  0.3% | ent 0.685
  upd  838 | return    1.700 | deliv   1.70 | blocked 19.8% | idle  0.3% | ent 0.688
  upd  839 | return    2.300 | deliv   2.30 | blocked 17.8% | idle  0.4% | ent 0.662
  upd  840 | return    1.700 | deliv   1.70 | blocked 22.1% | idle  0.3% | ent 0.669
  upd  841 | return    1.500 | deliv   1.50 | blocked 21.5% | idle  0.3% | ent 0.655
  upd  842 | return    1.400 | deliv   1.40 | blocked 28.1% | idle  0.2% | ent 0.653
  upd  843 | return    1.300 | deliv   1.30 | blocked 24.7% | idle  0.3% | ent 0.667
  upd  844 | return    1.800 | deliv   1.80 | blocked 23.6% | idle  0.3% | ent 0.683
  upd  845 | return    1.900 | deliv   1.90 | blocked 23.1% | idle  0.3% | ent 0.678
  upd  846 | return    1.900 | deliv   1.90 | blocked 25.9% | idle  0.3% | ent 0.687
  upd  847 | return    2.000 | deliv   2.00 | blocked 21.8% | idle  0.3% | ent 0.694
  upd  848 | return    1.600 | deliv   1.60 | blocked 22.4% | idle  0.3% | ent 0.695
  upd  849 | return    1.500 | deliv   1.50 | blocked 22.3% | idle  0.3% | ent 0.704
  upd  850 | return    1.700 | deliv   1.70 | blocked 21.1% | idle  0.3% | ent 0.716
  upd  851 | return    2.300 | deliv   2.30 | blocked 21.7% | idle  0.3% | ent 0.724
  upd  852 | return    1.400 | deliv   1.40 | blocked 19.3% | idle  0.3% | ent 0.738
  upd  853 | return    1.800 | deliv   1.80 | blocked 18.6% | idle  0.3% | ent 0.743
  upd  854 | return    2.200 | deliv   2.20 | blocked 18.6% | idle  0.3% | ent 0.732
  upd  855 | return    1.200 | deliv   1.20 | blocked 17.3% | idle  0.3% | ent 0.743
  upd  856 | return    2.400 | deliv   2.40 | blocked 20.5% | idle  0.3% | ent 0.719
  upd  857 | return    1.600 | deliv   1.60 | blocked 17.7% | idle  0.3% | ent 0.732
  upd  858 | return    1.400 | deliv   1.40 | blocked 18.2% | idle  0.3% | ent 0.727
  upd  859 | return    1.700 | deliv   1.70 | blocked 19.6% | idle  0.3% | ent 0.712
  upd  860 | return    1.300 | deliv   1.30 | blocked 21.1% | idle  0.3% | ent 0.701
  upd  861 | return    1.900 | deliv   1.90 | blocked 18.3% | idle  0.4% | ent 0.690
  upd  862 | return    1.800 | deliv   1.80 | blocked 20.3% | idle  0.4% | ent 0.681
  upd  863 | return    1.400 | deliv   1.40 | blocked 24.6% | idle  0.4% | ent 0.663
  upd  864 | return    1.700 | deliv   1.70 | blocked 24.9% | idle  0.4% | ent 0.644
  upd  865 | return    1.900 | deliv   1.90 | blocked 25.2% | idle  0.3% | ent 0.619
  upd  866 | return    1.100 | deliv   1.10 | blocked 26.3% | idle  0.4% | ent 0.625
  upd  867 | return    1.200 | deliv   1.20 | blocked 26.9% | idle  0.3% | ent 0.618
  upd  868 | return    1.500 | deliv   1.50 | blocked 27.6% | idle  0.3% | ent 0.625
  upd  869 | return    2.000 | deliv   2.00 | blocked 27.4% | idle  0.4% | ent 0.615
  upd  870 | return    1.700 | deliv   1.70 | blocked 28.3% | idle  0.3% | ent 0.629
  upd  871 | return    1.600 | deliv   1.60 | blocked 25.6% | idle  0.4% | ent 0.627
  upd  872 | return    1.500 | deliv   1.50 | blocked 28.2% | idle  0.3% | ent 0.610
  upd  873 | return    2.600 | deliv   2.60 | blocked 27.5% | idle  0.4% | ent 0.618
  upd  874 | return    1.300 | deliv   1.30 | blocked 25.4% | idle  0.3% | ent 0.637
  upd  875 | return    2.000 | deliv   2.00 | blocked 22.6% | idle  0.3% | ent 0.647
  upd  876 | return    1.500 | deliv   1.50 | blocked 23.7% | idle  0.3% | ent 0.641
  upd  877 | return    1.800 | deliv   1.80 | blocked 22.6% | idle  0.3% | ent 0.649
  upd  878 | return    2.000 | deliv   2.00 | blocked 21.5% | idle  0.3% | ent 0.656
  upd  879 | return    2.500 | deliv   2.50 | blocked 22.6% | idle  0.3% | ent 0.658
  upd  880 | return    2.500 | deliv   2.50 | blocked 23.2% | idle  0.2% | ent 0.654
  upd  881 | return    2.200 | deliv   2.20 | blocked 21.7% | idle  0.3% | ent 0.655
  upd  882 | return    2.600 | deliv   2.60 | blocked 22.6% | idle  0.3% | ent 0.646
  upd  883 | return    1.800 | deliv   1.80 | blocked 21.5% | idle  0.2% | ent 0.653
  upd  884 | return    2.000 | deliv   2.00 | blocked 24.0% | idle  0.2% | ent 0.637
  upd  885 | return    2.500 | deliv   2.50 | blocked 22.5% | idle  0.2% | ent 0.624
  upd  886 | return    1.500 | deliv   1.50 | blocked 21.2% | idle  0.2% | ent 0.629
  upd  887 | return    1.700 | deliv   1.70 | blocked 25.4% | idle  0.2% | ent 0.608
  upd  888 | return    1.900 | deliv   1.90 | blocked 25.4% | idle  0.2% | ent 0.609
  upd  889 | return    1.800 | deliv   1.80 | blocked 26.8% | idle  0.2% | ent 0.597
  upd  890 | return    1.800 | deliv   1.80 | blocked 26.0% | idle  0.2% | ent 0.601
  upd  891 | return    2.100 | deliv   2.10 | blocked 25.6% | idle  0.2% | ent 0.595
  upd  892 | return    1.700 | deliv   1.70 | blocked 21.4% | idle  0.2% | ent 0.621
  upd  893 | return    1.300 | deliv   1.30 | blocked 20.7% | idle  0.2% | ent 0.632
  upd  894 | return    1.300 | deliv   1.30 | blocked 18.3% | idle  0.2% | ent 0.640
  upd  895 | return    2.300 | deliv   2.30 | blocked 19.9% | idle  0.2% | ent 0.643
  upd  896 | return    1.900 | deliv   1.90 | blocked 18.9% | idle  0.2% | ent 0.667
  upd  897 | return    1.500 | deliv   1.50 | blocked 16.4% | idle  0.2% | ent 0.665
  upd  898 | return    1.600 | deliv   1.60 | blocked 15.6% | idle  0.3% | ent 0.691
  upd  899 | return    2.000 | deliv   2.00 | blocked 14.6% | idle  0.2% | ent 0.698
  upd  900 | return    1.700 | deliv   1.70 | blocked 14.1% | idle  0.3% | ent 0.711
  upd  901 | return    2.200 | deliv   2.20 | blocked 14.0% | idle  0.2% | ent 0.708
  upd  902 | return    2.600 | deliv   2.60 | blocked 13.7% | idle  0.2% | ent 0.708
  upd  903 | return    2.200 | deliv   2.20 | blocked 13.0% | idle  0.2% | ent 0.704
  upd  904 | return    1.500 | deliv   1.50 | blocked 13.5% | idle  0.2% | ent 0.697
  upd  905 | return    1.900 | deliv   1.90 | blocked 15.5% | idle  0.2% | ent 0.662
  upd  906 | return    1.300 | deliv   1.30 | blocked 15.0% | idle  0.2% | ent 0.672
  upd  907 | return    1.800 | deliv   1.80 | blocked 15.6% | idle  0.2% | ent 0.663
  upd  908 | return    2.000 | deliv   2.00 | blocked 15.1% | idle  0.2% | ent 0.640
  upd  909 | return    2.300 | deliv   2.30 | blocked 18.3% | idle  0.2% | ent 0.633
  upd  910 | return    1.400 | deliv   1.40 | blocked 17.4% | idle  0.2% | ent 0.620
  upd  911 | return    2.200 | deliv   2.20 | blocked 18.2% | idle  0.2% | ent 0.611
  upd  912 | return    2.000 | deliv   2.00 | blocked 19.1% | idle  0.2% | ent 0.606
  upd  913 | return    2.300 | deliv   2.30 | blocked 18.9% | idle  0.2% | ent 0.594
  upd  914 | return    1.800 | deliv   1.80 | blocked 21.1% | idle  0.2% | ent 0.588
  upd  915 | return    2.500 | deliv   2.50 | blocked 21.4% | idle  0.2% | ent 0.578
  upd  916 | return    1.600 | deliv   1.60 | blocked 19.8% | idle  0.2% | ent 0.581
  upd  917 | return    1.700 | deliv   1.70 | blocked 19.4% | idle  0.2% | ent 0.588
  upd  918 | return    2.400 | deliv   2.40 | blocked 20.3% | idle  0.2% | ent 0.581
  upd  919 | return    1.600 | deliv   1.60 | blocked 19.4% | idle  0.2% | ent 0.566
  upd  920 | return    1.400 | deliv   1.40 | blocked 22.3% | idle  0.2% | ent 0.566
  upd  921 | return    2.800 | deliv   2.80 | blocked 24.3% | idle  0.1% | ent 0.550
  upd  922 | return    2.200 | deliv   2.20 | blocked 22.5% | idle  0.2% | ent 0.560
  upd  923 | return    1.500 | deliv   1.50 | blocked 26.8% | idle  0.2% | ent 0.559
  upd  924 | return    2.200 | deliv   2.20 | blocked 21.1% | idle  0.2% | ent 0.566
  upd  925 | return    1.200 | deliv   1.20 | blocked 21.2% | idle  0.2% | ent 0.566
  upd  926 | return    2.200 | deliv   2.20 | blocked 22.8% | idle  0.2% | ent 0.576
  upd  927 | return    1.600 | deliv   1.60 | blocked 21.0% | idle  0.1% | ent 0.577
  upd  928 | return    2.200 | deliv   2.20 | blocked 21.8% | idle  0.2% | ent 0.574
  upd  929 | return    2.400 | deliv   2.40 | blocked 21.9% | idle  0.2% | ent 0.597
  upd  930 | return    2.300 | deliv   2.30 | blocked 21.4% | idle  0.1% | ent 0.595
  upd  931 | return    2.700 | deliv   2.70 | blocked 20.7% | idle  0.2% | ent 0.613
  upd  932 | return    2.200 | deliv   2.20 | blocked 18.6% | idle  0.2% | ent 0.619
  upd  933 | return    2.000 | deliv   2.00 | blocked 17.4% | idle  0.2% | ent 0.619
  upd  934 | return    2.000 | deliv   2.00 | blocked 15.9% | idle  0.2% | ent 0.624
  upd  935 | return    2.600 | deliv   2.60 | blocked 15.2% | idle  0.2% | ent 0.637
  upd  936 | return    1.800 | deliv   1.80 | blocked 15.1% | idle  0.2% | ent 0.633
  upd  937 | return    1.800 | deliv   1.80 | blocked 17.5% | idle  0.2% | ent 0.637
  upd  938 | return    1.400 | deliv   1.40 | blocked 16.6% | idle  0.2% | ent 0.644
  upd  939 | return    2.300 | deliv   2.30 | blocked 17.0% | idle  0.2% | ent 0.644
  upd  940 | return    2.400 | deliv   2.40 | blocked 18.5% | idle  0.2% | ent 0.645
  upd  941 | return    1.500 | deliv   1.50 | blocked 18.7% | idle  0.2% | ent 0.638
  upd  942 | return    2.200 | deliv   2.20 | blocked 18.4% | idle  0.2% | ent 0.629
  upd  943 | return    2.300 | deliv   2.30 | blocked 20.7% | idle  0.2% | ent 0.623
  upd  944 | return    1.800 | deliv   1.80 | blocked 18.0% | idle  0.2% | ent 0.629
  upd  945 | return    2.000 | deliv   2.00 | blocked 17.5% | idle  0.2% | ent 0.655
  upd  946 | return    1.800 | deliv   1.80 | blocked 19.0% | idle  0.2% | ent 0.633
  upd  947 | return    2.300 | deliv   2.30 | blocked 18.6% | idle  0.2% | ent 0.635
  upd  948 | return    2.500 | deliv   2.50 | blocked 20.2% | idle  0.2% | ent 0.629
  upd  949 | return    1.200 | deliv   1.20 | blocked 18.7% | idle  0.1% | ent 0.631
  upd  950 | return    1.500 | deliv   1.50 | blocked 20.7% | idle  0.2% | ent 0.637
  upd  951 | return    2.700 | deliv   2.70 | blocked 21.2% | idle  0.1% | ent 0.620
  upd  952 | return    2.100 | deliv   2.10 | blocked 20.2% | idle  0.2% | ent 0.621
  upd  953 | return    3.500 | deliv   3.50 | blocked 22.3% | idle  0.1% | ent 0.617
  upd  954 | return    2.400 | deliv   2.40 | blocked 23.3% | idle  0.1% | ent 0.610
  upd  955 | return    2.700 | deliv   2.70 | blocked 22.6% | idle  0.2% | ent 0.611
  upd  956 | return    2.300 | deliv   2.30 | blocked 24.6% | idle  0.2% | ent 0.598
  upd  957 | return    2.000 | deliv   2.00 | blocked 24.6% | idle  0.2% | ent 0.595
  upd  958 | return    1.800 | deliv   1.80 | blocked 23.8% | idle  0.2% | ent 0.586
  upd  959 | return    2.500 | deliv   2.50 | blocked 25.9% | idle  0.2% | ent 0.585
  upd  960 | return    1.900 | deliv   1.90 | blocked 27.2% | idle  0.1% | ent 0.579
  upd  961 | return    2.700 | deliv   2.70 | blocked 29.0% | idle  0.2% | ent 0.576
  upd  962 | return    1.900 | deliv   1.90 | blocked 26.1% | idle  0.1% | ent 0.578
  upd  963 | return    2.000 | deliv   2.00 | blocked 26.8% | idle  0.1% | ent 0.559
  upd  964 | return    3.400 | deliv   3.40 | blocked 25.6% | idle  0.1% | ent 0.573
  upd  965 | return    2.300 | deliv   2.30 | blocked 28.6% | idle  0.1% | ent 0.560
  upd  966 | return    2.100 | deliv   2.10 | blocked 26.8% | idle  0.2% | ent 0.564
  upd  967 | return    2.400 | deliv   2.40 | blocked 23.5% | idle  0.2% | ent 0.578
  upd  968 | return    2.400 | deliv   2.40 | blocked 26.0% | idle  0.1% | ent 0.574
  upd  969 | return    3.100 | deliv   3.10 | blocked 22.8% | idle  0.2% | ent 0.588
  upd  970 | return    2.000 | deliv   2.00 | blocked 25.4% | idle  0.1% | ent 0.584
  upd  971 | return    2.500 | deliv   2.50 | blocked 23.5% | idle  0.1% | ent 0.596
  upd  972 | return    1.900 | deliv   1.90 | blocked 22.2% | idle  0.2% | ent 0.587
  upd  973 | return    2.500 | deliv   2.50 | blocked 20.7% | idle  0.2% | ent 0.600
  upd  974 | return    2.400 | deliv   2.40 | blocked 20.8% | idle  0.2% | ent 0.600
  upd  975 | return    2.900 | deliv   2.90 | blocked 22.1% | idle  0.2% | ent 0.593
  upd  976 | return    1.900 | deliv   1.90 | blocked 20.5% | idle  0.1% | ent 0.590
  upd  977 | return    1.800 | deliv   1.80 | blocked 19.8% | idle  0.1% | ent 0.596
  upd  978 | return    1.800 | deliv   1.80 | blocked 19.3% | idle  0.2% | ent 0.593
  upd  979 | return    2.900 | deliv   2.90 | blocked 22.3% | idle  0.2% | ent 0.576
  upd  980 | return    2.100 | deliv   2.10 | blocked 19.6% | idle  0.2% | ent 0.596
  upd  981 | return    2.400 | deliv   2.40 | blocked 22.5% | idle  0.2% | ent 0.575
  upd  982 | return    2.100 | deliv   2.10 | blocked 19.8% | idle  0.1% | ent 0.557
  upd  983 | return    1.900 | deliv   1.90 | blocked 18.8% | idle  0.2% | ent 0.544
  upd  984 | return    2.700 | deliv   2.70 | blocked 22.5% | idle  0.2% | ent 0.544
  upd  985 | return    1.800 | deliv   1.80 | blocked 22.3% | idle  0.2% | ent 0.543
  upd  986 | return    2.000 | deliv   2.00 | blocked 22.2% | idle  0.1% | ent 0.544
  upd  987 | return    2.200 | deliv   2.20 | blocked 23.8% | idle  0.2% | ent 0.537
  upd  988 | return    2.400 | deliv   2.40 | blocked 23.7% | idle  0.1% | ent 0.543
  upd  989 | return    2.000 | deliv   2.00 | blocked 24.1% | idle  0.1% | ent 0.530
  upd  990 | return    2.100 | deliv   2.10 | blocked 21.1% | idle  0.2% | ent 0.527
  upd  991 | return    2.300 | deliv   2.30 | blocked 22.6% | idle  0.1% | ent 0.507
  upd  992 | return    2.700 | deliv   2.70 | blocked 21.5% | idle  0.1% | ent 0.512
  upd  993 | return    2.200 | deliv   2.20 | blocked 26.5% | idle  0.1% | ent 0.503
  upd  994 | return    2.300 | deliv   2.30 | blocked 24.1% | idle  0.1% | ent 0.504
  upd  995 | return    2.000 | deliv   2.00 | blocked 26.0% | idle  0.2% | ent 0.513
  upd  996 | return    1.900 | deliv   1.90 | blocked 24.6% | idle  0.1% | ent 0.513
  upd  997 | return    2.000 | deliv   2.00 | blocked 22.9% | idle  0.1% | ent 0.496
  upd  998 | return    2.800 | deliv   2.80 | blocked 23.8% | idle  0.1% | ent 0.513
  upd  999 | return    2.400 | deliv   2.40 | blocked 25.5% | idle  0.2% | ent 0.519

ran 1000 updates (5,000,000 env steps) in 101.3s  (49,374 steps/s)
checkpoints -> runs/seac_fc_lam0_seed2/checkpoints  (latest=1000, best=1000)   metrics -> runs/seac_fc_lam0_seed2/results.csv
