E0603 10:10:58.511479     450 cuda_executor.cc:1526] Could not get kernel mode driver version: (INVALID_ARGUMENT: Version does not match the format X.Y.Z)
E0603 10:10:58.529362     401 cuda_executor.cc:1526] Could not get kernel mode driver version: (INVALID_ARGUMENT: Version does not match the format X.Y.Z)
algo=seac (per-agent A2C, seac_coef=1.0, use_rnn=False)
env=rware-tiny-4ag  parallel_envs=10 time_limit=500  updates=1000  (steps/update=5000)  seed=2
run-dir=runs/seac_fc_lam1_seed2  chunk=100 updates/save
  upd    0 | return    0.100 | deliv   0.10 | blocked 17.8% | idle 12.1% | ent 1.208
  upd    1 | return    0.000 | deliv   0.00 | blocked 19.5% | idle 11.4% | ent 1.171
  upd    2 | return    0.000 | deliv   0.00 | blocked 16.3% | idle 12.5% | ent 1.205
  upd    3 | return    0.100 | deliv   0.10 | blocked 16.0% | idle 12.6% | ent 1.188
  upd    4 | return    0.100 | deliv   0.10 | blocked 16.8% | idle 13.7% | ent 1.213
  upd    5 | return    0.200 | deliv   0.20 | blocked 19.2% | idle 13.6% | ent 1.181
  upd    6 | return    0.200 | deliv   0.20 | blocked 17.7% | idle 13.6% | ent 1.201
  upd    7 | return    0.000 | deliv   0.00 | blocked 19.1% | idle 14.2% | ent 1.208
  upd    8 | return    0.100 | deliv   0.10 | blocked 19.1% | idle 14.5% | ent 1.179
  upd    9 | return    0.100 | deliv   0.10 | blocked 19.1% | idle 14.3% | ent 1.212
  upd   10 | return    0.100 | deliv   0.10 | blocked 18.1% | idle 13.9% | ent 1.189
  upd   11 | return    0.000 | deliv   0.00 | blocked 18.9% | idle 14.0% | ent 1.221
  upd   12 | return    0.200 | deliv   0.20 | blocked 19.6% | idle 13.7% | ent 1.188
  upd   13 | return    0.200 | deliv   0.20 | blocked 19.8% | idle 13.3% | ent 1.198
  upd   14 | return    0.300 | deliv   0.30 | blocked 21.7% | idle 13.1% | ent 1.138
  upd   15 | return    0.100 | deliv   0.10 | blocked 22.0% | idle 13.3% | ent 1.182
  upd   16 | return    0.300 | deliv   0.30 | blocked 21.2% | idle 13.4% | ent 1.180
  upd   17 | return    0.100 | deliv   0.10 | blocked 21.8% | idle 12.8% | ent 1.207
  upd   18 | return    0.000 | deliv   0.00 | blocked 22.1% | idle 12.2% | ent 1.180
  upd   19 | return    0.100 | deliv   0.10 | blocked 16.5% | idle 12.2% | ent 1.198
  upd   20 | return    0.000 | deliv   0.00 | blocked 20.6% | idle 12.5% | ent 1.205
  upd   21 | return    0.100 | deliv   0.10 | blocked 18.6% | idle 11.9% | ent 1.175
  upd   22 | return    0.000 | deliv   0.00 | blocked 18.6% | idle 11.1% | ent 1.174
  upd   23 | return    0.000 | deliv   0.00 | blocked 20.0% | idle 11.3% | ent 1.188
  upd   24 | return    0.100 | deliv   0.10 | blocked 20.9% | idle 11.7% | ent 1.218
  upd   25 | return    0.200 | deliv   0.20 | blocked 18.6% | idle 11.6% | ent 1.193
  upd   26 | return    0.200 | deliv   0.20 | blocked 20.0% | idle 11.4% | ent 1.192
  upd   27 | return    0.100 | deliv   0.10 | blocked 17.1% | idle 11.9% | ent 1.245
  upd   28 | return    0.000 | deliv   0.00 | blocked 18.3% | idle 11.2% | ent 1.214
  upd   29 | return    0.100 | deliv   0.10 | blocked 16.8% | idle 10.7% | ent 1.242
  upd   30 | return    0.100 | deliv   0.10 | blocked 16.2% | idle 11.2% | ent 1.233
  upd   31 | return    0.000 | deliv   0.00 | blocked 16.2% | idle 12.0% | ent 1.257
  upd   32 | return    0.100 | deliv   0.10 | blocked 15.5% | idle 12.7% | ent 1.281
  upd   33 | return    0.000 | deliv   0.00 | blocked 14.4% | idle 11.6% | ent 1.219
  upd   34 | return    0.000 | deliv   0.00 | blocked 13.2% | idle 11.6% | ent 1.215
  upd   35 | return    0.000 | deliv   0.00 | blocked 13.5% | idle 12.8% | ent 1.281
  upd   36 | return    0.000 | deliv   0.00 | blocked 13.0% | idle 13.0% | ent 1.259
  upd   37 | return    0.300 | deliv   0.30 | blocked 11.8% | idle 12.6% | ent 1.262
  upd   38 | return    0.100 | deliv   0.10 | blocked 12.1% | idle 11.9% | ent 1.201
  upd   39 | return    0.200 | deliv   0.20 | blocked 11.9% | idle 11.7% | ent 1.189
  upd   40 | return    0.100 | deliv   0.10 | blocked 11.9% | idle 13.4% | ent 1.254
  upd   41 | return    0.000 | deliv   0.00 | blocked 10.0% | idle 12.9% | ent 1.186
  upd   42 | return    0.000 | deliv   0.00 | blocked 12.1% | idle 14.8% | ent 1.298
  upd   43 | return    0.100 | deliv   0.10 | blocked 11.2% | idle 13.6% | ent 1.251
  upd   44 | return    0.000 | deliv   0.00 | blocked 10.8% | idle 14.1% | ent 1.250
  upd   45 | return    0.000 | deliv   0.00 | blocked  8.9% | idle 13.2% | ent 1.222
  upd   46 | return    0.000 | deliv   0.00 | blocked  9.5% | idle 13.5% | ent 1.186
  upd   47 | return    0.100 | deliv   0.10 | blocked  9.8% | idle 14.9% | ent 1.238
  upd   48 | return    0.000 | deliv   0.00 | blocked  9.3% | idle 14.7% | ent 1.205
  upd   49 | return    0.100 | deliv   0.10 | blocked  9.5% | idle 15.7% | ent 1.236
  upd   50 | return    0.000 | deliv   0.00 | blocked  8.9% | idle 14.3% | ent 1.208
  upd   51 | return    0.000 | deliv   0.00 | blocked  7.2% | idle 14.4% | ent 1.163
  upd   52 | return    0.000 | deliv   0.00 | blocked  7.4% | idle 14.5% | ent 1.185
  upd   53 | return    0.000 | deliv   0.00 | blocked  7.5% | idle 15.3% | ent 1.184
  upd   54 | return    0.100 | deliv   0.10 | blocked  7.3% | idle 15.0% | ent 1.155
  upd   55 | return    0.000 | deliv   0.00 | blocked  7.1% | idle 15.3% | ent 1.136
  upd   56 | return    0.000 | deliv   0.00 | blocked  8.8% | idle 16.8% | ent 1.211
  upd   57 | return    0.000 | deliv   0.00 | blocked  8.9% | idle 18.2% | ent 1.221
  upd   58 | return    0.000 | deliv   0.00 | blocked  6.3% | idle 14.6% | ent 1.152
  upd   59 | return    0.100 | deliv   0.10 | blocked  7.7% | idle 15.6% | ent 1.164
  upd   60 | return    0.000 | deliv   0.00 | blocked  7.1% | idle 17.2% | ent 1.223
  upd   61 | return    0.100 | deliv   0.10 | blocked  7.4% | idle 17.1% | ent 1.153
  upd   62 | return    0.100 | deliv   0.10 | blocked  6.1% | idle 15.8% | ent 1.152
  upd   63 | return    0.000 | deliv   0.00 | blocked  6.7% | idle 15.8% | ent 1.179
  upd   64 | return    0.100 | deliv   0.10 | blocked  6.9% | idle 17.5% | ent 1.172
  upd   65 | return    0.000 | deliv   0.00 | blocked  6.5% | idle 17.4% | ent 1.130
  upd   66 | return    0.100 | deliv   0.10 | blocked  7.0% | idle 16.0% | ent 1.211
  upd   67 | return    0.000 | deliv   0.00 | blocked  6.2% | idle 16.5% | ent 1.209
  upd   68 | return    0.000 | deliv   0.00 | blocked  6.6% | idle 16.8% | ent 1.157
  upd   69 | return    0.000 | deliv   0.00 | blocked  7.1% | idle 16.9% | ent 1.171
  upd   70 | return    0.100 | deliv   0.10 | blocked  5.8% | idle 15.5% | ent 1.131
  upd   71 | return    0.000 | deliv   0.00 | blocked  7.0% | idle 18.0% | ent 1.253
  upd   72 | return    0.000 | deliv   0.00 | blocked  6.7% | idle 16.9% | ent 1.121
  upd   73 | return    0.000 | deliv   0.00 | blocked  6.4% | idle 16.6% | ent 1.094
  upd   74 | return    0.100 | deliv   0.10 | blocked  6.7% | idle 17.5% | ent 1.141
  upd   75 | return    0.000 | deliv   0.00 | blocked  6.6% | idle 17.0% | ent 1.087
  upd   76 | return    0.100 | deliv   0.10 | blocked  6.1% | idle 16.4% | ent 1.109
  upd   77 | return    0.000 | deliv   0.00 | blocked  6.3% | idle 15.4% | ent 1.142
  upd   78 | return    0.300 | deliv   0.30 | blocked  7.6% | idle 16.8% | ent 1.107
  upd   79 | return    0.000 | deliv   0.00 | blocked  8.1% | idle 15.6% | ent 1.113
  upd   80 | return    0.300 | deliv   0.30 | blocked  8.5% | idle 16.2% | ent 1.165
  upd   81 | return    0.300 | deliv   0.30 | blocked  9.1% | idle 14.8% | ent 1.148
  upd   82 | return    0.100 | deliv   0.10 | blocked 10.1% | idle 14.8% | ent 1.163
  upd   83 | return    0.000 | deliv   0.00 | blocked  9.4% | idle 14.3% | ent 1.090
  upd   84 | return    0.200 | deliv   0.20 | blocked  9.2% | idle 13.4% | ent 1.094
  upd   85 | return    0.000 | deliv   0.00 | blocked 10.4% | idle 12.6% | ent 1.074
  upd   86 | return    0.000 | deliv   0.00 | blocked 11.2% | idle 12.2% | ent 1.060
  upd   87 | return    0.200 | deliv   0.20 | blocked  9.5% | idle 12.2% | ent 1.080
  upd   88 | return    0.000 | deliv   0.00 | blocked 13.1% | idle 12.3% | ent 1.084
  upd   89 | return    0.300 | deliv   0.30 | blocked 11.6% | idle 12.2% | ent 1.131
  upd   90 | return    0.000 | deliv   0.00 | blocked 12.4% | idle 11.6% | ent 1.034
  upd   91 | return    0.200 | deliv   0.20 | blocked 12.7% | idle 10.4% | ent 0.997
  upd   92 | return    0.000 | deliv   0.00 | blocked 12.2% | idle 11.3% | ent 1.040
  upd   93 | return    0.000 | deliv   0.00 | blocked 13.8% | idle 11.3% | ent 1.087
  upd   94 | return    0.200 | deliv   0.20 | blocked 14.4% | idle 10.2% | ent 1.011
  upd   95 | return    0.000 | deliv   0.00 | blocked 15.1% | idle 10.9% | ent 1.054
  upd   96 | return    0.000 | deliv   0.00 | blocked 15.5% | idle 10.4% | ent 1.028
  upd   97 | return    0.000 | deliv   0.00 | blocked 14.5% | idle  9.4% | ent 1.010
  upd   98 | return    0.000 | deliv   0.00 | blocked 15.9% | idle  8.6% | ent 0.958
  upd   99 | return    0.000 | deliv   0.00 | blocked 17.0% | idle  8.2% | ent 0.900
  upd  100 | return    0.000 | deliv   0.00 | blocked 16.7% | idle  8.4% | ent 0.935
  upd  101 | return    0.000 | deliv   0.00 | blocked 17.4% | idle  9.4% | ent 1.036
  upd  102 | return    0.100 | deliv   0.10 | blocked 15.8% | idle  9.5% | ent 1.020
  upd  103 | return    0.000 | deliv   0.00 | blocked 18.8% | idle  8.8% | ent 0.954
  upd  104 | return    0.000 | deliv   0.00 | blocked 16.6% | idle  8.3% | ent 0.959
  upd  105 | return    0.000 | deliv   0.00 | blocked 16.4% | idle  8.4% | ent 0.953
  upd  106 | return    0.200 | deliv   0.20 | blocked 17.6% | idle  7.8% | ent 0.960
  upd  107 | return    0.200 | deliv   0.20 | blocked 18.5% | idle  8.0% | ent 0.941
  upd  108 | return    0.000 | deliv   0.00 | blocked 17.5% | idle  7.2% | ent 0.908
  upd  109 | return    0.100 | deliv   0.10 | blocked 19.5% | idle  7.4% | ent 0.961
  upd  110 | return    0.100 | deliv   0.10 | blocked 17.7% | idle  8.0% | ent 0.983
  upd  111 | return    0.000 | deliv   0.00 | blocked 18.6% | idle  6.6% | ent 0.919
  upd  112 | return    0.000 | deliv   0.00 | blocked 18.5% | idle  7.2% | ent 0.972
  upd  113 | return    0.000 | deliv   0.00 | blocked 17.5% | idle  6.6% | ent 0.946
  upd  114 | return    0.100 | deliv   0.10 | blocked 17.1% | idle  5.7% | ent 0.815
  upd  115 | return    0.100 | deliv   0.10 | blocked 19.4% | idle  6.5% | ent 0.878
  upd  116 | return    0.100 | deliv   0.10 | blocked 15.4% | idle  6.8% | ent 0.907
  upd  117 | return    0.200 | deliv   0.20 | blocked 17.3% | idle  5.6% | ent 0.825
  upd  118 | return    0.000 | deliv   0.00 | blocked 17.9% | idle  6.0% | ent 0.811
  upd  119 | return    0.000 | deliv   0.00 | blocked 16.4% | idle  5.6% | ent 0.815
  upd  120 | return    0.000 | deliv   0.00 | blocked 16.0% | idle  5.4% | ent 0.770
  upd  121 | return    0.000 | deliv   0.00 | blocked 15.8% | idle  5.0% | ent 0.766
  upd  122 | return    0.000 | deliv   0.00 | blocked 17.1% | idle  5.7% | ent 0.859
  upd  123 | return    0.000 | deliv   0.00 | blocked 15.1% | idle  5.9% | ent 0.819
  upd  124 | return    0.000 | deliv   0.00 | blocked 15.3% | idle  5.2% | ent 0.764
  upd  125 | return    0.000 | deliv   0.00 | blocked 15.5% | idle  5.6% | ent 0.774
  upd  126 | return    0.100 | deliv   0.10 | blocked 14.8% | idle  5.3% | ent 0.793
  upd  127 | return    0.100 | deliv   0.10 | blocked 15.0% | idle  5.7% | ent 0.822
  upd  128 | return    0.000 | deliv   0.00 | blocked 14.0% | idle  6.2% | ent 0.850
  upd  129 | return    0.000 | deliv   0.00 | blocked 13.5% | idle  6.1% | ent 0.791
  upd  130 | return    0.100 | deliv   0.10 | blocked 13.5% | idle  5.4% | ent 0.716
  upd  131 | return    0.100 | deliv   0.10 | blocked 12.9% | idle  5.3% | ent 0.734
  upd  132 | return    0.100 | deliv   0.10 | blocked 13.9% | idle  5.5% | ent 0.756
  upd  133 | return    0.100 | deliv   0.10 | blocked 11.3% | idle  6.1% | ent 0.784
  upd  134 | return    0.000 | deliv   0.00 | blocked 13.0% | idle  5.9% | ent 0.746
  upd  135 | return    0.000 | deliv   0.00 | blocked 11.8% | idle  6.2% | ent 0.822
  upd  136 | return    0.000 | deliv   0.00 | blocked 11.7% | idle  5.8% | ent 0.746
  upd  137 | return    0.200 | deliv   0.20 | blocked 12.3% | idle  6.3% | ent 0.826
  upd  138 | return    0.200 | deliv   0.20 | blocked 11.4% | idle  5.8% | ent 0.760
  upd  139 | return    0.100 | deliv   0.10 | blocked 11.4% | idle  5.4% | ent 0.777
  upd  140 | return    0.000 | deliv   0.00 | blocked  9.7% | idle  6.0% | ent 0.713
  upd  141 | return    0.200 | deliv   0.20 | blocked  9.6% | idle  6.0% | ent 0.787
  upd  142 | return    0.000 | deliv   0.00 | blocked 10.2% | idle  5.9% | ent 0.759
  upd  143 | return    0.100 | deliv   0.10 | blocked 10.3% | idle  5.5% | ent 0.768
  upd  144 | return    0.200 | deliv   0.20 | blocked 11.0% | idle  5.1% | ent 0.778
  upd  145 | return    0.200 | deliv   0.20 | blocked 12.4% | idle  4.9% | ent 0.746
  upd  146 | return    0.300 | deliv   0.30 | blocked 11.7% | idle  4.4% | ent 0.719
  upd  147 | return    0.100 | deliv   0.10 | blocked 10.1% | idle  5.7% | ent 0.793
  upd  148 | return    0.200 | deliv   0.20 | blocked 10.5% | idle  5.6% | ent 0.767
  upd  149 | return    0.000 | deliv   0.00 | blocked  9.8% | idle  6.3% | ent 0.837
  upd  150 | return    0.100 | deliv   0.10 | blocked  9.9% | idle  6.1% | ent 0.778
  upd  151 | return    0.000 | deliv   0.00 | blocked 10.0% | idle  6.7% | ent 0.807
  upd  152 | return    0.100 | deliv   0.10 | blocked 10.4% | idle  7.2% | ent 0.820
  upd  153 | return    0.000 | deliv   0.00 | blocked 10.6% | idle  6.9% | ent 0.818
  upd  154 | return    0.100 | deliv   0.10 | blocked 10.9% | idle  7.2% | ent 0.764
  upd  155 | return    0.000 | deliv   0.00 | blocked 10.2% | idle  7.8% | ent 0.851
  upd  156 | return    0.000 | deliv   0.00 | blocked  9.3% | idle  8.0% | ent 0.811
  upd  157 | return    0.300 | deliv   0.30 | blocked  9.3% | idle  8.8% | ent 0.836
  upd  158 | return    0.100 | deliv   0.10 | blocked  8.9% | idle  8.3% | ent 0.857
  upd  159 | return    0.100 | deliv   0.10 | blocked  8.6% | idle  8.2% | ent 0.811
  upd  160 | return    0.100 | deliv   0.10 | blocked  8.2% | idle  8.3% | ent 0.790
  upd  161 | return    0.400 | deliv   0.40 | blocked  9.3% | idle  8.3% | ent 0.824
  upd  162 | return    0.100 | deliv   0.10 | blocked  8.5% | idle  8.2% | ent 0.746
  upd  163 | return    0.100 | deliv   0.10 | blocked 10.0% | idle  8.6% | ent 0.852
  upd  164 | return    0.200 | deliv   0.20 | blocked 10.1% | idle  7.7% | ent 0.812
  upd  165 | return    0.100 | deliv   0.10 | blocked 10.3% | idle  8.2% | ent 0.807
  upd  166 | return    0.000 | deliv   0.00 | blocked 10.2% | idle  7.5% | ent 0.837
  upd  167 | return    0.100 | deliv   0.10 | blocked 10.9% | idle  6.9% | ent 0.769
  upd  168 | return    0.200 | deliv   0.20 | blocked 10.9% | idle  7.6% | ent 0.770
  upd  169 | return    0.100 | deliv   0.10 | blocked 10.5% | idle  7.2% | ent 0.795
  upd  170 | return    0.100 | deliv   0.10 | blocked 10.9% | idle  7.6% | ent 0.850
  upd  171 | return    0.300 | deliv   0.30 | blocked 12.0% | idle  6.7% | ent 0.718
  upd  172 | return    0.100 | deliv   0.10 | blocked 10.6% | idle  6.9% | ent 0.783
  upd  173 | return    0.000 | deliv   0.00 | blocked 11.4% | idle  6.2% | ent 0.722
  upd  174 | return    0.100 | deliv   0.10 | blocked 11.2% | idle  6.1% | ent 0.728
  upd  175 | return    0.100 | deliv   0.10 | blocked 11.2% | idle  6.0% | ent 0.764
  upd  176 | return    0.000 | deliv   0.00 | blocked 12.2% | idle  5.6% | ent 0.769
  upd  177 | return    0.000 | deliv   0.00 | blocked 12.7% | idle  5.7% | ent 0.790
  upd  178 | return    0.100 | deliv   0.10 | blocked 12.1% | idle  4.5% | ent 0.731
  upd  179 | return    0.100 | deliv   0.10 | blocked 13.3% | idle  4.7% | ent 0.720
  upd  180 | return    0.200 | deliv   0.20 | blocked 14.5% | idle  4.6% | ent 0.745
  upd  181 | return    0.200 | deliv   0.20 | blocked 14.5% | idle  4.8% | ent 0.782
  upd  182 | return    0.100 | deliv   0.10 | blocked 16.3% | idle  4.5% | ent 0.764
  upd  183 | return    0.300 | deliv   0.30 | blocked 15.3% | idle  4.1% | ent 0.760
  upd  184 | return    0.100 | deliv   0.10 | blocked 15.7% | idle  3.7% | ent 0.731
  upd  185 | return    0.300 | deliv   0.30 | blocked 18.2% | idle  3.7% | ent 0.735
  upd  186 | return    0.000 | deliv   0.00 | blocked 16.7% | idle  3.4% | ent 0.696
  upd  187 | return    0.000 | deliv   0.00 | blocked 18.7% | idle  3.3% | ent 0.688
  upd  188 | return    0.000 | deliv   0.00 | blocked 17.9% | idle  3.4% | ent 0.718
  upd  189 | return    0.100 | deliv   0.10 | blocked 18.9% | idle  3.0% | ent 0.689
  upd  190 | return    0.100 | deliv   0.10 | blocked 20.0% | idle  2.8% | ent 0.657
  upd  191 | return    0.000 | deliv   0.00 | blocked 19.3% | idle  2.7% | ent 0.687
  upd  192 | return    0.200 | deliv   0.20 | blocked 20.1% | idle  2.6% | ent 0.687
  upd  193 | return    0.000 | deliv   0.00 | blocked 19.2% | idle  2.8% | ent 0.701
  upd  194 | return    0.000 | deliv   0.00 | blocked 20.6% | idle  2.8% | ent 0.706
  upd  195 | return    0.000 | deliv   0.00 | blocked 22.9% | idle  3.0% | ent 0.722
  upd  196 | return    0.100 | deliv   0.10 | blocked 20.5% | idle  2.7% | ent 0.702
  upd  197 | return    0.000 | deliv   0.00 | blocked 21.5% | idle  2.6% | ent 0.657
  upd  198 | return    0.100 | deliv   0.10 | blocked 22.6% | idle  2.7% | ent 0.686
  upd  199 | return    0.000 | deliv   0.00 | blocked 22.6% | idle  2.5% | ent 0.692
  upd  200 | return    0.000 | deliv   0.00 | blocked 21.5% | idle  2.5% | ent 0.705
  upd  201 | return    0.100 | deliv   0.10 | blocked 23.7% | idle  2.4% | ent 0.685
  upd  202 | return    0.100 | deliv   0.10 | blocked 22.2% | idle  2.5% | ent 0.685
  upd  203 | return    0.000 | deliv   0.00 | blocked 22.9% | idle  2.6% | ent 0.708
  upd  204 | return    0.300 | deliv   0.30 | blocked 24.0% | idle  2.6% | ent 0.716
  upd  205 | return    0.100 | deliv   0.10 | blocked 26.0% | idle  2.7% | ent 0.716
  upd  206 | return    0.200 | deliv   0.20 | blocked 24.5% | idle  2.2% | ent 0.684
  upd  207 | return    0.000 | deliv   0.00 | blocked 21.5% | idle  2.4% | ent 0.733
  upd  208 | return    0.200 | deliv   0.20 | blocked 22.7% | idle  2.7% | ent 0.728
  upd  209 | return    0.300 | deliv   0.30 | blocked 21.5% | idle  2.4% | ent 0.701
  upd  210 | return    0.100 | deliv   0.10 | blocked 25.7% | idle  2.1% | ent 0.694
  upd  211 | return    0.100 | deliv   0.10 | blocked 25.3% | idle  2.1% | ent 0.668
  upd  212 | return    0.000 | deliv   0.00 | blocked 28.9% | idle  1.8% | ent 0.586
  upd  213 | return    0.000 | deliv   0.00 | blocked 31.6% | idle  1.6% | ent 0.594
  upd  214 | return    0.100 | deliv   0.10 | blocked 31.2% | idle  1.5% | ent 0.538
  upd  215 | return    0.100 | deliv   0.10 | blocked 30.8% | idle  1.6% | ent 0.596
  upd  216 | return    0.000 | deliv   0.00 | blocked 35.4% | idle  1.2% | ent 0.535
  upd  217 | return    0.200 | deliv   0.20 | blocked 33.7% | idle  1.6% | ent 0.554
  upd  218 | return    0.100 | deliv   0.10 | blocked 34.7% | idle  1.7% | ent 0.569
  upd  219 | return    0.100 | deliv   0.10 | blocked 34.2% | idle  1.5% | ent 0.572
  upd  220 | return    0.300 | deliv   0.30 | blocked 35.5% | idle  1.3% | ent 0.521
  upd  221 | return    0.000 | deliv   0.00 | blocked 34.8% | idle  1.4% | ent 0.572
  upd  222 | return    0.000 | deliv   0.00 | blocked 37.0% | idle  1.5% | ent 0.551
  upd  223 | return    0.200 | deliv   0.20 | blocked 38.0% | idle  1.4% | ent 0.557
  upd  224 | return    0.100 | deliv   0.10 | blocked 36.4% | idle  1.2% | ent 0.521
  upd  225 | return    0.000 | deliv   0.00 | blocked 37.8% | idle  1.4% | ent 0.545
  upd  226 | return    0.000 | deliv   0.00 | blocked 38.4% | idle  1.3% | ent 0.537
  upd  227 | return    0.100 | deliv   0.10 | blocked 37.9% | idle  1.3% | ent 0.561
  upd  228 | return    0.000 | deliv   0.00 | blocked 39.0% | idle  1.3% | ent 0.546
  upd  229 | return    0.000 | deliv   0.00 | blocked 39.0% | idle  1.2% | ent 0.552
  upd  230 | return    0.000 | deliv   0.00 | blocked 38.1% | idle  1.3% | ent 0.571
  upd  231 | return    0.100 | deliv   0.10 | blocked 34.5% | idle  1.3% | ent 0.569
  upd  232 | return    0.000 | deliv   0.00 | blocked 38.0% | idle  1.3% | ent 0.593
  upd  233 | return    0.000 | deliv   0.00 | blocked 37.2% | idle  1.0% | ent 0.588
  upd  234 | return    0.000 | deliv   0.00 | blocked 34.4% | idle  1.4% | ent 0.606
  upd  235 | return    0.100 | deliv   0.10 | blocked 34.2% | idle  1.3% | ent 0.625
  upd  236 | return    0.100 | deliv   0.10 | blocked 34.0% | idle  1.4% | ent 0.645
  upd  237 | return    0.100 | deliv   0.10 | blocked 33.0% | idle  1.4% | ent 0.666
  upd  238 | return    0.000 | deliv   0.00 | blocked 31.2% | idle  1.3% | ent 0.718
  upd  239 | return    0.000 | deliv   0.00 | blocked 31.7% | idle  1.3% | ent 0.645
  upd  240 | return    0.100 | deliv   0.10 | blocked 32.0% | idle  1.3% | ent 0.699
  upd  241 | return    0.000 | deliv   0.00 | blocked 31.8% | idle  1.2% | ent 0.693
  upd  242 | return    0.000 | deliv   0.00 | blocked 32.5% | idle  1.5% | ent 0.745
  upd  243 | return    0.100 | deliv   0.10 | blocked 33.2% | idle  1.4% | ent 0.707
  upd  244 | return    0.000 | deliv   0.00 | blocked 31.2% | idle  1.3% | ent 0.728
  upd  245 | return    0.000 | deliv   0.00 | blocked 31.7% | idle  1.4% | ent 0.738
  upd  246 | return    0.100 | deliv   0.10 | blocked 31.0% | idle  1.3% | ent 0.723
  upd  247 | return    0.000 | deliv   0.00 | blocked 32.5% | idle  1.1% | ent 0.716
  upd  248 | return    0.100 | deliv   0.10 | blocked 33.6% | idle  1.2% | ent 0.746
  upd  249 | return    0.200 | deliv   0.20 | blocked 31.5% | idle  1.1% | ent 0.731
  upd  250 | return    0.200 | deliv   0.20 | blocked 31.3% | idle  1.2% | ent 0.737
  upd  251 | return    0.200 | deliv   0.20 | blocked 26.4% | idle  1.2% | ent 0.739
  upd  252 | return    0.100 | deliv   0.10 | blocked 25.6% | idle  1.1% | ent 0.736
  upd  253 | return    0.100 | deliv   0.10 | blocked 23.6% | idle  1.2% | ent 0.744
  upd  254 | return    0.000 | deliv   0.00 | blocked 22.2% | idle  1.2% | ent 0.687
  upd  255 | return    0.100 | deliv   0.10 | blocked 20.3% | idle  1.0% | ent 0.659
  upd  256 | return    0.100 | deliv   0.10 | blocked 17.4% | idle  1.1% | ent 0.620
  upd  257 | return    0.000 | deliv   0.00 | blocked 19.5% | idle  1.2% | ent 0.655
  upd  258 | return    0.000 | deliv   0.00 | blocked 15.0% | idle  1.2% | ent 0.586
  upd  259 | return    0.000 | deliv   0.00 | blocked 16.9% | idle  1.2% | ent 0.592
  upd  260 | return    0.000 | deliv   0.00 | blocked 16.1% | idle  1.2% | ent 0.579
  upd  261 | return    0.000 | deliv   0.00 | blocked 15.9% | idle  1.1% | ent 0.594
  upd  262 | return    0.200 | deliv   0.20 | blocked 16.7% | idle  1.4% | ent 0.581
  upd  263 | return    0.100 | deliv   0.10 | blocked 15.4% | idle  1.0% | ent 0.509
  upd  264 | return    0.000 | deliv   0.00 | blocked 15.5% | idle  1.3% | ent 0.579
  upd  265 | return    0.000 | deliv   0.00 | blocked 16.8% | idle  1.2% | ent 0.514
  upd  266 | return    0.000 | deliv   0.00 | blocked 15.9% | idle  1.4% | ent 0.518
  upd  267 | return    0.000 | deliv   0.00 | blocked 17.4% | idle  1.2% | ent 0.498
  upd  268 | return    0.000 | deliv   0.00 | blocked 14.1% | idle  1.2% | ent 0.473
  upd  269 | return    0.000 | deliv   0.00 | blocked 17.3% | idle  1.3% | ent 0.510
  upd  270 | return    0.100 | deliv   0.10 | blocked 15.4% | idle  1.3% | ent 0.516
  upd  271 | return    0.000 | deliv   0.00 | blocked 17.2% | idle  1.3% | ent 0.528
  upd  272 | return    0.000 | deliv   0.00 | blocked 17.6% | idle  1.0% | ent 0.485
  upd  273 | return    0.200 | deliv   0.20 | blocked 16.0% | idle  1.2% | ent 0.504
  upd  274 | return    0.000 | deliv   0.00 | blocked 16.7% | idle  1.3% | ent 0.499
  upd  275 | return    0.000 | deliv   0.00 | blocked 14.9% | idle  1.6% | ent 0.565
  upd  276 | return    0.000 | deliv   0.00 | blocked 15.3% | idle  1.2% | ent 0.563
  upd  277 | return    0.100 | deliv   0.10 | blocked 16.8% | idle  1.5% | ent 0.585
  upd  278 | return    0.000 | deliv   0.00 | blocked 16.1% | idle  1.3% | ent 0.543
  upd  279 | return    0.000 | deliv   0.00 | blocked 16.5% | idle  1.2% | ent 0.546
  upd  280 | return    0.000 | deliv   0.00 | blocked 17.3% | idle  1.4% | ent 0.580
  upd  281 | return    0.100 | deliv   0.10 | blocked 15.2% | idle  1.3% | ent 0.558
  upd  282 | return    0.000 | deliv   0.00 | blocked 18.0% | idle  1.1% | ent 0.507
  upd  283 | return    0.100 | deliv   0.10 | blocked 14.4% | idle  1.2% | ent 0.541
  upd  284 | return    0.100 | deliv   0.10 | blocked 14.8% | idle  1.4% | ent 0.625
  upd  285 | return    0.000 | deliv   0.00 | blocked 13.3% | idle  1.4% | ent 0.596
  upd  286 | return    0.000 | deliv   0.00 | blocked 13.8% | idle  1.6% | ent 0.621
  upd  287 | return    0.200 | deliv   0.20 | blocked 12.9% | idle  1.5% | ent 0.602
  upd  288 | return    0.000 | deliv   0.00 | blocked 12.3% | idle  1.4% | ent 0.624
  upd  289 | return    0.200 | deliv   0.20 | blocked 11.7% | idle  1.1% | ent 0.537
  upd  290 | return    0.300 | deliv   0.30 | blocked 13.9% | idle  1.1% | ent 0.556
  upd  291 | return    0.000 | deliv   0.00 | blocked 11.9% | idle  1.0% | ent 0.547
  upd  292 | return    0.000 | deliv   0.00 | blocked 12.3% | idle  1.0% | ent 0.571
  upd  293 | return    0.000 | deliv   0.00 | blocked 13.1% | idle  1.4% | ent 0.676
  upd  294 | return    0.200 | deliv   0.20 | blocked 10.3% | idle  1.0% | ent 0.567
  upd  295 | return    0.000 | deliv   0.00 | blocked 11.5% | idle  1.2% | ent 0.656
  upd  296 | return    0.100 | deliv   0.10 | blocked 14.9% | idle  1.3% | ent 0.704
  upd  297 | return    0.000 | deliv   0.00 | blocked 15.8% | idle  1.3% | ent 0.654
  upd  298 | return    0.200 | deliv   0.20 | blocked 12.9% | idle  1.2% | ent 0.629
  upd  299 | return    0.200 | deliv   0.20 | blocked  9.7% | idle  1.1% | ent 0.615
  upd  300 | return    0.100 | deliv   0.10 | blocked 14.3% | idle  1.2% | ent 0.699
  upd  301 | return    0.200 | deliv   0.20 | blocked 17.0% | idle  1.3% | ent 0.674
  upd  302 | return    0.000 | deliv   0.00 | blocked 14.4% | idle  1.2% | ent 0.660
  upd  303 | return    0.100 | deliv   0.10 | blocked 18.7% | idle  1.2% | ent 0.715
  upd  304 | return    0.000 | deliv   0.00 | blocked 18.3% | idle  0.9% | ent 0.696
  upd  305 | return    0.000 | deliv   0.00 | blocked 23.3% | idle  1.2% | ent 0.703
  upd  306 | return    0.200 | deliv   0.20 | blocked 22.5% | idle  1.3% | ent 0.707
  upd  307 | return    0.200 | deliv   0.20 | blocked 22.5% | idle  1.1% | ent 0.690
  upd  308 | return    0.000 | deliv   0.00 | blocked 26.5% | idle  1.0% | ent 0.707
  upd  309 | return    0.200 | deliv   0.20 | blocked 28.9% | idle  1.0% | ent 0.672
  upd  310 | return    0.000 | deliv   0.00 | blocked 29.2% | idle  1.0% | ent 0.644
  upd  311 | return    0.100 | deliv   0.10 | blocked 30.2% | idle  1.1% | ent 0.686
  upd  312 | return    0.000 | deliv   0.00 | blocked 29.0% | idle  1.0% | ent 0.716
  upd  313 | return    0.000 | deliv   0.00 | blocked 29.6% | idle  0.9% | ent 0.673
  upd  314 | return    0.000 | deliv   0.00 | blocked 31.6% | idle  0.9% | ent 0.661
  upd  315 | return    0.100 | deliv   0.10 | blocked 30.4% | idle  1.0% | ent 0.653
  upd  316 | return    0.100 | deliv   0.10 | blocked 28.3% | idle  1.0% | ent 0.672
  upd  317 | return    0.100 | deliv   0.10 | blocked 30.6% | idle  1.0% | ent 0.649
  upd  318 | return    0.100 | deliv   0.10 | blocked 32.1% | idle  1.1% | ent 0.667
  upd  319 | return    0.000 | deliv   0.00 | blocked 33.4% | idle  0.9% | ent 0.634
  upd  320 | return    0.000 | deliv   0.00 | blocked 37.1% | idle  1.0% | ent 0.628
  upd  321 | return    0.000 | deliv   0.00 | blocked 32.1% | idle  0.8% | ent 0.589
  upd  322 | return    0.000 | deliv   0.00 | blocked 37.4% | idle  0.9% | ent 0.617
  upd  323 | return    0.100 | deliv   0.10 | blocked 38.7% | idle  0.9% | ent 0.633
  upd  324 | return    0.100 | deliv   0.10 | blocked 38.8% | idle  0.9% | ent 0.624
  upd  325 | return    0.300 | deliv   0.30 | blocked 40.2% | idle  0.7% | ent 0.592
  upd  326 | return    0.000 | deliv   0.00 | blocked 38.9% | idle  0.7% | ent 0.586
  upd  327 | return    0.100 | deliv   0.10 | blocked 37.3% | idle  0.7% | ent 0.562
  upd  328 | return    0.000 | deliv   0.00 | blocked 38.1% | idle  0.8% | ent 0.605
  upd  329 | return    0.000 | deliv   0.00 | blocked 35.9% | idle  0.8% | ent 0.634
  upd  330 | return    0.400 | deliv   0.40 | blocked 37.7% | idle  0.8% | ent 0.614
  upd  331 | return    0.000 | deliv   0.00 | blocked 32.0% | idle  0.8% | ent 0.625
  upd  332 | return    0.100 | deliv   0.10 | blocked 32.7% | idle  0.9% | ent 0.638
  upd  333 | return    0.100 | deliv   0.10 | blocked 27.4% | idle  0.7% | ent 0.633
  upd  334 | return    0.000 | deliv   0.00 | blocked 27.2% | idle  0.8% | ent 0.579
  upd  335 | return    0.300 | deliv   0.30 | blocked 30.4% | idle  0.9% | ent 0.616
  upd  336 | return    0.100 | deliv   0.10 | blocked 26.6% | idle  0.8% | ent 0.608
  upd  337 | return    0.100 | deliv   0.10 | blocked 28.1% | idle  0.8% | ent 0.628
  upd  338 | return    0.200 | deliv   0.20 | blocked 25.0% | idle  0.9% | ent 0.641
  upd  339 | return    0.300 | deliv   0.30 | blocked 22.1% | idle  0.8% | ent 0.570
  upd  340 | return    0.000 | deliv   0.00 | blocked 24.8% | idle  0.8% | ent 0.596
  upd  341 | return    0.000 | deliv   0.00 | blocked 25.9% | idle  0.7% | ent 0.628
  upd  342 | return    0.000 | deliv   0.00 | blocked 22.3% | idle  0.8% | ent 0.654
  upd  343 | return    0.000 | deliv   0.00 | blocked 22.4% | idle  0.8% | ent 0.588
  upd  344 | return    0.200 | deliv   0.20 | blocked 22.0% | idle  0.7% | ent 0.556
  upd  345 | return    0.100 | deliv   0.10 | blocked 22.8% | idle  0.9% | ent 0.629
  upd  346 | return    0.100 | deliv   0.10 | blocked 22.9% | idle  0.7% | ent 0.601
  upd  347 | return    0.100 | deliv   0.10 | blocked 24.2% | idle  0.9% | ent 0.629
  upd  348 | return    0.300 | deliv   0.30 | blocked 20.1% | idle  0.8% | ent 0.568
  upd  349 | return    0.100 | deliv   0.10 | blocked 23.5% | idle  0.8% | ent 0.618
  upd  350 | return    0.200 | deliv   0.20 | blocked 19.3% | idle  0.7% | ent 0.569
  upd  351 | return    0.100 | deliv   0.10 | blocked 22.2% | idle  0.8% | ent 0.610
  upd  352 | return    0.100 | deliv   0.10 | blocked 23.8% | idle  0.7% | ent 0.591
  upd  353 | return    0.000 | deliv   0.00 | blocked 13.8% | idle  0.7% | ent 0.581
  upd  354 | return    0.000 | deliv   0.00 | blocked 16.4% | idle  0.5% | ent 0.568
  upd  355 | return    0.000 | deliv   0.00 | blocked 17.5% | idle  0.7% | ent 0.598
  upd  356 | return    0.000 | deliv   0.00 | blocked 16.8% | idle  0.6% | ent 0.601
  upd  357 | return    0.000 | deliv   0.00 | blocked 18.8% | idle  0.7% | ent 0.616
  upd  358 | return    0.000 | deliv   0.00 | blocked 16.7% | idle  0.7% | ent 0.602
  upd  359 | return    0.100 | deliv   0.10 | blocked 14.9% | idle  0.6% | ent 0.613
  upd  360 | return    0.000 | deliv   0.00 | blocked 19.4% | idle  0.8% | ent 0.657
  upd  361 | return    0.000 | deliv   0.00 | blocked 11.1% | idle  0.6% | ent 0.577
  upd  362 | return    0.000 | deliv   0.00 | blocked 14.6% | idle  0.8% | ent 0.634
  upd  363 | return    0.000 | deliv   0.00 | blocked 14.9% | idle  0.7% | ent 0.569
  upd  364 | return    0.000 | deliv   0.00 | blocked 16.1% | idle  0.7% | ent 0.627
  upd  365 | return    0.000 | deliv   0.00 | blocked 11.7% | idle  0.6% | ent 0.571
  upd  366 | return    0.400 | deliv   0.40 | blocked 17.2% | idle  0.7% | ent 0.607
  upd  367 | return    0.100 | deliv   0.10 | blocked 16.7% | idle  0.8% | ent 0.625
  upd  368 | return    0.000 | deliv   0.00 | blocked 18.6% | idle  0.6% | ent 0.620
  upd  369 | return    0.100 | deliv   0.10 | blocked 16.6% | idle  0.7% | ent 0.651
  upd  370 | return    0.000 | deliv   0.00 | blocked 13.9% | idle  0.7% | ent 0.619
  upd  371 | return    0.000 | deliv   0.00 | blocked 16.1% | idle  0.6% | ent 0.630
  upd  372 | return    0.200 | deliv   0.20 | blocked 18.5% | idle  0.7% | ent 0.654
  upd  373 | return    0.000 | deliv   0.00 | blocked 11.7% | idle  0.7% | ent 0.618
  upd  374 | return    0.000 | deliv   0.00 | blocked 13.9% | idle  0.7% | ent 0.640
  upd  375 | return    0.000 | deliv   0.00 | blocked 13.6% | idle  0.7% | ent 0.647
  upd  376 | return    0.000 | deliv   0.00 | blocked 16.9% | idle  0.6% | ent 0.627
  upd  377 | return    0.000 | deliv   0.00 | blocked 12.4% | idle  0.7% | ent 0.615
  upd  378 | return    0.100 | deliv   0.10 | blocked 15.9% | idle  0.6% | ent 0.635
  upd  379 | return    0.000 | deliv   0.00 | blocked 13.4% | idle  0.8% | ent 0.614
  upd  380 | return    0.000 | deliv   0.00 | blocked 14.1% | idle  0.7% | ent 0.642
  upd  381 | return    0.000 | deliv   0.00 | blocked 13.7% | idle  0.7% | ent 0.601
  upd  382 | return    0.000 | deliv   0.00 | blocked 15.6% | idle  0.7% | ent 0.628
  upd  383 | return    0.000 | deliv   0.00 | blocked 13.1% | idle  0.7% | ent 0.645
  upd  384 | return    0.100 | deliv   0.10 | blocked 16.2% | idle  0.7% | ent 0.655
  upd  385 | return    0.100 | deliv   0.10 | blocked 12.8% | idle  0.6% | ent 0.595
  upd  386 | return    0.000 | deliv   0.00 | blocked 16.6% | idle  0.7% | ent 0.666
  upd  387 | return    0.100 | deliv   0.10 | blocked 18.6% | idle  0.6% | ent 0.614
  upd  388 | return    0.100 | deliv   0.10 | blocked 26.1% | idle  0.5% | ent 0.550
  upd  389 | return    0.000 | deliv   0.00 | blocked 32.6% | idle  0.5% | ent 0.533
  upd  390 | return    0.100 | deliv   0.10 | blocked 32.7% | idle  0.4% | ent 0.510
  upd  391 | return    0.200 | deliv   0.20 | blocked 36.8% | idle  0.5% | ent 0.454
  upd  392 | return    0.000 | deliv   0.00 | blocked 40.0% | idle  0.4% | ent 0.437
  upd  393 | return    0.100 | deliv   0.10 | blocked 42.9% | idle  0.4% | ent 0.386
  upd  394 | return    0.000 | deliv   0.00 | blocked 39.5% | idle  0.4% | ent 0.389
  upd  395 | return    0.100 | deliv   0.10 | blocked 41.7% | idle  0.4% | ent 0.388
  upd  396 | return    0.000 | deliv   0.00 | blocked 41.6% | idle  0.4% | ent 0.383
  upd  397 | return    0.000 | deliv   0.00 | blocked 41.0% | idle  0.4% | ent 0.381
  upd  398 | return    0.000 | deliv   0.00 | blocked 41.3% | idle  0.4% | ent 0.414
  upd  399 | return    0.000 | deliv   0.00 | blocked 43.4% | idle  0.4% | ent 0.395
  upd  400 | return    0.100 | deliv   0.10 | blocked 44.4% | idle  0.4% | ent 0.356
  upd  401 | return    0.000 | deliv   0.00 | blocked 43.9% | idle  0.4% | ent 0.379
  upd  402 | return    0.100 | deliv   0.10 | blocked 44.8% | idle  0.5% | ent 0.379
  upd  403 | return    0.200 | deliv   0.20 | blocked 43.5% | idle  0.4% | ent 0.376
  upd  404 | return    0.000 | deliv   0.00 | blocked 42.2% | idle  0.3% | ent 0.348
  upd  405 | return    0.000 | deliv   0.00 | blocked 45.1% | idle  0.6% | ent 0.417
  upd  406 | return    0.000 | deliv   0.00 | blocked 42.8% | idle  0.5% | ent 0.381
  upd  407 | return    0.100 | deliv   0.10 | blocked 44.9% | idle  0.4% | ent 0.364
  upd  408 | return    0.200 | deliv   0.20 | blocked 43.6% | idle  0.6% | ent 0.400
  upd  409 | return    0.100 | deliv   0.10 | blocked 44.9% | idle  0.5% | ent 0.391
  upd  410 | return    0.000 | deliv   0.00 | blocked 42.3% | idle  0.4% | ent 0.356
  upd  411 | return    0.100 | deliv   0.10 | blocked 43.6% | idle  0.4% | ent 0.352
  upd  412 | return    0.000 | deliv   0.00 | blocked 41.2% | idle  0.6% | ent 0.419
  upd  413 | return    0.000 | deliv   0.00 | blocked 39.9% | idle  0.4% | ent 0.392
  upd  414 | return    0.100 | deliv   0.10 | blocked 37.3% | idle  0.5% | ent 0.445
  upd  415 | return    0.100 | deliv   0.10 | blocked 39.7% | idle  0.5% | ent 0.455
  upd  416 | return    0.000 | deliv   0.00 | blocked 33.0% | idle  0.5% | ent 0.465
  upd  417 | return    0.200 | deliv   0.20 | blocked 32.2% | idle  0.5% | ent 0.469
  upd  418 | return    0.100 | deliv   0.10 | blocked 32.3% | idle  0.4% | ent 0.448
  upd  419 | return    0.000 | deliv   0.00 | blocked 30.9% | idle  0.5% | ent 0.464
  upd  420 | return    0.200 | deliv   0.20 | blocked 21.5% | idle  0.5% | ent 0.463
  upd  421 | return    0.100 | deliv   0.10 | blocked 28.2% | idle  0.4% | ent 0.439
  upd  422 | return    0.100 | deliv   0.10 | blocked 28.3% | idle  0.5% | ent 0.471
  upd  423 | return    0.200 | deliv   0.20 | blocked 30.4% | idle  0.4% | ent 0.474
  upd  424 | return    0.100 | deliv   0.10 | blocked 27.9% | idle  0.5% | ent 0.466
  upd  425 | return    0.100 | deliv   0.10 | blocked 24.1% | idle  0.5% | ent 0.452
  upd  426 | return    0.000 | deliv   0.00 | blocked 26.1% | idle  0.5% | ent 0.503
  upd  427 | return    0.000 | deliv   0.00 | blocked 23.7% | idle  0.5% | ent 0.496
  upd  428 | return    0.300 | deliv   0.30 | blocked 22.7% | idle  0.5% | ent 0.543
  upd  429 | return    0.100 | deliv   0.10 | blocked 21.1% | idle  0.4% | ent 0.492
  upd  430 | return    0.200 | deliv   0.20 | blocked 27.5% | idle  0.4% | ent 0.484
  upd  431 | return    0.100 | deliv   0.10 | blocked 27.7% | idle  0.5% | ent 0.518
  upd  432 | return    0.000 | deliv   0.00 | blocked 28.8% | idle  0.6% | ent 0.517
  upd  433 | return    0.100 | deliv   0.10 | blocked 27.0% | idle  0.4% | ent 0.508
  upd  434 | return    0.000 | deliv   0.00 | blocked 27.5% | idle  0.4% | ent 0.507
  upd  435 | return    0.000 | deliv   0.00 | blocked 23.8% | idle  0.5% | ent 0.551
  upd  436 | return    0.000 | deliv   0.00 | blocked 28.6% | idle  0.5% | ent 0.531
  upd  437 | return    0.200 | deliv   0.20 | blocked 26.1% | idle  0.4% | ent 0.565
  upd  438 | return    0.000 | deliv   0.00 | blocked 28.1% | idle  0.4% | ent 0.552
  upd  439 | return    0.000 | deliv   0.00 | blocked 25.6% | idle  0.5% | ent 0.540
  upd  440 | return    0.000 | deliv   0.00 | blocked 24.9% | idle  0.6% | ent 0.540
  upd  441 | return    0.000 | deliv   0.00 | blocked 24.5% | idle  0.5% | ent 0.582
  upd  442 | return    0.000 | deliv   0.00 | blocked 26.0% | idle  0.5% | ent 0.573
  upd  443 | return    0.000 | deliv   0.00 | blocked 22.4% | idle  0.5% | ent 0.592
  upd  444 | return    0.000 | deliv   0.00 | blocked 25.5% | idle  0.5% | ent 0.571
  upd  445 | return    0.000 | deliv   0.00 | blocked 26.5% | idle  0.4% | ent 0.567
  upd  446 | return    0.000 | deliv   0.00 | blocked 28.4% | idle  0.6% | ent 0.618
  upd  447 | return    0.100 | deliv   0.10 | blocked 27.8% | idle  0.4% | ent 0.634
  upd  448 | return    0.000 | deliv   0.00 | blocked 28.3% | idle  0.4% | ent 0.574
  upd  449 | return    0.100 | deliv   0.10 | blocked 28.9% | idle  0.5% | ent 0.608
  upd  450 | return    0.100 | deliv   0.10 | blocked 26.3% | idle  0.5% | ent 0.627
  upd  451 | return    0.200 | deliv   0.20 | blocked 22.7% | idle  0.5% | ent 0.566
  upd  452 | return    0.000 | deliv   0.00 | blocked 22.1% | idle  0.5% | ent 0.556
  upd  453 | return    0.000 | deliv   0.00 | blocked 23.1% | idle  0.5% | ent 0.590
  upd  454 | return    0.200 | deliv   0.20 | blocked 19.7% | idle  0.3% | ent 0.446
  upd  455 | return    0.000 | deliv   0.00 | blocked 24.0% | idle  0.5% | ent 0.525
  upd  456 | return    0.000 | deliv   0.00 | blocked 24.1% | idle  0.3% | ent 0.464
  upd  457 | return    0.100 | deliv   0.10 | blocked 16.6% | idle  0.3% | ent 0.428
  upd  458 | return    0.100 | deliv   0.10 | blocked 20.1% | idle  0.3% | ent 0.448
  upd  459 | return    0.000 | deliv   0.00 | blocked 22.0% | idle  0.4% | ent 0.440
  upd  460 | return    0.200 | deliv   0.20 | blocked 19.8% | idle  0.4% | ent 0.491
  upd  461 | return    0.000 | deliv   0.00 | blocked 19.7% | idle  0.3% | ent 0.386
  upd  462 | return    0.000 | deliv   0.00 | blocked 17.3% | idle  0.4% | ent 0.409
  upd  463 | return    0.000 | deliv   0.00 | blocked 22.2% | idle  0.2% | ent 0.356
  upd  464 | return    0.100 | deliv   0.10 | blocked 14.9% | idle  0.4% | ent 0.444
  upd  465 | return    0.100 | deliv   0.10 | blocked 23.4% | idle  0.3% | ent 0.413
  upd  466 | return    0.200 | deliv   0.20 | blocked 22.4% | idle  0.3% | ent 0.352
  upd  467 | return    0.100 | deliv   0.10 | blocked 22.7% | idle  0.4% | ent 0.311
  upd  468 | return    0.100 | deliv   0.10 | blocked 23.0% | idle  0.3% | ent 0.311
  upd  469 | return    0.000 | deliv   0.00 | blocked 25.5% | idle  0.3% | ent 0.382
  upd  470 | return    0.000 | deliv   0.00 | blocked 25.9% | idle  0.2% | ent 0.276
  upd  471 | return    0.000 | deliv   0.00 | blocked 26.6% | idle  0.2% | ent 0.323
  upd  472 | return    0.100 | deliv   0.10 | blocked 31.0% | idle  0.3% | ent 0.329
  upd  473 | return    0.000 | deliv   0.00 | blocked 25.5% | idle  0.2% | ent 0.270
  upd  474 | return    0.000 | deliv   0.00 | blocked 28.7% | idle  0.3% | ent 0.372
  upd  475 | return    0.000 | deliv   0.00 | blocked 33.6% | idle  0.3% | ent 0.336
  upd  476 | return    0.000 | deliv   0.00 | blocked 32.3% | idle  0.2% | ent 0.321
  upd  477 | return    0.000 | deliv   0.00 | blocked 30.7% | idle  0.3% | ent 0.326
  upd  478 | return    0.100 | deliv   0.10 | blocked 32.4% | idle  0.2% | ent 0.283
  upd  479 | return    0.000 | deliv   0.00 | blocked 30.2% | idle  0.3% | ent 0.277
  upd  480 | return    0.000 | deliv   0.00 | blocked 27.2% | idle  0.3% | ent 0.360
  upd  481 | return    0.000 | deliv   0.00 | blocked 31.6% | idle  0.2% | ent 0.292
  upd  482 | return    0.000 | deliv   0.00 | blocked 27.4% | idle  0.3% | ent 0.350
  upd  483 | return    0.100 | deliv   0.10 | blocked 32.7% | idle  0.2% | ent 0.308
  upd  484 | return    0.100 | deliv   0.10 | blocked 29.4% | idle  0.3% | ent 0.319
  upd  485 | return    0.000 | deliv   0.00 | blocked 24.0% | idle  0.3% | ent 0.314
  upd  486 | return    0.000 | deliv   0.00 | blocked 25.9% | idle  0.3% | ent 0.349
  upd  487 | return    0.000 | deliv   0.00 | blocked 23.6% | idle  0.3% | ent 0.388
  upd  488 | return    0.000 | deliv   0.00 | blocked 23.2% | idle  0.3% | ent 0.334
  upd  489 | return    0.000 | deliv   0.00 | blocked 23.0% | idle  0.2% | ent 0.293
  upd  490 | return    0.000 | deliv   0.00 | blocked 25.0% | idle  0.2% | ent 0.309
  upd  491 | return    0.000 | deliv   0.00 | blocked 28.1% | idle  0.3% | ent 0.348
  upd  492 | return    0.000 | deliv   0.00 | blocked 24.9% | idle  0.3% | ent 0.307
  upd  493 | return    0.100 | deliv   0.10 | blocked 27.8% | idle  0.2% | ent 0.354
  upd  494 | return    0.000 | deliv   0.00 | blocked 21.3% | idle  0.2% | ent 0.351
  upd  495 | return    0.000 | deliv   0.00 | blocked 29.7% | idle  0.3% | ent 0.334
  upd  496 | return    0.000 | deliv   0.00 | blocked 27.5% | idle  0.3% | ent 0.373
  upd  497 | return    0.000 | deliv   0.00 | blocked 27.8% | idle  0.3% | ent 0.350
  upd  498 | return    0.000 | deliv   0.00 | blocked 26.0% | idle  0.2% | ent 0.370
  upd  499 | return    0.000 | deliv   0.00 | blocked 26.5% | idle  0.3% | ent 0.329
  upd  500 | return    0.000 | deliv   0.00 | blocked 25.5% | idle  0.2% | ent 0.353
  upd  501 | return    0.100 | deliv   0.10 | blocked 24.1% | idle  0.2% | ent 0.326
  upd  502 | return    0.100 | deliv   0.10 | blocked 23.7% | idle  0.3% | ent 0.371
  upd  503 | return    0.000 | deliv   0.00 | blocked 28.1% | idle  0.3% | ent 0.360
  upd  504 | return    0.100 | deliv   0.10 | blocked 30.7% | idle  0.2% | ent 0.375
  upd  505 | return    0.200 | deliv   0.20 | blocked 27.3% | idle  0.3% | ent 0.354
  upd  506 | return    0.100 | deliv   0.10 | blocked 21.8% | idle  0.2% | ent 0.371
  upd  507 | return    0.000 | deliv   0.00 | blocked 25.3% | idle  0.2% | ent 0.368
  upd  508 | return    0.100 | deliv   0.10 | blocked 25.5% | idle  0.3% | ent 0.389
  upd  509 | return    0.100 | deliv   0.10 | blocked 22.8% | idle  0.3% | ent 0.371
  upd  510 | return    0.100 | deliv   0.10 | blocked 21.0% | idle  0.3% | ent 0.390
  upd  511 | return    0.100 | deliv   0.10 | blocked 23.2% | idle  0.3% | ent 0.401
  upd  512 | return    0.000 | deliv   0.00 | blocked 24.9% | idle  0.2% | ent 0.415
  upd  513 | return    0.000 | deliv   0.00 | blocked 24.4% | idle  0.2% | ent 0.380
  upd  514 | return    0.200 | deliv   0.20 | blocked 22.3% | idle  0.3% | ent 0.467
  upd  515 | return    0.000 | deliv   0.00 | blocked 18.3% | idle  0.2% | ent 0.395
  upd  516 | return    0.000 | deliv   0.00 | blocked 22.0% | idle  0.2% | ent 0.409
  upd  517 | return    0.000 | deliv   0.00 | blocked 22.9% | idle  0.3% | ent 0.456
  upd  518 | return    0.100 | deliv   0.10 | blocked 20.7% | idle  0.3% | ent 0.362
  upd  519 | return    0.000 | deliv   0.00 | blocked 23.1% | idle  0.3% | ent 0.441
  upd  520 | return    0.000 | deliv   0.00 | blocked 23.0% | idle  0.2% | ent 0.446
  upd  521 | return    0.100 | deliv   0.10 | blocked 24.9% | idle  0.3% | ent 0.426
  upd  522 | return    0.100 | deliv   0.10 | blocked 22.4% | idle  0.2% | ent 0.475
  upd  523 | return    0.100 | deliv   0.10 | blocked 18.3% | idle  0.3% | ent 0.471
  upd  524 | return    0.000 | deliv   0.00 | blocked 20.7% | idle  0.4% | ent 0.495
  upd  525 | return    0.000 | deliv   0.00 | blocked 20.8% | idle  0.2% | ent 0.494
  upd  526 | return    0.000 | deliv   0.00 | blocked 17.9% | idle  0.3% | ent 0.520
  upd  527 | return    0.100 | deliv   0.10 | blocked 13.4% | idle  0.3% | ent 0.456
  upd  528 | return    0.000 | deliv   0.00 | blocked 17.9% | idle  0.3% | ent 0.548
  upd  529 | return    0.000 | deliv   0.00 | blocked 16.3% | idle  0.2% | ent 0.448
  upd  530 | return    0.000 | deliv   0.00 | blocked 18.2% | idle  0.3% | ent 0.531
  upd  531 | return    0.000 | deliv   0.00 | blocked 19.0% | idle  0.3% | ent 0.513
  upd  532 | return    0.100 | deliv   0.10 | blocked 15.9% | idle  0.3% | ent 0.548
  upd  533 | return    0.000 | deliv   0.00 | blocked 16.4% | idle  0.3% | ent 0.515
  upd  534 | return    0.000 | deliv   0.00 | blocked 16.0% | idle  0.2% | ent 0.473
  upd  535 | return    0.000 | deliv   0.00 | blocked 20.9% | idle  0.3% | ent 0.505
  upd  536 | return    0.000 | deliv   0.00 | blocked 14.7% | idle  0.3% | ent 0.504
  upd  537 | return    0.000 | deliv   0.00 | blocked 16.2% | idle  0.2% | ent 0.481
  upd  538 | return    0.000 | deliv   0.00 | blocked 17.6% | idle  0.3% | ent 0.568
  upd  539 | return    0.000 | deliv   0.00 | blocked 16.3% | idle  0.3% | ent 0.490
  upd  540 | return    0.000 | deliv   0.00 | blocked 19.0% | idle  0.3% | ent 0.505
  upd  541 | return    0.000 | deliv   0.00 | blocked 12.6% | idle  0.2% | ent 0.486
  upd  542 | return    0.000 | deliv   0.00 | blocked 14.1% | idle  0.3% | ent 0.542
  upd  543 | return    0.100 | deliv   0.10 | blocked 16.2% | idle  0.3% | ent 0.516
  upd  544 | return    0.200 | deliv   0.20 | blocked 12.8% | idle  0.3% | ent 0.462
  upd  545 | return    0.000 | deliv   0.00 | blocked 12.4% | idle  0.3% | ent 0.525
  upd  546 | return    0.100 | deliv   0.10 | blocked 12.6% | idle  0.3% | ent 0.504
  upd  547 | return    0.000 | deliv   0.00 | blocked 13.4% | idle  0.3% | ent 0.573
  upd  548 | return    0.100 | deliv   0.10 | blocked 12.5% | idle  0.3% | ent 0.526
  upd  549 | return    0.100 | deliv   0.10 | blocked 13.2% | idle  0.3% | ent 0.554
  upd  550 | return    0.000 | deliv   0.00 | blocked 10.8% | idle  0.3% | ent 0.525
  upd  551 | return    0.000 | deliv   0.00 | blocked 12.1% | idle  0.3% | ent 0.501
  upd  552 | return    0.000 | deliv   0.00 | blocked 18.1% | idle  0.2% | ent 0.578
  upd  553 | return    0.000 | deliv   0.00 | blocked 11.3% | idle  0.3% | ent 0.568
  upd  554 | return    0.000 | deliv   0.00 | blocked 12.8% | idle  0.3% | ent 0.556
  upd  555 | return    0.000 | deliv   0.00 | blocked  7.7% | idle  0.3% | ent 0.505
  upd  556 | return    0.000 | deliv   0.00 | blocked 13.1% | idle  0.3% | ent 0.582
  upd  557 | return    0.000 | deliv   0.00 | blocked 13.6% | idle  0.3% | ent 0.559
  upd  558 | return    0.000 | deliv   0.00 | blocked 11.6% | idle  0.3% | ent 0.525
  upd  559 | return    0.100 | deliv   0.10 | blocked 10.4% | idle  0.4% | ent 0.560
  upd  560 | return    0.100 | deliv   0.10 | blocked 11.7% | idle  0.3% | ent 0.526
  upd  561 | return    0.000 | deliv   0.00 | blocked 10.0% | idle  0.2% | ent 0.509
  upd  562 | return    0.000 | deliv   0.00 | blocked 13.0% | idle  0.3% | ent 0.521
  upd  563 | return    0.000 | deliv   0.00 | blocked  9.7% | idle  0.3% | ent 0.534
  upd  564 | return    0.200 | deliv   0.20 | blocked 10.1% | idle  0.4% | ent 0.563
  upd  565 | return    0.300 | deliv   0.30 | blocked 12.4% | idle  0.3% | ent 0.565
  upd  566 | return    0.000 | deliv   0.00 | blocked 12.2% | idle  0.3% | ent 0.515
  upd  567 | return    0.000 | deliv   0.00 | blocked  7.9% | idle  0.3% | ent 0.482
  upd  568 | return    0.000 | deliv   0.00 | blocked 11.5% | idle  0.3% | ent 0.561
  upd  569 | return    0.100 | deliv   0.10 | blocked 12.8% | idle  0.3% | ent 0.548
  upd  570 | return    0.000 | deliv   0.00 | blocked  9.2% | idle  0.3% | ent 0.563
  upd  571 | return    0.100 | deliv   0.10 | blocked  8.5% | idle  0.4% | ent 0.560
  upd  572 | return    0.200 | deliv   0.20 | blocked 10.6% | idle  0.2% | ent 0.476
  upd  573 | return    0.000 | deliv   0.00 | blocked  7.8% | idle  0.3% | ent 0.526
  upd  574 | return    0.100 | deliv   0.10 | blocked 10.7% | idle  0.3% | ent 0.586
  upd  575 | return    0.100 | deliv   0.10 | blocked 10.8% | idle  0.2% | ent 0.558
  upd  576 | return    0.000 | deliv   0.00 | blocked 11.1% | idle  0.3% | ent 0.539
  upd  577 | return    0.100 | deliv   0.10 | blocked 10.6% | idle  0.3% | ent 0.536
  upd  578 | return    0.000 | deliv   0.00 | blocked 11.3% | idle  0.3% | ent 0.540
  upd  579 | return    0.000 | deliv   0.00 | blocked 12.1% | idle  0.3% | ent 0.553
  upd  580 | return    0.000 | deliv   0.00 | blocked 14.9% | idle  0.3% | ent 0.539
  upd  581 | return    0.100 | deliv   0.10 | blocked 13.6% | idle  0.4% | ent 0.641
  upd  582 | return    0.100 | deliv   0.10 | blocked 13.1% | idle  0.2% | ent 0.568
  upd  583 | return    0.000 | deliv   0.00 | blocked 15.6% | idle  0.4% | ent 0.575
  upd  584 | return    0.100 | deliv   0.10 | blocked 16.1% | idle  0.3% | ent 0.536
  upd  585 | return    0.200 | deliv   0.20 | blocked 13.6% | idle  0.3% | ent 0.560
  upd  586 | return    0.200 | deliv   0.20 | blocked 12.8% | idle  0.3% | ent 0.613
  upd  587 | return    0.200 | deliv   0.20 | blocked 13.3% | idle  0.4% | ent 0.563
  upd  588 | return    0.100 | deliv   0.10 | blocked 12.4% | idle  0.3% | ent 0.550
  upd  589 | return    0.000 | deliv   0.00 | blocked 13.3% | idle  0.4% | ent 0.588
  upd  590 | return    0.000 | deliv   0.00 | blocked 13.6% | idle  0.4% | ent 0.549
  upd  591 | return    0.100 | deliv   0.10 | blocked 17.7% | idle  0.2% | ent 0.549
  upd  592 | return    0.000 | deliv   0.00 | blocked 15.7% | idle  0.4% | ent 0.541
  upd  593 | return    0.000 | deliv   0.00 | blocked 22.1% | idle  0.2% | ent 0.555
  upd  594 | return    0.100 | deliv   0.10 | blocked 19.4% | idle  0.3% | ent 0.586
  upd  595 | return    0.100 | deliv   0.10 | blocked 24.6% | idle  0.2% | ent 0.505
  upd  596 | return    0.000 | deliv   0.00 | blocked 22.6% | idle  0.3% | ent 0.544
  upd  597 | return    0.000 | deliv   0.00 | blocked 22.1% | idle  0.2% | ent 0.531
  upd  598 | return    0.000 | deliv   0.00 | blocked 26.1% | idle  0.3% | ent 0.502
  upd  599 | return    0.200 | deliv   0.20 | blocked 27.9% | idle  0.3% | ent 0.511
  upd  600 | return    0.100 | deliv   0.10 | blocked 19.3% | idle  0.2% | ent 0.496
  upd  601 | return    0.000 | deliv   0.00 | blocked 23.7% | idle  0.3% | ent 0.523
  upd  602 | return    0.100 | deliv   0.10 | blocked 18.7% | idle  0.3% | ent 0.536
  upd  603 | return    0.000 | deliv   0.00 | blocked 23.6% | idle  0.2% | ent 0.504
  upd  604 | return    0.300 | deliv   0.30 | blocked 22.0% | idle  0.3% | ent 0.539
  upd  605 | return    0.000 | deliv   0.00 | blocked 20.7% | idle  0.3% | ent 0.498
  upd  606 | return    0.000 | deliv   0.00 | blocked 23.6% | idle  0.3% | ent 0.464
  upd  607 | return    0.000 | deliv   0.00 | blocked 23.5% | idle  0.2% | ent 0.437
  upd  608 | return    0.100 | deliv   0.10 | blocked 22.4% | idle  0.3% | ent 0.523
  upd  609 | return    0.100 | deliv   0.10 | blocked 23.7% | idle  0.2% | ent 0.446
  upd  610 | return    0.100 | deliv   0.10 | blocked 20.3% | idle  0.3% | ent 0.465
  upd  611 | return    0.100 | deliv   0.10 | blocked 17.4% | idle  0.3% | ent 0.433
  upd  612 | return    0.000 | deliv   0.00 | blocked 25.3% | idle  0.2% | ent 0.433
  upd  613 | return    0.300 | deliv   0.30 | blocked 24.1% | idle  0.3% | ent 0.433
  upd  614 | return    0.000 | deliv   0.00 | blocked 26.2% | idle  0.2% | ent 0.426
  upd  615 | return    0.000 | deliv   0.00 | blocked 26.2% | idle  0.3% | ent 0.461
  upd  616 | return    0.000 | deliv   0.00 | blocked 28.8% | idle  0.2% | ent 0.456
  upd  617 | return    0.000 | deliv   0.00 | blocked 22.9% | idle  0.2% | ent 0.471
  upd  618 | return    0.000 | deliv   0.00 | blocked 21.7% | idle  0.2% | ent 0.430
  upd  619 | return    0.100 | deliv   0.10 | blocked 26.8% | idle  0.2% | ent 0.439
  upd  620 | return    0.000 | deliv   0.00 | blocked 25.9% | idle  0.2% | ent 0.424
  upd  621 | return    0.000 | deliv   0.00 | blocked 31.2% | idle  0.2% | ent 0.461
  upd  622 | return    0.000 | deliv   0.00 | blocked 25.0% | idle  0.3% | ent 0.507
  upd  623 | return    0.100 | deliv   0.10 | blocked 28.7% | idle  0.3% | ent 0.414
  upd  624 | return    0.100 | deliv   0.10 | blocked 24.7% | idle  0.3% | ent 0.506
  upd  625 | return    0.100 | deliv   0.10 | blocked 17.3% | idle  0.2% | ent 0.415
  upd  626 | return    0.200 | deliv   0.20 | blocked 23.0% | idle  0.2% | ent 0.495
  upd  627 | return    0.100 | deliv   0.10 | blocked 25.3% | idle  0.2% | ent 0.402
  upd  628 | return    0.000 | deliv   0.00 | blocked 27.5% | idle  0.2% | ent 0.461
  upd  629 | return    0.100 | deliv   0.10 | blocked 22.3% | idle  0.3% | ent 0.508
  upd  630 | return    0.100 | deliv   0.10 | blocked 21.3% | idle  0.2% | ent 0.459
  upd  631 | return    0.000 | deliv   0.00 | blocked 26.5% | idle  0.3% | ent 0.496
  upd  632 | return    0.000 | deliv   0.00 | blocked 20.9% | idle  0.2% | ent 0.474
  upd  633 | return    0.000 | deliv   0.00 | blocked 27.8% | idle  0.2% | ent 0.447
  upd  634 | return    0.100 | deliv   0.10 | blocked 24.1% | idle  0.2% | ent 0.479
  upd  635 | return    0.100 | deliv   0.10 | blocked 29.1% | idle  0.3% | ent 0.486
  upd  636 | return    0.000 | deliv   0.00 | blocked 22.0% | idle  0.3% | ent 0.522
  upd  637 | return    0.200 | deliv   0.20 | blocked 24.7% | idle  0.2% | ent 0.506
  upd  638 | return    0.100 | deliv   0.10 | blocked 22.3% | idle  0.2% | ent 0.467
  upd  639 | return    0.100 | deliv   0.10 | blocked 25.9% | idle  0.2% | ent 0.475
  upd  640 | return    0.100 | deliv   0.10 | blocked 19.2% | idle  0.2% | ent 0.443
  upd  641 | return    0.100 | deliv   0.10 | blocked 24.3% | idle  0.2% | ent 0.515
  upd  642 | return    0.100 | deliv   0.10 | blocked 24.4% | idle  0.2% | ent 0.459
  upd  643 | return    0.000 | deliv   0.00 | blocked 28.6% | idle  0.2% | ent 0.470
  upd  644 | return    0.100 | deliv   0.10 | blocked 27.5% | idle  0.3% | ent 0.473
  upd  645 | return    0.100 | deliv   0.10 | blocked 30.1% | idle  0.3% | ent 0.489
  upd  646 | return    0.000 | deliv   0.00 | blocked 22.0% | idle  0.2% | ent 0.428
  upd  647 | return    0.100 | deliv   0.10 | blocked 25.5% | idle  0.2% | ent 0.485
  upd  648 | return    0.100 | deliv   0.10 | blocked 25.6% | idle  0.2% | ent 0.442
  upd  649 | return    0.100 | deliv   0.10 | blocked 27.0% | idle  0.2% | ent 0.463
  upd  650 | return    0.000 | deliv   0.00 | blocked 25.1% | idle  0.2% | ent 0.474
  upd  651 | return    0.100 | deliv   0.10 | blocked 31.6% | idle  0.3% | ent 0.467
  upd  652 | return    0.100 | deliv   0.10 | blocked 26.5% | idle  0.3% | ent 0.498
  upd  653 | return    0.000 | deliv   0.00 | blocked 25.5% | idle  0.3% | ent 0.470
  upd  654 | return    0.300 | deliv   0.30 | blocked 31.7% | idle  0.2% | ent 0.411
  upd  655 | return    0.100 | deliv   0.10 | blocked 28.4% | idle  0.2% | ent 0.466
  upd  656 | return    0.200 | deliv   0.20 | blocked 24.7% | idle  0.2% | ent 0.483
  upd  657 | return    0.100 | deliv   0.10 | blocked 29.6% | idle  0.2% | ent 0.471
  upd  658 | return    0.100 | deliv   0.10 | blocked 25.2% | idle  0.2% | ent 0.474
  upd  659 | return    0.000 | deliv   0.00 | blocked 27.9% | idle  0.4% | ent 0.512
  upd  660 | return    0.000 | deliv   0.00 | blocked 29.3% | idle  0.2% | ent 0.437
  upd  661 | return    0.000 | deliv   0.00 | blocked 28.3% | idle  0.3% | ent 0.468
  upd  662 | return    0.000 | deliv   0.00 | blocked 23.6% | idle  0.2% | ent 0.529
  upd  663 | return    0.100 | deliv   0.10 | blocked 25.5% | idle  0.2% | ent 0.453
  upd  664 | return    0.000 | deliv   0.00 | blocked 25.8% | idle  0.3% | ent 0.448
  upd  665 | return    0.000 | deliv   0.00 | blocked 30.0% | idle  0.3% | ent 0.570
  upd  666 | return    0.100 | deliv   0.10 | blocked 36.2% | idle  0.2% | ent 0.465
  upd  667 | return    0.200 | deliv   0.20 | blocked 25.9% | idle  0.2% | ent 0.469
  upd  668 | return    0.100 | deliv   0.10 | blocked 25.6% | idle  0.2% | ent 0.490
  upd  669 | return    0.200 | deliv   0.20 | blocked 32.7% | idle  0.2% | ent 0.520
  upd  670 | return    0.200 | deliv   0.20 | blocked 26.3% | idle  0.2% | ent 0.477
  upd  671 | return    0.100 | deliv   0.10 | blocked 27.2% | idle  0.2% | ent 0.473
  upd  672 | return    0.100 | deliv   0.10 | blocked 27.9% | idle  0.2% | ent 0.517
  upd  673 | return    0.100 | deliv   0.10 | blocked 30.6% | idle  0.2% | ent 0.482
  upd  674 | return    0.100 | deliv   0.10 | blocked 29.3% | idle  0.1% | ent 0.458
  upd  675 | return    0.100 | deliv   0.10 | blocked 24.6% | idle  0.2% | ent 0.486
  upd  676 | return    0.000 | deliv   0.00 | blocked 31.0% | idle  0.2% | ent 0.545
  upd  677 | return    0.400 | deliv   0.40 | blocked 26.7% | idle  0.2% | ent 0.521
  upd  678 | return    0.000 | deliv   0.00 | blocked 30.6% | idle  0.2% | ent 0.475
  upd  679 | return    0.300 | deliv   0.30 | blocked 25.0% | idle  0.3% | ent 0.537
  upd  680 | return    0.200 | deliv   0.20 | blocked 27.3% | idle  0.2% | ent 0.554
  upd  681 | return    0.000 | deliv   0.00 | blocked 27.5% | idle  0.2% | ent 0.490
  upd  682 | return    0.000 | deliv   0.00 | blocked 24.1% | idle  0.2% | ent 0.536
  upd  683 | return    0.200 | deliv   0.20 | blocked 31.2% | idle  0.2% | ent 0.499
  upd  684 | return    0.100 | deliv   0.10 | blocked 26.0% | idle  0.2% | ent 0.495
  upd  685 | return    0.000 | deliv   0.00 | blocked 27.5% | idle  0.2% | ent 0.546
  upd  686 | return    0.100 | deliv   0.10 | blocked 24.6% | idle  0.2% | ent 0.548
  upd  687 | return    0.200 | deliv   0.20 | blocked 24.2% | idle  0.2% | ent 0.559
  upd  688 | return    0.300 | deliv   0.30 | blocked 21.5% | idle  0.2% | ent 0.517
  upd  689 | return    0.200 | deliv   0.20 | blocked 27.3% | idle  0.2% | ent 0.577
  upd  690 | return    0.200 | deliv   0.20 | blocked 25.3% | idle  0.2% | ent 0.517
  upd  691 | return    0.400 | deliv   0.40 | blocked 24.3% | idle  0.2% | ent 0.530
  upd  692 | return    0.200 | deliv   0.20 | blocked 26.4% | idle  0.2% | ent 0.524
  upd  693 | return    0.000 | deliv   0.00 | blocked 27.3% | idle  0.2% | ent 0.516
  upd  694 | return    0.000 | deliv   0.00 | blocked 28.1% | idle  0.1% | ent 0.521
  upd  695 | return    0.200 | deliv   0.20 | blocked 25.0% | idle  0.1% | ent 0.513
  upd  696 | return    0.100 | deliv   0.10 | blocked 31.8% | idle  0.2% | ent 0.542
  upd  697 | return    0.300 | deliv   0.30 | blocked 30.2% | idle  0.2% | ent 0.567
  upd  698 | return    0.000 | deliv   0.00 | blocked 33.2% | idle  0.2% | ent 0.484
  upd  699 | return    0.200 | deliv   0.20 | blocked 32.9% | idle  0.2% | ent 0.567
  upd  700 | return    0.100 | deliv   0.10 | blocked 31.7% | idle  0.2% | ent 0.568
  upd  701 | return    0.000 | deliv   0.00 | blocked 27.2% | idle  0.2% | ent 0.552
  upd  702 | return    0.000 | deliv   0.00 | blocked 34.3% | idle  0.2% | ent 0.533
  upd  703 | return    0.300 | deliv   0.30 | blocked 37.8% | idle  0.1% | ent 0.570
  upd  704 | return    0.000 | deliv   0.00 | blocked 41.2% | idle  0.2% | ent 0.551
  upd  705 | return    0.100 | deliv   0.10 | blocked 35.3% | idle  0.2% | ent 0.540
  upd  706 | return    0.100 | deliv   0.10 | blocked 36.6% | idle  0.2% | ent 0.558
  upd  707 | return    0.100 | deliv   0.10 | blocked 33.3% | idle  0.2% | ent 0.567
  upd  708 | return    0.200 | deliv   0.20 | blocked 37.0% | idle  0.2% | ent 0.492
  upd  709 | return    0.200 | deliv   0.20 | blocked 35.9% | idle  0.1% | ent 0.555
  upd  710 | return    0.100 | deliv   0.10 | blocked 27.8% | idle  0.2% | ent 0.559
  upd  711 | return    0.000 | deliv   0.00 | blocked 34.8% | idle  0.2% | ent 0.630
  upd  712 | return    0.000 | deliv   0.00 | blocked 34.5% | idle  0.2% | ent 0.591
  upd  713 | return    0.100 | deliv   0.10 | blocked 36.2% | idle  0.2% | ent 0.568
  upd  714 | return    0.000 | deliv   0.00 | blocked 34.6% | idle  0.2% | ent 0.550
  upd  715 | return    0.000 | deliv   0.00 | blocked 27.4% | idle  0.2% | ent 0.604
  upd  716 | return    0.100 | deliv   0.10 | blocked 30.5% | idle  0.1% | ent 0.585
  upd  717 | return    0.000 | deliv   0.00 | blocked 31.6% | idle  0.2% | ent 0.601
  upd  718 | return    0.200 | deliv   0.20 | blocked 32.5% | idle  0.2% | ent 0.560
  upd  719 | return    0.200 | deliv   0.20 | blocked 29.7% | idle  0.2% | ent 0.561
  upd  720 | return    0.100 | deliv   0.10 | blocked 28.2% | idle  0.2% | ent 0.629
  upd  721 | return    0.300 | deliv   0.30 | blocked 32.2% | idle  0.2% | ent 0.568
  upd  722 | return    0.100 | deliv   0.10 | blocked 26.9% | idle  0.2% | ent 0.543
  upd  723 | return    0.100 | deliv   0.10 | blocked 26.2% | idle  0.2% | ent 0.568
  upd  724 | return    0.200 | deliv   0.20 | blocked 30.4% | idle  0.2% | ent 0.604
  upd  725 | return    0.100 | deliv   0.10 | blocked 33.7% | idle  0.2% | ent 0.608
  upd  726 | return    0.000 | deliv   0.00 | blocked 31.4% | idle  0.1% | ent 0.561
  upd  727 | return    0.200 | deliv   0.20 | blocked 31.4% | idle  0.2% | ent 0.566
  upd  728 | return    0.100 | deliv   0.10 | blocked 29.2% | idle  0.1% | ent 0.568
  upd  729 | return    0.100 | deliv   0.10 | blocked 28.8% | idle  0.3% | ent 0.639
  upd  730 | return    0.100 | deliv   0.10 | blocked 25.9% | idle  0.2% | ent 0.648
  upd  731 | return    0.100 | deliv   0.10 | blocked 23.9% | idle  0.2% | ent 0.552
  upd  732 | return    0.200 | deliv   0.20 | blocked 28.2% | idle  0.2% | ent 0.555
  upd  733 | return    0.000 | deliv   0.00 | blocked 29.7% | idle  0.2% | ent 0.540
  upd  734 | return    0.100 | deliv   0.10 | blocked 25.2% | idle  0.2% | ent 0.575
  upd  735 | return    0.100 | deliv   0.10 | blocked 29.4% | idle  0.2% | ent 0.560
  upd  736 | return    0.100 | deliv   0.10 | blocked 29.7% | idle  0.2% | ent 0.621
  upd  737 | return    0.100 | deliv   0.10 | blocked 26.9% | idle  0.2% | ent 0.575
  upd  738 | return    0.300 | deliv   0.30 | blocked 30.9% | idle  0.2% | ent 0.569
  upd  739 | return    0.100 | deliv   0.10 | blocked 30.4% | idle  0.2% | ent 0.562
  upd  740 | return    0.200 | deliv   0.20 | blocked 28.0% | idle  0.2% | ent 0.516
  upd  741 | return    0.000 | deliv   0.00 | blocked 28.7% | idle  0.2% | ent 0.598
  upd  742 | return    0.000 | deliv   0.00 | blocked 29.5% | idle  0.3% | ent 0.557
  upd  743 | return    0.100 | deliv   0.10 | blocked 22.2% | idle  0.2% | ent 0.507
  upd  744 | return    0.200 | deliv   0.20 | blocked 27.5% | idle  0.2% | ent 0.591
  upd  745 | return    0.000 | deliv   0.00 | blocked 28.8% | idle  0.2% | ent 0.518
  upd  746 | return    0.000 | deliv   0.00 | blocked 30.0% | idle  0.2% | ent 0.561
  upd  747 | return    0.000 | deliv   0.00 | blocked 26.2% | idle  0.1% | ent 0.502
  upd  748 | return    0.000 | deliv   0.00 | blocked 24.5% | idle  0.2% | ent 0.591
  upd  749 | return    0.100 | deliv   0.10 | blocked 27.9% | idle  0.2% | ent 0.529
  upd  750 | return    0.000 | deliv   0.00 | blocked 31.6% | idle  0.2% | ent 0.530
  upd  751 | return    0.200 | deliv   0.20 | blocked 33.7% | idle  0.2% | ent 0.550
  upd  752 | return    0.100 | deliv   0.10 | blocked 36.1% | idle  0.2% | ent 0.543
  upd  753 | return    0.100 | deliv   0.10 | blocked 33.9% | idle  0.2% | ent 0.592
  upd  754 | return    0.100 | deliv   0.10 | blocked 24.9% | idle  0.1% | ent 0.512
  upd  755 | return    0.100 | deliv   0.10 | blocked 31.0% | idle  0.2% | ent 0.569
  upd  756 | return    0.000 | deliv   0.00 | blocked 25.7% | idle  0.2% | ent 0.520
  upd  757 | return    0.500 | deliv   0.50 | blocked 36.0% | idle  0.2% | ent 0.533
  upd  758 | return    0.200 | deliv   0.20 | blocked 24.2% | idle  0.2% | ent 0.556
  upd  759 | return    0.000 | deliv   0.00 | blocked 31.2% | idle  0.2% | ent 0.519
  upd  760 | return    0.100 | deliv   0.10 | blocked 35.2% | idle  0.2% | ent 0.578
  upd  761 | return    0.200 | deliv   0.20 | blocked 31.5% | idle  0.2% | ent 0.536
  upd  762 | return    0.000 | deliv   0.00 | blocked 32.5% | idle  0.2% | ent 0.564
  upd  763 | return    0.000 | deliv   0.00 | blocked 33.2% | idle  0.2% | ent 0.517
  upd  764 | return    0.000 | deliv   0.00 | blocked 33.7% | idle  0.2% | ent 0.551
  upd  765 | return    0.000 | deliv   0.00 | blocked 35.3% | idle  0.2% | ent 0.545
  upd  766 | return    0.200 | deliv   0.20 | blocked 31.1% | idle  0.2% | ent 0.552
  upd  767 | return    0.000 | deliv   0.00 | blocked 38.0% | idle  0.2% | ent 0.595
  upd  768 | return    0.100 | deliv   0.10 | blocked 38.3% | idle  0.1% | ent 0.536
  upd  769 | return    0.000 | deliv   0.00 | blocked 38.2% | idle  0.2% | ent 0.525
  upd  770 | return    0.000 | deliv   0.00 | blocked 39.1% | idle  0.2% | ent 0.544
  upd  771 | return    0.000 | deliv   0.00 | blocked 41.5% | idle  0.2% | ent 0.499
  upd  772 | return    0.000 | deliv   0.00 | blocked 40.4% | idle  0.2% | ent 0.476
  upd  773 | return    0.100 | deliv   0.10 | blocked 38.2% | idle  0.1% | ent 0.487
  upd  774 | return    0.300 | deliv   0.30 | blocked 39.4% | idle  0.1% | ent 0.426
  upd  775 | return    0.200 | deliv   0.20 | blocked 37.6% | idle  0.1% | ent 0.480
  upd  776 | return    0.100 | deliv   0.10 | blocked 44.2% | idle  0.1% | ent 0.399
  upd  777 | return    0.200 | deliv   0.20 | blocked 46.5% | idle  0.2% | ent 0.444
  upd  778 | return    0.100 | deliv   0.10 | blocked 47.2% | idle  0.1% | ent 0.430
  upd  779 | return    0.100 | deliv   0.10 | blocked 52.2% | idle  0.2% | ent 0.396
  upd  780 | return    0.200 | deliv   0.20 | blocked 47.0% | idle  0.1% | ent 0.336
  upd  781 | return    0.100 | deliv   0.10 | blocked 47.8% | idle  0.1% | ent 0.361
  upd  782 | return    0.200 | deliv   0.20 | blocked 51.9% | idle  0.1% | ent 0.324
  upd  783 | return    0.300 | deliv   0.30 | blocked 55.0% | idle  0.2% | ent 0.354
  upd  784 | return    0.000 | deliv   0.00 | blocked 51.7% | idle  0.1% | ent 0.268
  upd  785 | return    0.100 | deliv   0.10 | blocked 46.1% | idle  0.1% | ent 0.329
  upd  786 | return    0.300 | deliv   0.30 | blocked 53.3% | idle  0.2% | ent 0.316
  upd  787 | return    0.000 | deliv   0.00 | blocked 51.5% | idle  0.1% | ent 0.298
  upd  788 | return    0.000 | deliv   0.00 | blocked 58.2% | idle  0.1% | ent 0.253
  upd  789 | return    0.200 | deliv   0.20 | blocked 52.2% | idle  0.1% | ent 0.282
  upd  790 | return    0.200 | deliv   0.20 | blocked 55.5% | idle  0.1% | ent 0.285
  upd  791 | return    0.200 | deliv   0.20 | blocked 54.9% | idle  0.2% | ent 0.298
  upd  792 | return    0.100 | deliv   0.10 | blocked 51.6% | idle  0.1% | ent 0.299
  upd  793 | return    0.200 | deliv   0.20 | blocked 58.3% | idle  0.1% | ent 0.256
  upd  794 | return    0.100 | deliv   0.10 | blocked 56.5% | idle  0.2% | ent 0.261
  upd  795 | return    0.200 | deliv   0.20 | blocked 52.2% | idle  0.1% | ent 0.286
  upd  796 | return    0.100 | deliv   0.10 | blocked 59.4% | idle  0.2% | ent 0.304
  upd  797 | return    0.000 | deliv   0.00 | blocked 58.0% | idle  0.2% | ent 0.294
  upd  798 | return    0.300 | deliv   0.30 | blocked 56.2% | idle  0.2% | ent 0.255
  upd  799 | return    0.000 | deliv   0.00 | blocked 58.0% | idle  0.2% | ent 0.268
  upd  800 | return    0.300 | deliv   0.30 | blocked 55.9% | idle  0.1% | ent 0.275
  upd  801 | return    0.000 | deliv   0.00 | blocked 58.5% | idle  0.2% | ent 0.296
  upd  802 | return    0.000 | deliv   0.00 | blocked 54.5% | idle  0.1% | ent 0.261
  upd  803 | return    0.200 | deliv   0.20 | blocked 54.6% | idle  0.1% | ent 0.304
  upd  804 | return    0.000 | deliv   0.00 | blocked 53.8% | idle  0.2% | ent 0.291
  upd  805 | return    0.100 | deliv   0.10 | blocked 53.9% | idle  0.2% | ent 0.300
  upd  806 | return    0.000 | deliv   0.00 | blocked 60.3% | idle  0.1% | ent 0.268
  upd  807 | return    0.200 | deliv   0.20 | blocked 55.2% | idle  0.1% | ent 0.325
  upd  808 | return    0.100 | deliv   0.10 | blocked 53.7% | idle  0.2% | ent 0.299
  upd  809 | return    0.100 | deliv   0.10 | blocked 48.5% | idle  0.2% | ent 0.330
  upd  810 | return    0.100 | deliv   0.10 | blocked 55.2% | idle  0.1% | ent 0.319
  upd  811 | return    0.100 | deliv   0.10 | blocked 50.4% | idle  0.1% | ent 0.322
  upd  812 | return    0.300 | deliv   0.30 | blocked 53.3% | idle  0.2% | ent 0.327
  upd  813 | return    0.000 | deliv   0.00 | blocked 46.7% | idle  0.2% | ent 0.371
  upd  814 | return    0.100 | deliv   0.10 | blocked 49.3% | idle  0.1% | ent 0.348
  upd  815 | return    0.000 | deliv   0.00 | blocked 48.5% | idle  0.1% | ent 0.300
  upd  816 | return    0.300 | deliv   0.30 | blocked 52.8% | idle  0.1% | ent 0.356
  upd  817 | return    0.000 | deliv   0.00 | blocked 53.3% | idle  0.1% | ent 0.315
  upd  818 | return    0.100 | deliv   0.10 | blocked 51.4% | idle  0.2% | ent 0.369
  upd  819 | return    0.200 | deliv   0.20 | blocked 50.8% | idle  0.2% | ent 0.332
  upd  820 | return    0.100 | deliv   0.10 | blocked 47.6% | idle  0.2% | ent 0.349
  upd  821 | return    0.200 | deliv   0.20 | blocked 50.3% | idle  0.1% | ent 0.364
  upd  822 | return    0.200 | deliv   0.20 | blocked 53.8% | idle  0.1% | ent 0.310
  upd  823 | return    0.000 | deliv   0.00 | blocked 55.1% | idle  0.1% | ent 0.325
  upd  824 | return    0.000 | deliv   0.00 | blocked 49.9% | idle  0.2% | ent 0.363
  upd  825 | return    0.000 | deliv   0.00 | blocked 56.7% | idle  0.2% | ent 0.340
  upd  826 | return    0.000 | deliv   0.00 | blocked 45.6% | idle  0.2% | ent 0.353
  upd  827 | return    0.000 | deliv   0.00 | blocked 45.5% | idle  0.2% | ent 0.385
  upd  828 | return    0.500 | deliv   0.50 | blocked 43.8% | idle  0.2% | ent 0.386
  upd  829 | return    0.100 | deliv   0.10 | blocked 40.4% | idle  0.1% | ent 0.387
  upd  830 | return    0.100 | deliv   0.10 | blocked 49.9% | idle  0.2% | ent 0.383
  upd  831 | return    0.200 | deliv   0.20 | blocked 43.4% | idle  0.1% | ent 0.376
  upd  832 | return    0.100 | deliv   0.10 | blocked 40.8% | idle  0.1% | ent 0.402
  upd  833 | return    0.100 | deliv   0.10 | blocked 40.8% | idle  0.1% | ent 0.349
  upd  834 | return    0.100 | deliv   0.10 | blocked 33.3% | idle  0.1% | ent 0.438
  upd  835 | return    0.200 | deliv   0.20 | blocked 33.9% | idle  0.1% | ent 0.400
  upd  836 | return    0.000 | deliv   0.00 | blocked 43.3% | idle  0.2% | ent 0.426
  upd  837 | return    0.200 | deliv   0.20 | blocked 39.6% | idle  0.2% | ent 0.439
  upd  838 | return    0.100 | deliv   0.10 | blocked 32.5% | idle  0.2% | ent 0.411
  upd  839 | return    0.200 | deliv   0.20 | blocked 35.2% | idle  0.2% | ent 0.465
  upd  840 | return    0.000 | deliv   0.00 | blocked 35.9% | idle  0.1% | ent 0.418
  upd  841 | return    0.100 | deliv   0.10 | blocked 32.3% | idle  0.2% | ent 0.480
  upd  842 | return    0.000 | deliv   0.00 | blocked 31.3% | idle  0.1% | ent 0.459
  upd  843 | return    0.400 | deliv   0.40 | blocked 31.7% | idle  0.2% | ent 0.515
  upd  844 | return    0.100 | deliv   0.10 | blocked 38.2% | idle  0.2% | ent 0.440
  upd  845 | return    0.100 | deliv   0.10 | blocked 28.8% | idle  0.1% | ent 0.459
  upd  846 | return    0.200 | deliv   0.20 | blocked 33.3% | idle  0.1% | ent 0.455
  upd  847 | return    0.100 | deliv   0.10 | blocked 36.2% | idle  0.1% | ent 0.426
  upd  848 | return    0.200 | deliv   0.20 | blocked 34.3% | idle  0.1% | ent 0.490
  upd  849 | return    0.000 | deliv   0.00 | blocked 30.9% | idle  0.1% | ent 0.414
  upd  850 | return    0.300 | deliv   0.30 | blocked 31.9% | idle  0.2% | ent 0.466
  upd  851 | return    0.200 | deliv   0.20 | blocked 31.9% | idle  0.1% | ent 0.481
  upd  852 | return    0.000 | deliv   0.00 | blocked 35.5% | idle  0.1% | ent 0.415
  upd  853 | return    0.200 | deliv   0.20 | blocked 40.3% | idle  0.2% | ent 0.453
  upd  854 | return    0.100 | deliv   0.10 | blocked 36.3% | idle  0.1% | ent 0.429
  upd  855 | return    0.100 | deliv   0.10 | blocked 32.9% | idle  0.2% | ent 0.478
  upd  856 | return    0.100 | deliv   0.10 | blocked 37.0% | idle  0.1% | ent 0.430
  upd  857 | return    0.100 | deliv   0.10 | blocked 37.3% | idle  0.1% | ent 0.418
  upd  858 | return    0.200 | deliv   0.20 | blocked 33.3% | idle  0.1% | ent 0.420
  upd  859 | return    0.300 | deliv   0.30 | blocked 36.8% | idle  0.1% | ent 0.396
  upd  860 | return    0.200 | deliv   0.20 | blocked 30.4% | idle  0.2% | ent 0.478
  upd  861 | return    0.100 | deliv   0.10 | blocked 34.1% | idle  0.1% | ent 0.407
  upd  862 | return    0.000 | deliv   0.00 | blocked 37.3% | idle  0.2% | ent 0.423
  upd  863 | return    0.200 | deliv   0.20 | blocked 34.7% | idle  0.1% | ent 0.379
  upd  864 | return    0.100 | deliv   0.10 | blocked 29.5% | idle  0.1% | ent 0.430
  upd  865 | return    0.300 | deliv   0.30 | blocked 25.9% | idle  0.1% | ent 0.393
  upd  866 | return    0.000 | deliv   0.00 | blocked 32.3% | idle  0.1% | ent 0.463
  upd  867 | return    0.000 | deliv   0.00 | blocked 32.6% | idle  0.1% | ent 0.428
  upd  868 | return    0.100 | deliv   0.10 | blocked 34.4% | idle  0.1% | ent 0.451
  upd  869 | return    0.000 | deliv   0.00 | blocked 27.3% | idle  0.2% | ent 0.401
  upd  870 | return    0.200 | deliv   0.20 | blocked 32.7% | idle  0.1% | ent 0.484
  upd  871 | return    0.200 | deliv   0.20 | blocked 31.6% | idle  0.2% | ent 0.440
  upd  872 | return    0.100 | deliv   0.10 | blocked 32.4% | idle  0.2% | ent 0.438
  upd  873 | return    0.100 | deliv   0.10 | blocked 26.8% | idle  0.2% | ent 0.442
  upd  874 | return    0.100 | deliv   0.10 | blocked 25.8% | idle  0.1% | ent 0.440
  upd  875 | return    0.300 | deliv   0.30 | blocked 28.6% | idle  0.1% | ent 0.366
  upd  876 | return    0.000 | deliv   0.00 | blocked 25.2% | idle  0.1% | ent 0.490
  upd  877 | return    0.100 | deliv   0.10 | blocked 26.1% | idle  0.1% | ent 0.413
  upd  878 | return    0.000 | deliv   0.00 | blocked 28.7% | idle  0.1% | ent 0.420
  upd  879 | return    0.000 | deliv   0.00 | blocked 25.5% | idle  0.1% | ent 0.430
  upd  880 | return    0.200 | deliv   0.20 | blocked 30.4% | idle  0.1% | ent 0.416
  upd  881 | return    0.300 | deliv   0.30 | blocked 25.5% | idle  0.1% | ent 0.454
  upd  882 | return    0.100 | deliv   0.10 | blocked 31.3% | idle  0.1% | ent 0.431
  upd  883 | return    0.200 | deliv   0.20 | blocked 20.8% | idle  0.1% | ent 0.465
  upd  884 | return    0.100 | deliv   0.10 | blocked 32.0% | idle  0.1% | ent 0.410
  upd  885 | return    0.000 | deliv   0.00 | blocked 28.4% | idle  0.1% | ent 0.426
  upd  886 | return    0.100 | deliv   0.10 | blocked 23.7% | idle  0.1% | ent 0.429
  upd  887 | return    0.100 | deliv   0.10 | blocked 24.9% | idle  0.1% | ent 0.385
  upd  888 | return    0.200 | deliv   0.20 | blocked 24.1% | idle  0.1% | ent 0.442
  upd  889 | return    0.200 | deliv   0.20 | blocked 25.5% | idle  0.1% | ent 0.378
  upd  890 | return    0.100 | deliv   0.10 | blocked 21.1% | idle  0.1% | ent 0.405
  upd  891 | return    0.100 | deliv   0.10 | blocked 28.8% | idle  0.1% | ent 0.444
  upd  892 | return    0.000 | deliv   0.00 | blocked 21.0% | idle  0.1% | ent 0.421
  upd  893 | return    0.100 | deliv   0.10 | blocked 22.1% | idle  0.0% | ent 0.401
  upd  894 | return    0.000 | deliv   0.00 | blocked 32.2% | idle  0.1% | ent 0.418
  upd  895 | return    0.400 | deliv   0.40 | blocked 30.2% | idle  0.1% | ent 0.420
  upd  896 | return    0.000 | deliv   0.00 | blocked 22.3% | idle  0.1% | ent 0.388
  upd  897 | return    0.000 | deliv   0.00 | blocked 27.5% | idle  0.1% | ent 0.368
  upd  898 | return    0.300 | deliv   0.30 | blocked 29.4% | idle  0.1% | ent 0.424
  upd  899 | return    0.000 | deliv   0.00 | blocked 25.5% | idle  0.1% | ent 0.441
  upd  900 | return    0.000 | deliv   0.00 | blocked 28.1% | idle  0.1% | ent 0.470
  upd  901 | return    0.100 | deliv   0.10 | blocked 28.9% | idle  0.1% | ent 0.451
  upd  902 | return    0.500 | deliv   0.50 | blocked 23.6% | idle  0.1% | ent 0.446
  upd  903 | return    0.100 | deliv   0.10 | blocked 26.7% | idle  0.2% | ent 0.405
  upd  904 | return    0.100 | deliv   0.10 | blocked 26.2% | idle  0.1% | ent 0.421
  upd  905 | return    0.200 | deliv   0.20 | blocked 24.8% | idle  0.1% | ent 0.441
  upd  906 | return    0.200 | deliv   0.20 | blocked 23.0% | idle  0.1% | ent 0.466
  upd  907 | return    0.000 | deliv   0.00 | blocked 25.1% | idle  0.1% | ent 0.480
  upd  908 | return    0.300 | deliv   0.30 | blocked 20.3% | idle  0.1% | ent 0.468
  upd  909 | return    0.100 | deliv   0.10 | blocked 24.7% | idle  0.1% | ent 0.472
  upd  910 | return    0.100 | deliv   0.10 | blocked 23.7% | idle  0.1% | ent 0.428
  upd  911 | return    0.100 | deliv   0.10 | blocked 22.8% | idle  0.2% | ent 0.450
  upd  912 | return    0.000 | deliv   0.00 | blocked 26.2% | idle  0.1% | ent 0.504
  upd  913 | return    0.100 | deliv   0.10 | blocked 22.0% | idle  0.1% | ent 0.481
  upd  914 | return    0.300 | deliv   0.30 | blocked 20.0% | idle  0.1% | ent 0.439
  upd  915 | return    0.500 | deliv   0.50 | blocked 18.2% | idle  0.1% | ent 0.467
  upd  916 | return    0.100 | deliv   0.10 | blocked 22.1% | idle  0.1% | ent 0.454
  upd  917 | return    0.000 | deliv   0.00 | blocked 22.9% | idle  0.1% | ent 0.490
  upd  918 | return    0.100 | deliv   0.10 | blocked 19.3% | idle  0.1% | ent 0.488
  upd  919 | return    0.100 | deliv   0.10 | blocked 21.0% | idle  0.2% | ent 0.515
  upd  920 | return    0.100 | deliv   0.10 | blocked 19.5% | idle  0.1% | ent 0.526
  upd  921 | return    0.300 | deliv   0.30 | blocked 19.8% | idle  0.1% | ent 0.509
  upd  922 | return    0.200 | deliv   0.20 | blocked 22.8% | idle  0.1% | ent 0.452
  upd  923 | return    0.000 | deliv   0.00 | blocked 19.1% | idle  0.1% | ent 0.495
  upd  924 | return    0.300 | deliv   0.30 | blocked 18.8% | idle  0.1% | ent 0.425
  upd  925 | return    0.300 | deliv   0.30 | blocked 19.1% | idle  0.2% | ent 0.497
  upd  926 | return    0.200 | deliv   0.20 | blocked 20.6% | idle  0.1% | ent 0.461
  upd  927 | return    0.100 | deliv   0.10 | blocked 19.6% | idle  0.1% | ent 0.412
  upd  928 | return    0.100 | deliv   0.10 | blocked 24.3% | idle  0.1% | ent 0.456
  upd  929 | return    0.100 | deliv   0.10 | blocked 24.2% | idle  0.1% | ent 0.472
  upd  930 | return    0.000 | deliv   0.00 | blocked 22.8% | idle  0.1% | ent 0.436
  upd  931 | return    0.000 | deliv   0.00 | blocked 21.5% | idle  0.1% | ent 0.421
  upd  932 | return    0.100 | deliv   0.10 | blocked 26.0% | idle  0.1% | ent 0.456
  upd  933 | return    0.000 | deliv   0.00 | blocked 24.9% | idle  0.1% | ent 0.421
  upd  934 | return    0.000 | deliv   0.00 | blocked 28.2% | idle  0.1% | ent 0.404
  upd  935 | return    0.200 | deliv   0.20 | blocked 22.0% | idle  0.1% | ent 0.423
  upd  936 | return    0.200 | deliv   0.20 | blocked 28.8% | idle  0.1% | ent 0.388
  upd  937 | return    0.000 | deliv   0.00 | blocked 26.9% | idle  0.1% | ent 0.442
  upd  938 | return    0.200 | deliv   0.20 | blocked 27.0% | idle  0.1% | ent 0.406
  upd  939 | return    0.100 | deliv   0.10 | blocked 25.2% | idle  0.1% | ent 0.408
  upd  940 | return    0.200 | deliv   0.20 | blocked 31.4% | idle  0.2% | ent 0.417
  upd  941 | return    0.100 | deliv   0.10 | blocked 24.5% | idle  0.1% | ent 0.456
  upd  942 | return    0.000 | deliv   0.00 | blocked 29.6% | idle  0.1% | ent 0.408
  upd  943 | return    0.000 | deliv   0.00 | blocked 24.2% | idle  0.1% | ent 0.414
  upd  944 | return    0.200 | deliv   0.20 | blocked 25.4% | idle  0.1% | ent 0.411
  upd  945 | return    0.200 | deliv   0.20 | blocked 28.5% | idle  0.1% | ent 0.448
  upd  946 | return    0.000 | deliv   0.00 | blocked 28.1% | idle  0.1% | ent 0.469
  upd  947 | return    0.000 | deliv   0.00 | blocked 28.1% | idle  0.1% | ent 0.475
  upd  948 | return    0.200 | deliv   0.20 | blocked 25.6% | idle  0.2% | ent 0.481
  upd  949 | return    0.000 | deliv   0.00 | blocked 20.4% | idle  0.1% | ent 0.419
  upd  950 | return    0.000 | deliv   0.00 | blocked 25.3% | idle  0.1% | ent 0.466
  upd  951 | return    0.100 | deliv   0.10 | blocked 25.0% | idle  0.1% | ent 0.433
  upd  952 | return    0.300 | deliv   0.30 | blocked 20.8% | idle  0.1% | ent 0.413
  upd  953 | return    0.000 | deliv   0.00 | blocked 24.3% | idle  0.1% | ent 0.535
  upd  954 | return    0.000 | deliv   0.00 | blocked 26.4% | idle  0.1% | ent 0.512
  upd  955 | return    0.100 | deliv   0.10 | blocked 22.3% | idle  0.1% | ent 0.489
  upd  956 | return    0.100 | deliv   0.10 | blocked 22.6% | idle  0.1% | ent 0.479
  upd  957 | return    0.000 | deliv   0.00 | blocked 16.7% | idle  0.2% | ent 0.476
  upd  958 | return    0.100 | deliv   0.10 | blocked 16.8% | idle  0.1% | ent 0.478
  upd  959 | return    0.400 | deliv   0.40 | blocked 11.3% | idle  0.1% | ent 0.474
  upd  960 | return    0.200 | deliv   0.20 | blocked  9.2% | idle  0.1% | ent 0.503
  upd  961 | return    0.000 | deliv   0.00 | blocked  9.1% | idle  0.1% | ent 0.460
  upd  962 | return    0.200 | deliv   0.20 | blocked  5.6% | idle  0.1% | ent 0.476
  upd  963 | return    0.100 | deliv   0.10 | blocked  4.5% | idle  0.1% | ent 0.464
  upd  964 | return    0.100 | deliv   0.10 | blocked  5.6% | idle  0.1% | ent 0.406
  upd  965 | return    0.000 | deliv   0.00 | blocked  5.7% | idle  0.1% | ent 0.447
  upd  966 | return    0.100 | deliv   0.10 | blocked  2.1% | idle  0.1% | ent 0.393
  upd  967 | return    0.100 | deliv   0.10 | blocked  7.4% | idle  0.1% | ent 0.419
  upd  968 | return    0.100 | deliv   0.10 | blocked  5.8% | idle  0.1% | ent 0.394
  upd  969 | return    0.100 | deliv   0.10 | blocked  5.8% | idle  0.1% | ent 0.404
  upd  970 | return    0.000 | deliv   0.00 | blocked  6.7% | idle  0.1% | ent 0.388
  upd  971 | return    0.100 | deliv   0.10 | blocked  5.0% | idle  0.1% | ent 0.417
  upd  972 | return    0.100 | deliv   0.10 | blocked  7.3% | idle  0.1% | ent 0.422
  upd  973 | return    0.000 | deliv   0.00 | blocked  5.5% | idle  0.1% | ent 0.372
  upd  974 | return    0.000 | deliv   0.00 | blocked  5.1% | idle  0.1% | ent 0.404
  upd  975 | return    0.000 | deliv   0.00 | blocked  4.1% | idle  0.1% | ent 0.381
  upd  976 | return    0.100 | deliv   0.10 | blocked  5.8% | idle  0.1% | ent 0.413
  upd  977 | return    0.300 | deliv   0.30 | blocked  8.5% | idle  0.1% | ent 0.404
  upd  978 | return    0.000 | deliv   0.00 | blocked  8.2% | idle  0.1% | ent 0.384
  upd  979 | return    0.000 | deliv   0.00 | blocked  8.1% | idle  0.1% | ent 0.379
  upd  980 | return    0.100 | deliv   0.10 | blocked  9.6% | idle  0.1% | ent 0.396
  upd  981 | return    0.000 | deliv   0.00 | blocked 10.2% | idle  0.1% | ent 0.372
  upd  982 | return    0.000 | deliv   0.00 | blocked 10.1% | idle  0.1% | ent 0.425
  upd  983 | return    0.000 | deliv   0.00 | blocked  8.6% | idle  0.1% | ent 0.370
  upd  984 | return    0.100 | deliv   0.10 | blocked 12.8% | idle  0.1% | ent 0.375
  upd  985 | return    0.000 | deliv   0.00 | blocked 13.1% | idle  0.1% | ent 0.382
  upd  986 | return    0.200 | deliv   0.20 | blocked 13.7% | idle  0.0% | ent 0.348
  upd  987 | return    0.000 | deliv   0.00 | blocked 15.3% | idle  0.1% | ent 0.364
  upd  988 | return    0.000 | deliv   0.00 | blocked 12.9% | idle  0.1% | ent 0.296
  upd  989 | return    0.000 | deliv   0.00 | blocked 14.8% | idle  0.1% | ent 0.392
  upd  990 | return    0.000 | deliv   0.00 | blocked 15.7% | idle  0.1% | ent 0.310
  upd  991 | return    0.000 | deliv   0.00 | blocked 18.5% | idle  0.1% | ent 0.363
  upd  992 | return    0.100 | deliv   0.10 | blocked 17.2% | idle  0.1% | ent 0.335
  upd  993 | return    0.000 | deliv   0.00 | blocked 18.1% | idle  0.0% | ent 0.293
  upd  994 | return    0.000 | deliv   0.00 | blocked 18.6% | idle  0.1% | ent 0.323
  upd  995 | return    0.000 | deliv   0.00 | blocked 18.0% | idle  0.1% | ent 0.347
  upd  996 | return    0.000 | deliv   0.00 | blocked 17.4% | idle  0.1% | ent 0.361
  upd  997 | return    0.000 | deliv   0.00 | blocked 19.5% | idle  0.1% | ent 0.313
  upd  998 | return    0.000 | deliv   0.00 | blocked 17.6% | idle  0.1% | ent 0.342
  upd  999 | return    0.000 | deliv   0.00 | blocked 21.8% | idle  0.1% | ent 0.335

ran 1000 updates (5,000,000 env steps) in 105.5s  (47,385 steps/s)
checkpoints -> runs/seac_fc_lam1_seed2/checkpoints  (latest=1000, best=900)   metrics -> runs/seac_fc_lam1_seed2/results.csv
